Starting load test with 2 video publishers, 2 subscribers, room: vps-cap-02-1785983783-21661
publishing simulcast video track - adcgz_pub_1
publishing simulcast video track - adcgz_pub_0
Finished connecting to room, waiting 25s
subscribed to track adcgz_3 TR_VCn8V6igRTFdnX video 1/2
subscribed to track adcgz_2 TR_VCn8V6igRTFdnX video 1/2
subscribed to track adcgz_3 TR_VCCQEXeczA7k2Q video 2/2
subscribed to track adcgz_2 TR_VCCQEXeczA7k2Q video 2/2

Track loading:
┌────────┬───────────────────┬───────┬───────┬───────────┬───────────┐
│ Tester │ Track             │ Kind  │ Pkts. │ Bitrate   │ Pkt. Loss │
├────────┼───────────────────┼───────┼───────┼───────────┼───────────┤
│ Sub 0  │ TR_VCCQEXeczA7k2Q │ video │ 1018  │ 326.0kbps │ 0 (0%)    │
│        │ TR_VCn8V6igRTFdnX │ video │ 4716  │ 1.7mbps   │ 0 (0%)    │
│        │                   │       │       │           │           │
│ Sub 1  │ TR_VCCQEXeczA7k2Q │ video │ 1019  │ 324.8kbps │ 0 (0%)    │
│        │ TR_VCn8V6igRTFdnX │ video │ 4716  │ 1.7mbps   │ 0 (0%)    │
└────────┴───────────────────┴───────┴───────┴───────────┴───────────┘

Subscriber summaries:
┌────────┬────────┬───────────────────────┬─────────────────┬───────┐
│ Tester │ Tracks │ Bitrate               │ Total Pkt. Loss │ Error │
├────────┼────────┼───────────────────────┼─────────────────┼───────┤
│ Sub 0  │ 2/2    │ 2.0mbps               │ 0 (0%)          │ -     │
│ Sub 1  │ 2/2    │ 2.0mbps               │ 0 (0%)          │ -     │
│ Total  │ 4/4    │ 4.0mbps (2.0mbps avg) │ 0 (0%)          │ 0     │
└────────┴────────┴───────────────────────┴─────────────────┴───────┘
