Starting load test with 2 video publishers, 2 subscribers, room: vps-cap-03-1785983783-7030
publishing simulcast video track - otgyz_pub_0
publishing simulcast video track - otgyz_pub_1
Finished connecting to room, waiting 25s
subscribed to track otgyz_2 TR_VCHzUuwJCMzBP2 video 1/2
subscribed to track otgyz_2 TR_VCnHXwmQWRidTe video 2/2
subscribed to track otgyz_3 TR_VCnHXwmQWRidTe video 1/2
subscribed to track otgyz_3 TR_VCHzUuwJCMzBP2 video 2/2

Track loading:
┌────────┬───────────────────┬───────┬───────┬───────────┬───────────┐
│ Tester │ Track             │ Kind  │ Pkts. │ Bitrate   │ Pkt. Loss │
├────────┼───────────────────┼───────┼───────┼───────────┼───────────┤
│ Sub 0  │ TR_VCHzUuwJCMzBP2 │ video │ 4780  │ 1.7mbps   │ 0 (0%)    │
│        │ TR_VCnHXwmQWRidTe │ video │ 1025  │ 321.6kbps │ 0 (0%)    │
│        │                   │       │       │           │           │
│ Sub 1  │ TR_VCnHXwmQWRidTe │ video │ 3559  │ 1.2mbps   │ 0 (0%)    │
│        │ TR_VCHzUuwJCMzBP2 │ video │ 1344  │ 453.0kbps │ 0 (0%)    │
└────────┴───────────────────┴───────┴───────┴───────────┴───────────┘

Subscriber summaries:
┌────────┬────────┬───────────────────────┬─────────────────┬───────┐
│ Tester │ Tracks │ Bitrate               │ Total Pkt. Loss │ Error │
├────────┼────────┼───────────────────────┼─────────────────┼───────┤
│ Sub 0  │ 2/2    │ 2.0mbps               │ 0 (0%)          │ -     │
│ Sub 1  │ 2/2    │ 1.7mbps               │ 0 (0%)          │ -     │
│ Total  │ 4/4    │ 3.7mbps (1.9mbps avg) │ 0 (0%)          │ 0     │
└────────┴────────┴───────────────────────┴─────────────────┴───────┘
