Starting load test with 2 video publishers, 2 subscribers, room: vps-cap-01-1785983749-3134
publishing simulcast video track - zmqho_pub_0
publishing simulcast video track - zmqho_pub_1
Finished connecting to room, waiting 25s
subscribed to track zmqho_2 TR_VC4soFWqyUMP9K video 1/2
subscribed to track zmqho_3 TR_VC4soFWqyUMP9K video 1/2
subscribed to track zmqho_3 TR_VCHKGhSMPrZjm6 video 2/2
subscribed to track zmqho_2 TR_VCHKGhSMPrZjm6 video 2/2

Track loading:
┌────────┬───────────────────┬───────┬───────┬───────────┬────────────┐
│ Tester │ Track             │ Kind  │ Pkts. │ Bitrate   │ Pkt. Loss  │
├────────┼───────────────────┼───────┼───────┼───────────┼────────────┤
│ Sub 0  │ TR_VCHKGhSMPrZjm6 │ video │ 1342  │ 452.6kbps │ 0 (0%)     │
│        │ TR_VC4soFWqyUMP9K │ video │ 3503  │ 1.2mbps   │ 1 (0.029%) │
│        │                   │       │       │           │            │
│ Sub 1  │ TR_VCHKGhSMPrZjm6 │ video │ 1341  │ 452.0kbps │ 0 (0%)     │
│        │ TR_VC4soFWqyUMP9K │ video │ 3503  │ 1.2mbps   │ 1 (0.029%) │
└────────┴───────────────────┴───────┴───────┴───────────┴────────────┘

Subscriber summaries:
┌────────┬────────┬───────────────────────┬─────────────────┬───────┐
│ Tester │ Tracks │ Bitrate               │ Total Pkt. Loss │ Error │
├────────┼────────┼───────────────────────┼─────────────────┼───────┤
│ Sub 0  │ 2/2    │ 1.6mbps               │ 1 (0.021%)      │ -     │
│ Sub 1  │ 2/2    │ 1.6mbps               │ 1 (0.021%)      │ -     │
│ Total  │ 4/4    │ 3.3mbps (1.6mbps avg) │ 2 (0.021%)      │ 0     │
└────────┴────────┴───────────────────────┴─────────────────┴───────┘
