Starting load test with 2 video publishers, 2 subscribers, room: vps-cap-00-1785983783-10778
publishing simulcast video track - xjvld_pub_0
publishing simulcast video track - xjvld_pub_1
Finished connecting to room, waiting 25s
subscribed to track xjvld_2 TR_VCtxHajjqU4oSg video 1/2
subscribed to track xjvld_3 TR_VCtxHajjqU4oSg video 1/2
subscribed to track xjvld_3 TR_VCG6CHQMry3Pcz video 2/2
subscribed to track xjvld_2 TR_VCG6CHQMry3Pcz video 2/2

Track loading:
┌────────┬───────────────────┬───────┬───────┬───────────┬───────────┐
│ Tester │ Track             │ Kind  │ Pkts. │ Bitrate   │ Pkt. Loss │
├────────┼───────────────────┼───────┼───────┼───────────┼───────────┤
│ Sub 0  │ TR_VCtxHajjqU4oSg │ video │ 3562  │ 1.2mbps   │ 0 (0%)    │
│        │ TR_VCG6CHQMry3Pcz │ video │ 1339  │ 457.0kbps │ 0 (0%)    │
│        │                   │       │       │           │           │
│ Sub 1  │ TR_VCtxHajjqU4oSg │ video │ 3562  │ 1.2mbps   │ 0 (0%)    │
│        │ TR_VCG6CHQMry3Pcz │ video │ 1339  │ 454.0kbps │ 0 (0%)    │
└────────┴───────────────────┴───────┴───────┴───────────┴───────────┘

Subscriber summaries:
┌────────┬────────┬───────────────────────┬─────────────────┬───────┐
│ Tester │ Tracks │ Bitrate               │ Total Pkt. Loss │ Error │
├────────┼────────┼───────────────────────┼─────────────────┼───────┤
│ Sub 0  │ 2/2    │ 1.7mbps               │ 0 (0%)          │ -     │
│ Sub 1  │ 2/2    │ 1.7mbps               │ 0 (0%)          │ -     │
│ Total  │ 4/4    │ 3.4mbps (1.7mbps avg) │ 0 (0%)          │ 0     │
└────────┴────────┴───────────────────────┴─────────────────┴───────┘
