Starting load test with 2 video publishers, 2 subscribers, room: vps-cap-01-1785983783-20648
publishing simulcast video track - esskn_pub_1
publishing simulcast video track - esskn_pub_0
Finished connecting to room, waiting 25s
subscribed to track esskn_3 TR_VCUKkd8foCtGsq video 1/1
subscribed to track esskn_2 TR_VCUKkd8foCtGsq video 1/1
subscribed to track esskn_2 TR_VCK7yRb79Lvp3q video 2/2
subscribed to track esskn_3 TR_VCK7yRb79Lvp3q video 2/2

Track loading:
┌────────┬───────────────────┬───────┬───────┬───────────┬───────────┐
│ Tester │ Track             │ Kind  │ Pkts. │ Bitrate   │ Pkt. Loss │
├────────┼───────────────────┼───────┼───────┼───────────┼───────────┤
│ Sub 0  │ TR_VCK7yRb79Lvp3q │ video │ 1335  │ 454.8kbps │ 0 (0%)    │
│        │ TR_VCUKkd8foCtGsq │ video │ 3586  │ 1.2mbps   │ 0 (0%)    │
│        │                   │       │       │           │           │
│ Sub 1  │ TR_VCK7yRb79Lvp3q │ video │ 1335  │ 455.5kbps │ 0 (0%)    │
│        │ TR_VCUKkd8foCtGsq │ video │ 3587  │ 1.2mbps   │ 0 (0%)    │
└────────┴───────────────────┴───────┴───────┴───────────┴───────────┘

Subscriber summaries:
┌────────┬────────┬───────────────────────┬─────────────────┬───────┐
│ Tester │ Tracks │ Bitrate               │ Total Pkt. Loss │ Error │
├────────┼────────┼───────────────────────┼─────────────────┼───────┤
│ Sub 0  │ 2/2    │ 1.7mbps               │ 0 (0%)          │ -     │
│ Sub 1  │ 2/2    │ 1.7mbps               │ 0 (0%)          │ -     │
│ Total  │ 4/4    │ 3.4mbps (1.7mbps avg) │ 0 (0%)          │ 0     │
└────────┴────────┴───────────────────────┴─────────────────┴───────┘
