Starting load test with 2 video publishers, 2 subscribers, room: vps-cap-00-1785983749-28923
publishing simulcast video track - hpjum_pub_0
publishing simulcast video track - hpjum_pub_1
Finished connecting to room, waiting 25s
subscribed to track hpjum_2 TR_VCfjce7QbdLcBC video 1/2
subscribed to track hpjum_3 TR_VCkorc7Ur4XaF3 video 1/2
subscribed to track hpjum_3 TR_VCfjce7QbdLcBC video 2/2
subscribed to track hpjum_2 TR_VCkorc7Ur4XaF3 video 2/2

Track loading:
┌────────┬───────────────────┬───────┬───────┬───────────┬───────────┐
│ Tester │ Track             │ Kind  │ Pkts. │ Bitrate   │ Pkt. Loss │
├────────┼───────────────────┼───────┼───────┼───────────┼───────────┤
│ Sub 0  │ TR_VCkorc7Ur4XaF3 │ video │ 1342  │ 450.8kbps │ 0 (0%)    │
│        │ TR_VCfjce7QbdLcBC │ video │ 3575  │ 1.2mbps   │ 0 (0%)    │
│        │                   │       │       │           │           │
│ Sub 1  │ TR_VCfjce7QbdLcBC │ video │ 1027  │ 320.5kbps │ 0 (0%)    │
│        │ TR_VCkorc7Ur4XaF3 │ video │ 4781  │ 1.7mbps   │ 0 (0%)    │
└────────┴───────────────────┴───────┴───────┴───────────┴───────────┘

Subscriber summaries:
┌────────┬────────┬───────────────────────┬─────────────────┬───────┐
│ Tester │ Tracks │ Bitrate               │ Total Pkt. Loss │ Error │
├────────┼────────┼───────────────────────┼─────────────────┼───────┤
│ Sub 0  │ 2/2    │ 1.7mbps               │ 0 (0%)          │ -     │
│ Sub 1  │ 2/2    │ 2.0mbps               │ 0 (0%)          │ -     │
│ Total  │ 4/4    │ 3.7mbps (1.8mbps avg) │ 0 (0%)          │ 0     │
└────────┴────────┴───────────────────────┴─────────────────┴───────┘
