Starting load test with 2 video publishers, 2 subscribers, room: vps-cap-00-1785983715-4542
publishing simulcast video track - hners_pub_1
publishing simulcast video track - hners_pub_0
Finished connecting to room, waiting 25s
subscribed to track hners_2 TR_VChnbNB6pELHbZ video 1/2
subscribed to track hners_2 TR_VCoLYHMra9Mzj9 video 2/2
subscribed to track hners_3 TR_VChnbNB6pELHbZ video 1/2
subscribed to track hners_3 TR_VCoLYHMra9Mzj9 video 2/2

Track loading:
┌────────┬───────────────────┬───────┬───────┬───────────┬───────────┐
│ Tester │ Track             │ Kind  │ Pkts. │ Bitrate   │ Pkt. Loss │
├────────┼───────────────────┼───────┼───────┼───────────┼───────────┤
│ Sub 0  │ TR_VChnbNB6pELHbZ │ video │ 3569  │ 1.2mbps   │ 0 (0%)    │
│        │ TR_VCoLYHMra9Mzj9 │ video │ 1344  │ 448.1kbps │ 0 (0%)    │
│        │                   │       │       │           │           │
│ Sub 1  │ TR_VCoLYHMra9Mzj9 │ video │ 1343  │ 448.8kbps │ 0 (0%)    │
│        │ TR_VChnbNB6pELHbZ │ video │ 3569  │ 1.2mbps   │ 0 (0%)    │
└────────┴───────────────────┴───────┴───────┴───────────┴───────────┘

Subscriber summaries:
┌────────┬────────┬───────────────────────┬─────────────────┬───────┐
│ Tester │ Tracks │ Bitrate               │ Total Pkt. Loss │ Error │
├────────┼────────┼───────────────────────┼─────────────────┼───────┤
│ Sub 0  │ 2/2    │ 1.7mbps               │ 0 (0%)          │ -     │
│ Sub 1  │ 2/2    │ 1.7mbps               │ 0 (0%)          │ -     │
│ Total  │ 4/4    │ 3.3mbps (1.7mbps avg) │ 0 (0%)          │ 0     │
└────────┴────────┴───────────────────────┴─────────────────┴───────┘
