Starting load test with 2 video publishers, 2 subscribers, room: vps-cap-02-1785983749-24706
publishing simulcast video track - renna_pub_0
publishing simulcast video track - renna_pub_1
Finished connecting to room, waiting 25s
subscribed to track renna_3 TR_VCzRkd97T8Ezrv video 1/2
subscribed to track renna_2 TR_VCzRkd97T8Ezrv video 1/2
subscribed to track renna_3 TR_VCkAN4Fmb2TNG8 video 2/2
subscribed to track renna_2 TR_VCkAN4Fmb2TNG8 video 2/2

Track loading:
┌────────┬───────────────────┬───────┬───────┬───────────┬────────────┐
│ Tester │ Track             │ Kind  │ Pkts. │ Bitrate   │ Pkt. Loss  │
├────────┼───────────────────┼───────┼───────┼───────────┼────────────┤
│ Sub 0  │ TR_VCzRkd97T8Ezrv │ video │ 3476  │ 1.2mbps   │ 1 (0.029%) │
│        │ TR_VCkAN4Fmb2TNG8 │ video │ 1342  │ 452.0kbps │ 0 (0%)     │
│        │                   │       │       │           │            │
│ Sub 1  │ TR_VCkAN4Fmb2TNG8 │ video │ 1340  │ 451.1kbps │ 0 (0%)     │
│        │ TR_VCzRkd97T8Ezrv │ video │ 3477  │ 1.2mbps   │ 1 (0.029%) │
└────────┴───────────────────┴───────┴───────┴───────────┴────────────┘

Subscriber summaries:
┌────────┬────────┬───────────────────────┬─────────────────┬───────┐
│ Tester │ Tracks │ Bitrate               │ Total Pkt. Loss │ Error │
├────────┼────────┼───────────────────────┼─────────────────┼───────┤
│ Sub 0  │ 2/2    │ 1.6mbps               │ 1 (0.021%)      │ -     │
│ Sub 1  │ 2/2    │ 1.6mbps               │ 1 (0.021%)      │ -     │
│ Total  │ 4/4    │ 3.3mbps (1.6mbps avg) │ 2 (0.021%)      │ 0     │
└────────┴────────┴───────────────────────┴─────────────────┴───────┘
