Starting load test with 2 video publishers, 2 subscribers, room: vps-cap-04-1785983783-24715
publishing simulcast video track - aokro_pub_1
publishing simulcast video track - aokro_pub_0
Finished connecting to room, waiting 25s
subscribed to track aokro_3 TR_VCRTDXJXeReQsk video 1/2
subscribed to track aokro_2 TR_VCRTDXJXeReQsk video 1/2
subscribed to track aokro_3 TR_VCVaUJoLxyaEDi video 2/2
subscribed to track aokro_2 TR_VCVaUJoLxyaEDi video 2/2

Track loading:
┌────────┬───────────────────┬───────┬───────┬───────────┬───────────┐
│ Tester │ Track             │ Kind  │ Pkts. │ Bitrate   │ Pkt. Loss │
├────────┼───────────────────┼───────┼───────┼───────────┼───────────┤
│ Sub 0  │ TR_VCRTDXJXeReQsk │ video │ 3544  │ 1.2mbps   │ 0 (0%)    │
│        │ TR_VCVaUJoLxyaEDi │ video │ 1347  │ 455.6kbps │ 0 (0%)    │
│        │                   │       │       │           │           │
│ Sub 1  │ TR_VCRTDXJXeReQsk │ video │ 3544  │ 1.2mbps   │ 0 (0%)    │
│        │ TR_VCVaUJoLxyaEDi │ video │ 1348  │ 454.2kbps │ 0 (0%)    │
└────────┴───────────────────┴───────┴───────┴───────────┴───────────┘

Subscriber summaries:
┌────────┬────────┬───────────────────────┬─────────────────┬───────┐
│ Tester │ Tracks │ Bitrate               │ Total Pkt. Loss │ Error │
├────────┼────────┼───────────────────────┼─────────────────┼───────┤
│ Sub 0  │ 2/2    │ 1.7mbps               │ 0 (0%)          │ -     │
│ Sub 1  │ 2/2    │ 1.7mbps               │ 0 (0%)          │ -     │
│ Total  │ 4/4    │ 3.3mbps (1.7mbps avg) │ 0 (0%)          │ 0     │
└────────┴────────┴───────────────────────┴─────────────────┴───────┘
