\BOOKMARK [1][-]{section.1}{\376\377\000T\000h\000u\000\040\000n\000h\036\255\000n\000\040\000m\000e\000d\000i\000a\000\040\000v\000\340\000\040\000s\000i\000g\000n\000a\000l\000i\000n\000g}{}% 1
\BOOKMARK [2][-]{subsection.1.1}{\376\377\000C\000a\000m\000e\000r\000a\000\040\000v\000\340\000\040\000m\000i\000c\000r\000o\000p\000h\000o\000n\000e}{section.1}% 2
\BOOKMARK [2][-]{subsection.1.2}{\376\377\000R\000T\000C\000P\000e\000e\000r\000C\000o\000n\000n\000e\000c\000t\000i\000o\000n\000\040\000v\000\340\000\040\000S\000D\000P}{section.1}% 3
\BOOKMARK [2][-]{subsection.1.3}{\376\377\000V\000a\000i\000\040\000t\000r\000\362\000\040\000c\036\347\000a\000\040\000s\000i\000g\000n\000a\000l\000i\000n\000g}{section.1}% 4
\BOOKMARK [1][-]{section.2}{\376\377\000I\000C\000E\000,\000\040\000S\000T\000U\000N\000,\000\040\000T\000U\000R\000N\000\040\000v\000\340\000\040\000t\000o\000p\000o\000l\000o\000g\000y\000\040\000m\000e\000d\000i\000a}{}% 5
\BOOKMARK [2][-]{subsection.2.1}{\376\377\000N\000A\000T\000\040\000t\000r\000a\000v\000e\000r\000s\000a\000l}{section.2}% 6
\BOOKMARK [2][-]{subsection.2.2}{\376\377\000P\0002\000P\000\040\000v\000\340\000\040\000S\000F\000U}{section.2}% 7
\BOOKMARK [1][-]{section.3}{\376\377\000V\000\362\000n\000g\000\040\001\021\036\335\000i\000\040\000c\000u\036\331\000c\000\040\000g\036\315\000i\000\040\000t\000r\036\361\000c\000\040\000t\000i\036\277\000p}{}% 8
\BOOKMARK [2][-]{subsection.3.1}{\376\377\000R\000a\000n\000h\000\040\000g\000i\036\333\000i\000\040\000t\000r\000\341\000c\000h\000\040\000n\000h\000i\036\307\000m}{section.3}% 9
\BOOKMARK [2][-]{subsection.3.2}{\376\377\000S\000t\000a\000t\000e\000\040\000m\000a\000c\000h\000i\000n\000e\000\040\000v\000\340\000\040\000r\000a\000c\000e\000\040\000c\000o\000n\000d\000i\000t\000i\000o\000n}{section.3}% 10
\BOOKMARK [2][-]{subsection.3.3}{\376\377\000P\000r\000e\000s\000e\000n\000c\000e\000\040\000v\000\340\000\040\000n\000h\000i\036\301\000u\000\040\000s\000e\000s\000s\000i\000o\000n}{section.3}% 11
\BOOKMARK [1][-]{section.4}{\376\377\000S\000\340\000n\000g\000\040\000l\036\315\000c\000\040\000g\000i\036\243\000i\000\040\000p\000h\000\341\000p\000\040\000t\000r\000i\036\303\000n\000\040\000k\000h\000a\000i}{}% 12
\BOOKMARK [1][-]{section.5}{\376\377\000L\000i\000v\000e\000K\000i\000t\000\040\000v\000\340\000\040\000m\000e\000d\000i\000a\000s\000o\000u\000p}{}% 13
\BOOKMARK [2][-]{subsection.5.1}{\376\377\000L\000i\000v\000e\000K\000i\000t}{section.5}% 14
\BOOKMARK [2][-]{subsection.5.2}{\376\377\000m\000e\000d\000i\000a\000s\000o\000u\000p}{section.5}% 15
\BOOKMARK [1][-]{section.6}{\376\377\000J\000a\000n\000u\000s\000,\000\040\000J\000i\000t\000s\000i\000\040\000v\000\340\000\040\000R\000a\000w\000\040\000W\000e\000b\000R\000T\000C}{}% 16
\BOOKMARK [2][-]{subsection.6.1}{\376\377\000R\000a\000w\000\040\000W\000e\000b\000R\000T\000C\000\040\000k\036\277\000t\000\040\000h\036\343\000p\000\040\000c\000o\000t\000u\000r\000n}{section.6}% 17
\BOOKMARK [2][-]{subsection.6.2}{\376\377\000J\000a\000n\000u\000s}{section.6}% 18
\BOOKMARK [2][-]{subsection.6.3}{\376\377\000J\000i\000t\000s\000i\000\040\000M\000e\000e\000t}{section.6}% 19
\BOOKMARK [1][-]{section.7}{\376\377\000K\036\277\000t\000\040\000q\000u\036\243\000\040\000f\000e\000a\000s\000i\000b\000i\000l\000i\000t\000y\000\040\000P\000o\000C}{}% 20
\BOOKMARK [2][-]{subsection.7.1}{\376\377\000P\000h\036\241\000m\000\040\000v\000i\000\040\000t\000r\000i\036\303\000n\000\040\000k\000h\000a\000i}{section.7}% 21
\BOOKMARK [2][-]{subsection.7.2}{\376\377\000K\036\277\000t\000\040\000q\000u\036\243\000\040\000k\000i\036\303\000m\000\040\000t\000r\000a}{section.7}% 22
\BOOKMARK [2][-]{subsection.7.3}{\376\377\000M\036\351\000c\000\040\001\021\036\331\000\040\000k\000i\036\303\000m\000\040\000c\000h\036\351\000n\000g}{section.7}% 23
\BOOKMARK [1][-]{section.8}{\376\377\000K\000i\036\277\000n\000\040\000t\000r\000\372\000c\000\040\001\021\036\301\000\040\000x\000u\036\245\000t\000\040\000v\000\340\000\040\000k\036\277\000t\000\040\000l\000u\036\255\000n}{}% 24
\BOOKMARK [2][-]{subsection.8.1}{\376\377\000K\000i\036\277\000n\000\040\000t\000r\000\372\000c\000\040\000L\000i\000v\000e\000K\000i\000t\000\040\000s\000e\000l\000f\000-\000h\000o\000s\000t}{section.8}% 25
\BOOKMARK [2][-]{subsection.8.2}{\376\377\000C\000\341\000c\000\040\000b\001\260\036\333\000c\000\040\000k\000i\036\303\000m\000\040\000c\000h\036\351\000n\000g\000\040\000t\000i\036\277\000p\000\040\000t\000h\000e\000o}{section.8}% 26
\BOOKMARK [2][-]{subsection.8.3}{\376\377\000K\036\277\000t\000\040\000l\000u\036\255\000n}{section.8}% 27
