Starting load test with 2 video publishers, 2 subscribers, room: ceil-00-1785983954-18193
publishing simulcast video track - kvtbj_pub_1
publishing simulcast video track - kvtbj_pub_0
Finished connecting to room, waiting 30s
subscribed to track kvtbj_2 TR_VCW3M4zkQaxTj2 video 1/2
subscribed to track kvtbj_2 TR_VCY2QiupPpHSL4 video 2/2
subscribed to track kvtbj_3 TR_VCW3M4zkQaxTj2 video 1/2
subscribed to track kvtbj_3 TR_VCY2QiupPpHSL4 video 2/2

Track loading:
┌────────┬───────────────────┬───────┬───────┬───────────┬───────────┐
│ Tester │ Track             │ Kind  │ Pkts. │ Bitrate   │ Pkt. Loss │
├────────┼───────────────────┼───────┼───────┼───────────┼───────────┤
│ Sub 0  │ TR_VCW3M4zkQaxTj2 │ video │ 5912  │ 1.7mbps   │ 0 (0%)    │
│        │ TR_VCY2QiupPpHSL4 │ video │ 1120  │ 287.6kbps │ 0 (0%)    │
│        │                   │       │       │           │           │
│ Sub 1  │ TR_VCY2QiupPpHSL4 │ video │ 1120  │ 287.9kbps │ 0 (0%)    │
│        │ TR_VCW3M4zkQaxTj2 │ video │ 5912  │ 1.7mbps   │ 0 (0%)    │
└────────┴───────────────────┴───────┴───────┴───────────┴───────────┘

Subscriber summaries:
┌────────┬────────┬───────────────────────┬─────────────────┬───────┐
│ Tester │ Tracks │ Bitrate               │ Total Pkt. Loss │ Error │
├────────┼────────┼───────────────────────┼─────────────────┼───────┤
│ Sub 0  │ 2/2    │ 2.0mbps               │ 0 (0%)          │ -     │
│ Sub 1  │ 2/2    │ 2.0mbps               │ 0 (0%)          │ -     │
│ Total  │ 4/4    │ 4.1mbps (2.0mbps avg) │ 0 (0%)          │ 0     │
└────────┴────────┴───────────────────────┴─────────────────┴───────┘
