Starting load test with 2 video publishers, 2 subscribers, room: ceil-05-1785984266-28440
publishing simulcast video track - lygjk_pub_0
publishing simulcast video track - lygjk_pub_1
subscribed to track lygjk_2 TR_VCD9zoKQCDPqnQ video 1/2
subscribed to track lygjk_2 TR_VCQRM7curK8Mwu video 2/2
Finished connecting to room, waiting 30s

Track loading:
┌────────┬───────────────────┬───────┬───────┬───────────┬───────────┐
│ Tester │ Track             │ Kind  │ Pkts. │ Bitrate   │ Pkt. Loss │
├────────┼───────────────────┼───────┼───────┼───────────┼───────────┤
│ Sub 0  │ TR_VCD9zoKQCDPqnQ │ video │ 1790  │ 248.3kbps │ 0 (0%)    │
│        │ TR_VCQRM7curK8Mwu │ video │ 1118  │ 155.4kbps │ 0 (0%)    │
│        │                   │       │       │           │           │
└────────┴───────────────────┴───────┴───────┴───────────┴───────────┘

Subscriber summaries:
┌────────┬────────┬───────────────────────────┬─────────────────┬───────┐
│ Tester │ Tracks │ Bitrate                   │ Total Pkt. Loss │ Error │
├────────┼────────┼───────────────────────────┼─────────────────┼───────┤
│ Sub 0  │ 2/2    │ 403.3kbps                 │ 0 (0%)          │ -     │
│ Sub 1  │ 0/2    │ NaNmbps                   │  -              │ -     │
│ Total  │ 2/4    │ 403.3kbps (201.7kbps avg) │ 0 (0%)          │ 0     │
└────────┴────────┴───────────────────────────┴─────────────────┴───────┘
