Starting load test with 2 video publishers, 2 subscribers, room: ceil-02-1785984266-6208
publishing simulcast video track - qwfts_pub_0
publishing simulcast video track - qwfts_pub_1
Finished connecting to room, waiting 30s
subscribed to track qwfts_2 TR_VCpm6CfWTVDvq4 video 1/2
subscribed to track qwfts_3 TR_VCpm6CfWTVDvq4 video 1/2
subscribed to track qwfts_2 TR_VCkQmJKCVENKeE video 2/2
subscribed to track qwfts_3 TR_VCkQmJKCVENKeE video 2/2

Track loading:
┌────────┬───────────────────┬───────┬───────┬───────────┬───────────┐
│ Tester │ Track             │ Kind  │ Pkts. │ Bitrate   │ Pkt. Loss │
├────────┼───────────────────┼───────┼───────┼───────────┼───────────┤
│ Sub 0  │ TR_VCpm6CfWTVDvq4 │ video │ 5827  │ 1.8mbps   │ 0 (0%)    │
│        │ TR_VCkQmJKCVENKeE │ video │ 1102  │ 297.1kbps │ 0 (0%)    │
│        │                   │       │       │           │           │
│ Sub 1  │ TR_VCkQmJKCVENKeE │ video │ 847   │ 236.5kbps │ 0 (0%)    │
│        │ TR_VCpm6CfWTVDvq4 │ video │ 2466  │ 747.2kbps │ 0 (0%)    │
└────────┴───────────────────┴───────┴───────┴───────────┴───────────┘

Subscriber summaries:
┌────────┬────────┬───────────────────────┬─────────────────┬───────┐
│ Tester │ Tracks │ Bitrate               │ Total Pkt. Loss │ Error │
├────────┼────────┼───────────────────────┼─────────────────┼───────┤
│ Sub 0  │ 2/2    │ 2.1mbps               │ 0 (0%)          │ -     │
│ Sub 1  │ 2/2    │ 981.9kbps             │ 0 (0%)          │ -     │
│ Total  │ 4/4    │ 3.1mbps (1.5mbps avg) │ 0 (0%)          │ 0     │
└────────┴────────┴───────────────────────┴─────────────────┴───────┘
