Starting load test with 2 video publishers, 2 subscribers, room: ceil-03-1785984266-12378
publishing simulcast video track - nnedl_pub_0
publishing simulcast video track - nnedl_pub_1
Finished connecting to room, waiting 30s
subscribed to track nnedl_3 TR_VCf6Rq6YWfonje video 1/1
subscribed to track nnedl_2 TR_VCf6Rq6YWfonje video 1/1
subscribed to track nnedl_2 TR_VCYyVMGXwCuGaG video 2/2
subscribed to track nnedl_3 TR_VCYyVMGXwCuGaG video 2/2

Track loading:
┌────────┬───────────────────┬───────┬───────┬───────────┬────────────┐
│ Tester │ Track             │ Kind  │ Pkts. │ Bitrate   │ Pkt. Loss  │
├────────┼───────────────────┼───────┼───────┼───────────┼────────────┤
│ Sub 0  │ TR_VCYyVMGXwCuGaG │ video │ 1453  │ 407.9kbps │ 0 (0%)     │
│        │ TR_VCf6Rq6YWfonje │ video │ 4478  │ 1.3mbps   │ 0 (0%)     │
│        │                   │       │       │           │            │
│ Sub 1  │ TR_VCYyVMGXwCuGaG │ video │ 1178  │ 336.8kbps │ 0 (0%)     │
│        │ TR_VCf6Rq6YWfonje │ video │ 1903  │ 541.9kbps │ 1 (0.053%) │
└────────┴───────────────────┴───────┴───────┴───────────┴────────────┘

Subscriber summaries:
┌────────┬────────┬───────────────────────┬─────────────────┬───────┐
│ Tester │ Tracks │ Bitrate               │ Total Pkt. Loss │ Error │
├────────┼────────┼───────────────────────┼─────────────────┼───────┤
│ Sub 0  │ 2/2    │ 1.7mbps               │ 0 (0%)          │ -     │
│ Sub 1  │ 2/2    │ 875.1kbps             │ 1 (0.032%)      │ -     │
│ Total  │ 4/4    │ 2.6mbps (1.3mbps avg) │ 1 (0.011%)      │ 0     │
└────────┴────────┴───────────────────────┴─────────────────┴───────┘
