pc ERROR: 2026/08/06 09:44:43 dropping candidate with ufrag KRDOTcuUPfHAlYSd because it doesn't match the current ufrags
pc ERROR: 2026/08/06 09:44:43 dropping candidate with ufrag KRDOTcuUPfHAlYSd because it doesn't match the current ufrags
pc ERROR: 2026/08/06 09:45:15 dropping candidate with ufrag AVOzzZHfmpCXnWUF because it doesn't match the current ufrags
pc ERROR: 2026/08/06 09:45:15 dropping candidate with ufrag AVOzzZHfmpCXnWUF because it doesn't match the current ufrags
pc ERROR: 2026/08/06 09:45:16 dropping candidate with ufrag kzdCqihQIGmXSZzm because it doesn't match the current ufrags
pc ERROR: 2026/08/06 09:45:16 dropping candidate with ufrag kzdCqihQIGmXSZzm because it doesn't match the current ufrags
pc ERROR: 2026/08/06 09:45:30 dropping candidate with ufrag UEzLNjyKWIAtfgNU because it doesn't match the current ufrags
pc ERROR: 2026/08/06 09:45:30 dropping candidate with ufrag UEzLNjyKWIAtfgNU because it doesn't match the current ufrags
pc ERROR: 2026/08/06 09:45:32 dropping candidate with ufrag bMMaHaYuOLxffUHX because it doesn't match the current ufrags
pc ERROR: 2026/08/06 09:45:32 dropping candidate with ufrag bMMaHaYuOLxffUHX because it doesn't match the current ufrags
pc ERROR: 2026/08/06 09:45:48 dropping candidate with ufrag doHJkIVDuCxgWAFP because it doesn't match the current ufrags
pc ERROR: 2026/08/06 09:45:48 dropping candidate with ufrag doHJkIVDuCxgWAFP because it doesn't match the current ufrags
pc ERROR: 2026/08/06 09:46:04 dropping candidate with ufrag lnKCYLwDodbLRCub because it doesn't match the current ufrags
pc ERROR: 2026/08/06 09:46:04 dropping candidate with ufrag lnKCYLwDodbLRCub because it doesn't match the current ufrags
pc ERROR: 2026/08/06 09:46:20 dropping candidate with ufrag rnTBCurnasiEyEwb because it doesn't match the current ufrags
pc ERROR: 2026/08/06 09:46:20 dropping candidate with ufrag rnTBCurnasiEyEwb because it doesn't match the current ufrags
pc ERROR: 2026/08/06 09:46:36 dropping candidate with ufrag GjirEiHiGUnIdiSL because it doesn't match the current ufrags
pc ERROR: 2026/08/06 09:46:36 dropping candidate with ufrag GjirEiHiGUnIdiSL because it doesn't match the current ufrags
pc ERROR: 2026/08/06 09:46:52 dropping candidate with ufrag SZBbkWweCUIdISDL because it doesn't match the current ufrags
pc ERROR: 2026/08/06 09:46:52 dropping candidate with ufrag SZBbkWweCUIdISDL because it doesn't match the current ufrags
