Starting load test with 2 video publishers, 2 subscribers, room: ceil-04-1785984266-8749
publishing simulcast video track - krkki_pub_0
publishing simulcast video track - krkki_pub_1
Finished connecting to room, waiting 30s
subscribed to track krkki_2 TR_VCWVNypnfRr2WX video 1/2
subscribed to track krkki_3 TR_VCWVNypnfRr2WX video 1/2
subscribed to track krkki_2 TR_VCruWKKBY4QciN video 2/2
subscribed to track krkki_3 TR_VCruWKKBY4QciN video 2/2

Track loading:
┌────────┬───────────────────┬───────┬───────┬───────────┬───────────┐
│ Tester │ Track             │ Kind  │ Pkts. │ Bitrate   │ Pkt. Loss │
├────────┼───────────────────┼───────┼───────┼───────────┼───────────┤
│ Sub 0  │ TR_VCWVNypnfRr2WX │ video │ 4391  │ 1.3mbps   │ 0 (0%)    │
│        │ TR_VCruWKKBY4QciN │ video │ 1438  │ 408.1kbps │ 0 (0%)    │
│        │                   │       │       │           │           │
│ Sub 1  │ TR_VCWVNypnfRr2WX │ video │ 1878  │ 542.0kbps │ 0 (0%)    │
│        │ TR_VCruWKKBY4QciN │ video │ 1132  │ 329.4kbps │ 0 (0%)    │
└────────┴───────────────────┴───────┴───────┴───────────┴───────────┘

Subscriber summaries:
┌────────┬────────┬───────────────────────┬─────────────────┬───────┐
│ Tester │ Tracks │ Bitrate               │ Total Pkt. Loss │ Error │
├────────┼────────┼───────────────────────┼─────────────────┼───────┤
│ Sub 0  │ 2/2    │ 1.7mbps               │ 0 (0%)          │ -     │
│ Sub 1  │ 2/2    │ 868.9kbps             │ 0 (0%)          │ -     │
│ Total  │ 4/4    │ 2.6mbps (1.3mbps avg) │ 0 (0%)          │ 0     │
└────────┴────────┴───────────────────────┴─────────────────┴───────┘
