Starting load test with 2 video publishers, 2 subscribers, room: ceil-01-1785984266-22530
publishing simulcast video track - dcdnn_pub_1
publishing simulcast video track - dcdnn_pub_0
Finished connecting to room, waiting 30s
subscribed to track dcdnn_2 TR_VCqGochtFSkjVW video 1/2
subscribed to track dcdnn_3 TR_VCqGochtFSkjVW video 1/2
subscribed to track dcdnn_2 TR_VCpbjwSaTVj66X video 2/2
subscribed to track dcdnn_3 TR_VCpbjwSaTVj66X video 2/2

Track loading:
┌────────┬───────────────────┬───────┬───────┬───────────┬───────────┐
│ Tester │ Track             │ Kind  │ Pkts. │ Bitrate   │ Pkt. Loss │
├────────┼───────────────────┼───────┼───────┼───────────┼───────────┤
│ Sub 0  │ TR_VCpbjwSaTVj66X │ video │ 1437  │ 410.8kbps │ 0 (0%)    │
│        │ TR_VCqGochtFSkjVW │ video │ 4409  │ 1.3mbps   │ 0 (0%)    │
│        │                   │       │       │           │           │
│ Sub 1  │ TR_VCpbjwSaTVj66X │ video │ 1435  │ 412.8kbps │ 0 (0%)    │
│        │ TR_VCqGochtFSkjVW │ video │ 4404  │ 1.3mbps   │ 0 (0%)    │
└────────┴───────────────────┴───────┴───────┴───────────┴───────────┘

Subscriber summaries:
┌────────┬────────┬───────────────────────┬─────────────────┬───────┐
│ Tester │ Tracks │ Bitrate               │ Total Pkt. Loss │ Error │
├────────┼────────┼───────────────────────┼─────────────────┼───────┤
│ Sub 0  │ 2/2    │ 1.7mbps               │ 0 (0%)          │ -     │
│ Sub 1  │ 2/2    │ 1.7mbps               │ 0 (0%)          │ -     │
│ Total  │ 4/4    │ 3.4mbps (1.7mbps avg) │ 0 (0%)          │ 0     │
└────────┴────────┴───────────────────────┴─────────────────┴───────┘
