Starting load test with 2 video publishers, 2 subscribers, room: ceil-00-1785984266-26440
publishing simulcast video track - qktdr_pub_0
publishing simulcast video track - qktdr_pub_1
Finished connecting to room, waiting 30s
subscribed to track qktdr_2 TR_VCKn7KyJzzwaSM video 1/2
subscribed to track qktdr_3 TR_VCKn7KyJzzwaSM video 1/2
subscribed to track qktdr_2 TR_VCZcQH5TudnsEe video 2/2
subscribed to track qktdr_3 TR_VCZcQH5TudnsEe video 2/2

Track loading:
┌────────┬───────────────────┬───────┬───────┬───────────┬────────────┐
│ Tester │ Track             │ Kind  │ Pkts. │ Bitrate   │ Pkt. Loss  │
├────────┼───────────────────┼───────┼───────┼───────────┼────────────┤
│ Sub 0  │ TR_VCKn7KyJzzwaSM │ video │ 4452  │ 1.3mbps   │ 0 (0%)     │
│        │ TR_VCZcQH5TudnsEe │ video │ 1438  │ 407.5kbps │ 0 (0%)     │
│        │                   │       │       │           │            │
│ Sub 1  │ TR_VCKn7KyJzzwaSM │ video │ 1902  │ 549.5kbps │ 1 (0.053%) │
│        │ TR_VCZcQH5TudnsEe │ video │ 1126  │ 327.4kbps │ 0 (0%)     │
└────────┴───────────────────┴───────┴───────┴───────────┴────────────┘

Subscriber summaries:
┌────────┬────────┬───────────────────────┬─────────────────┬───────┐
│ Tester │ Tracks │ Bitrate               │ Total Pkt. Loss │ Error │
├────────┼────────┼───────────────────────┼─────────────────┼───────┤
│ Sub 0  │ 2/2    │ 1.7mbps               │ 0 (0%)          │ -     │
│ Sub 1  │ 2/2    │ 874.3kbps             │ 1 (0.033%)      │ -     │
│ Total  │ 4/4    │ 2.6mbps (1.3mbps avg) │ 1 (0.011%)      │ 0     │
└────────┴────────┴───────────────────────┴─────────────────┴───────┘
