Starting load test with 2 video publishers, 2 subscribers, room: ceil-02-1785984465-3804
publishing simulcast video track - fffql_pub_1
publishing simulcast video track - fffql_pub_0
Finished connecting to room, waiting 30s
subscribed to track fffql_3 TR_VCbMSVbcauAejq video 1/2
subscribed to track fffql_3 TR_VCgUviTuqvg2e4 video 2/2
subscribed to track fffql_2 TR_VCbMSVbcauAejq video 1/2
subscribed to track fffql_2 TR_VCgUviTuqvg2e4 video 2/2

Track loading:
┌────────┬───────────────────┬───────┬───────┬───────────┬───────────┐
│ Tester │ Track             │ Kind  │ Pkts. │ Bitrate   │ Pkt. Loss │
├────────┼───────────────────┼───────┼───────┼───────────┼───────────┤
│ Sub 0  │ TR_VCbMSVbcauAejq │ video │ 5811  │ 1.8mbps   │ 0 (0%)    │
│        │ TR_VCgUviTuqvg2e4 │ video │ 1104  │ 295.6kbps │ 0 (0%)    │
│        │                   │       │       │           │           │
│ Sub 1  │ TR_VCbMSVbcauAejq │ video │ 5814  │ 1.8mbps   │ 0 (0%)    │
│        │ TR_VCgUviTuqvg2e4 │ video │ 1106  │ 293.2kbps │ 0 (0%)    │
└────────┴───────────────────┴───────┴───────┴───────────┴───────────┘

Subscriber summaries:
┌────────┬────────┬───────────────────────┬─────────────────┬───────┐
│ Tester │ Tracks │ Bitrate               │ Total Pkt. Loss │ Error │
├────────┼────────┼───────────────────────┼─────────────────┼───────┤
│ Sub 0  │ 2/2    │ 2.1mbps               │ 0 (0%)          │ -     │
│ Sub 1  │ 2/2    │ 2.1mbps               │ 0 (0%)          │ -     │
│ Total  │ 4/4    │ 4.1mbps (2.1mbps avg) │ 0 (0%)          │ 0     │
└────────┴────────┴───────────────────────┴─────────────────┴───────┘
