pc ERROR: 2026/08/06 09:48:34 dropping candidate with ufrag wufDyjtLDImlVoln because it doesn't match the current ufrags
pc ERROR: 2026/08/06 09:48:34 dropping candidate with ufrag wufDyjtLDImlVoln because it doesn't match the current ufrags
pc ERROR: 2026/08/06 09:48:34 dropping candidate with ufrag DxphXIsePkPzAytO because it doesn't match the current ufrags
pc ERROR: 2026/08/06 09:48:34 dropping candidate with ufrag DxphXIsePkPzAytO because it doesn't match the current ufrags
pc ERROR: 2026/08/06 09:48:34 dropping candidate with ufrag xjDEJkUczTAxxAAT because it doesn't match the current ufrags
pc ERROR: 2026/08/06 09:48:34 dropping candidate with ufrag xjDEJkUczTAxxAAT because it doesn't match the current ufrags
pc ERROR: 2026/08/06 09:48:35 dropping candidate with ufrag WKIWPNIAeqhBFvyA because it doesn't match the current ufrags
pc ERROR: 2026/08/06 09:48:35 dropping candidate with ufrag WKIWPNIAeqhBFvyA because it doesn't match the current ufrags
pc ERROR: 2026/08/06 09:48:49 dropping candidate with ufrag OFfiKSiejlDXVBcc because it doesn't match the current ufrags
pc ERROR: 2026/08/06 09:48:49 dropping candidate with ufrag OFfiKSiejlDXVBcc because it doesn't match the current ufrags
pc ERROR: 2026/08/06 09:48:49 dropping candidate with ufrag IsWuxZbThukpRNBG because it doesn't match the current ufrags
pc ERROR: 2026/08/06 09:48:49 dropping candidate with ufrag IsWuxZbThukpRNBG because it doesn't match the current ufrags
pc ERROR: 2026/08/06 09:48:51 dropping candidate with ufrag blnqbdMLEpfmcAKT because it doesn't match the current ufrags
pc ERROR: 2026/08/06 09:48:51 dropping candidate with ufrag blnqbdMLEpfmcAKT because it doesn't match the current ufrags
pc ERROR: 2026/08/06 09:49:07 dropping candidate with ufrag sRhtLKapooSwbhKr because it doesn't match the current ufrags
pc ERROR: 2026/08/06 09:49:07 dropping candidate with ufrag sRhtLKapooSwbhKr because it doesn't match the current ufrags
pc ERROR: 2026/08/06 09:49:23 dropping candidate with ufrag OBzXrUrEuPwlCpUu because it doesn't match the current ufrags
pc ERROR: 2026/08/06 09:49:23 dropping candidate with ufrag OBzXrUrEuPwlCpUu because it doesn't match the current ufrags
pc ERROR: 2026/08/06 09:49:39 dropping candidate with ufrag DZXVXHogXhnTPHlg because it doesn't match the current ufrags
pc ERROR: 2026/08/06 09:49:39 dropping candidate with ufrag DZXVXHogXhnTPHlg because it doesn't match the current ufrags
pc ERROR: 2026/08/06 09:49:55 dropping candidate with ufrag LStCBvlOrOrHsUWq because it doesn't match the current ufrags
pc ERROR: 2026/08/06 09:49:55 dropping candidate with ufrag LStCBvlOrOrHsUWq because it doesn't match the current ufrags
pc ERROR: 2026/08/06 09:50:11 dropping candidate with ufrag NdoCXWCQnlNNtZgJ because it doesn't match the current ufrags
pc ERROR: 2026/08/06 09:50:11 dropping candidate with ufrag NdoCXWCQnlNNtZgJ because it doesn't match the current ufrags
