Starting load test with 2 video publishers, 2 subscribers, room: ceil-03-1785984465-20379
publishing simulcast video track - frvpe_pub_0
publishing simulcast video track - frvpe_pub_1
Finished connecting to room, waiting 30s
subscribed to track frvpe_2 TR_VCjVXPSQVcuc7j video 1/2
subscribed to track frvpe_3 TR_VCjVXPSQVcuc7j video 1/2
subscribed to track frvpe_3 TR_VCj8JQ4wWokrCg video 2/2
subscribed to track frvpe_2 TR_VCj8JQ4wWokrCg video 2/2

Track loading:
┌────────┬───────────────────┬───────┬───────┬───────────┬───────────┐
│ Tester │ Track             │ Kind  │ Pkts. │ Bitrate   │ Pkt. Loss │
├────────┼───────────────────┼───────┼───────┼───────────┼───────────┤
│ Sub 0  │ TR_VCj8JQ4wWokrCg │ video │ 1098  │ 292.3kbps │ 0 (0%)    │
│        │ TR_VCjVXPSQVcuc7j │ video │ 5774  │ 1.8mbps   │ 0 (0%)    │
│        │                   │       │       │           │           │
│ Sub 1  │ TR_VCj8JQ4wWokrCg │ video │ 1099  │ 291.5kbps │ 0 (0%)    │
│        │ TR_VCjVXPSQVcuc7j │ video │ 5774  │ 1.8mbps   │ 0 (0%)    │
└────────┴───────────────────┴───────┴───────┴───────────┴───────────┘

Subscriber summaries:
┌────────┬────────┬───────────────────────┬─────────────────┬───────┐
│ Tester │ Tracks │ Bitrate               │ Total Pkt. Loss │ Error │
├────────┼────────┼───────────────────────┼─────────────────┼───────┤
│ Sub 0  │ 2/2    │ 2.0mbps               │ 0 (0%)          │ -     │
│ Sub 1  │ 2/2    │ 2.0mbps               │ 0 (0%)          │ -     │
│ Total  │ 4/4    │ 4.1mbps (2.0mbps avg) │ 0 (0%)          │ 0     │
└────────┴────────┴───────────────────────┴─────────────────┴───────┘
