pc ERROR: 2026/08/06 09:48:34 dropping candidate with ufrag fxpvtbCrupMEVCAp because it doesn't match the current ufrags
pc ERROR: 2026/08/06 09:48:34 dropping candidate with ufrag fxpvtbCrupMEVCAp because it doesn't match the current ufrags
pc ERROR: 2026/08/06 09:48:34 dropping candidate with ufrag BhxCJbChHuTAGMuC because it doesn't match the current ufrags
pc ERROR: 2026/08/06 09:48:34 dropping candidate with ufrag BhxCJbChHuTAGMuC because it doesn't match the current ufrags
pc ERROR: 2026/08/06 09:48:49 dropping candidate with ufrag mBiisIvFdcNqCChq because it doesn't match the current ufrags
pc ERROR: 2026/08/06 09:48:49 dropping candidate with ufrag mBiisIvFdcNqCChq because it doesn't match the current ufrags
pc ERROR: 2026/08/06 09:48:49 dropping candidate with ufrag DWdbbjkhDCvjTgII because it doesn't match the current ufrags
pc ERROR: 2026/08/06 09:48:49 dropping candidate with ufrag DWdbbjkhDCvjTgII because it doesn't match the current ufrags
pc ERROR: 2026/08/06 09:49:07 dropping candidate with ufrag VnTRverOizUHcUcU because it doesn't match the current ufrags
pc ERROR: 2026/08/06 09:49:07 dropping candidate with ufrag VnTRverOizUHcUcU because it doesn't match the current ufrags
pc ERROR: 2026/08/06 09:49:07 dropping candidate with ufrag nFqzQDQPnvHkfwyX because it doesn't match the current ufrags
pc ERROR: 2026/08/06 09:49:07 dropping candidate with ufrag nFqzQDQPnvHkfwyX because it doesn't match the current ufrags
pc ERROR: 2026/08/06 09:49:22 dropping candidate with ufrag IZzxSWeHSMYLUPRZ because it doesn't match the current ufrags
pc ERROR: 2026/08/06 09:49:22 dropping candidate with ufrag IZzxSWeHSMYLUPRZ because it doesn't match the current ufrags
pc ERROR: 2026/08/06 09:49:23 dropping candidate with ufrag YGIbPSINxbdJavir because it doesn't match the current ufrags
pc ERROR: 2026/08/06 09:49:23 dropping candidate with ufrag YGIbPSINxbdJavir because it doesn't match the current ufrags
pc ERROR: 2026/08/06 09:49:39 dropping candidate with ufrag qzbERsWlLaiIOBWA because it doesn't match the current ufrags
pc ERROR: 2026/08/06 09:49:39 dropping candidate with ufrag qzbERsWlLaiIOBWA because it doesn't match the current ufrags
pc ERROR: 2026/08/06 09:49:55 dropping candidate with ufrag mtWNipEUHffLwHYj because it doesn't match the current ufrags
pc ERROR: 2026/08/06 09:49:55 dropping candidate with ufrag mtWNipEUHffLwHYj because it doesn't match the current ufrags
pc ERROR: 2026/08/06 09:50:12 dropping candidate with ufrag EKUyYdFKCveEKLIU because it doesn't match the current ufrags
pc ERROR: 2026/08/06 09:50:12 dropping candidate with ufrag EKUyYdFKCveEKLIU because it doesn't match the current ufrags
