Starting load test with 2 video publishers, 2 subscribers, room: ceil-04-1785984465-3989
publishing simulcast video track - lxpfi_pub_1
publishing simulcast video track - lxpfi_pub_0
Finished connecting to room, waiting 30s
subscribed to track lxpfi_3 TR_VC4xn9E3Ernu4M video 1/2
subscribed to track lxpfi_2 TR_VC4xn9E3Ernu4M video 1/2
subscribed to track lxpfi_3 TR_VC5uAJCh2evdKz video 2/2
subscribed to track lxpfi_2 TR_VC5uAJCh2evdKz video 2/2

Track loading:
┌────────┬───────────────────┬───────┬───────┬───────────┬───────────┐
│ Tester │ Track             │ Kind  │ Pkts. │ Bitrate   │ Pkt. Loss │
├────────┼───────────────────┼───────┼───────┼───────────┼───────────┤
│ Sub 0  │ TR_VC5uAJCh2evdKz │ video │ 1450  │ 412.1kbps │ 0 (0%)    │
│        │ TR_VC4xn9E3Ernu4M │ video │ 4399  │ 1.3mbps   │ 0 (0%)    │
│        │                   │       │       │           │           │
│ Sub 1  │ TR_VC4xn9E3Ernu4M │ video │ 1874  │ 538.9kbps │ 0 (0%)    │
│        │ TR_VC5uAJCh2evdKz │ video │ 1140  │ 331.9kbps │ 0 (0%)    │
└────────┴───────────────────┴───────┴───────┴───────────┴───────────┘

Subscriber summaries:
┌────────┬────────┬───────────────────────┬─────────────────┬───────┐
│ Tester │ Tracks │ Bitrate               │ Total Pkt. Loss │ Error │
├────────┼────────┼───────────────────────┼─────────────────┼───────┤
│ Sub 0  │ 2/2    │ 1.7mbps               │ 0 (0%)          │ -     │
│ Sub 1  │ 2/2    │ 866.9kbps             │ 0 (0%)          │ -     │
│ Total  │ 4/4    │ 2.6mbps (1.3mbps avg) │ 0 (0%)          │ 0     │
└────────┴────────┴───────────────────────┴─────────────────┴───────┘
