Starting load test with 2 video publishers, 2 subscribers, room: ceil-05-1785984465-19385
publishing simulcast video track - czlhb_pub_0
publishing simulcast video track - czlhb_pub_1
subscribed to track czlhb_2 TR_VCt8bFxzLBGHyJ video 1/1
subscribed to track czlhb_2 TR_VCDjoBmDE4dqmU video 2/2
Finished connecting to room, waiting 30s

Track loading:
┌────────┬───────────────────┬───────┬───────┬───────────┬───────────┐
│ Tester │ Track             │ Kind  │ Pkts. │ Bitrate   │ Pkt. Loss │
├────────┼───────────────────┼───────┼───────┼───────────┼───────────┤
│ Sub 0  │ TR_VCDjoBmDE4dqmU │ video │ 644   │ 150.3kbps │ 0 (0%)    │
│        │ TR_VCt8bFxzLBGHyJ │ video │ 9567  │ 1.3mbps   │ 0 (0%)    │
│        │                   │       │       │           │           │
└────────┴───────────────────┴───────┴───────┴───────────┴───────────┘

Subscriber summaries:
┌────────┬────────┬─────────────────────────┬─────────────────┬───────┐
│ Tester │ Tracks │ Bitrate                 │ Total Pkt. Loss │ Error │
├────────┼────────┼─────────────────────────┼─────────────────┼───────┤
│ Sub 0  │ 2/2    │ 1.4mbps                 │ 0 (0%)          │ -     │
│ Sub 1  │ 0/2    │ NaNmbps                 │  -              │ -     │
│ Total  │ 2/4    │ 1.4mbps (711.4kbps avg) │ 0 (0%)          │ 0     │
└────────┴────────┴─────────────────────────┴─────────────────┴───────┘
