Starting load test with 2 video publishers, 2 subscribers, room: ceil-11-1785984465-4340
publishing simulcast video track - fmmuj_pub_0
publishing simulcast video track - fmmuj_pub_1
subscribed to track fmmuj_3 TR_VC9mnh5J56P8ca video 1/1
subscribed to track fmmuj_3 TR_VCcPNVb6ZnkUs5 video 2/2
could not connect Sub 0: could not connect after timeout
Finished connecting to room, waiting 30s

Track loading:
┌────────┬───────────────────┬───────┬───────┬───────────┬───────────┐
│ Tester │ Track             │ Kind  │ Pkts. │ Bitrate   │ Pkt. Loss │
├────────┼───────────────────┼───────┼───────┼───────────┼───────────┤
│        │                   │       │       │           │           │
│ Sub 1  │ TR_VCcPNVb6ZnkUs5 │ video │ 1721  │ 163.8kbps │ 0 (0%)    │
│        │ TR_VC9mnh5J56P8ca │ video │ 18143 │ 1.4mbps   │ 0 (0%)    │
└────────┴───────────────────┴───────┴───────┴───────────┴───────────┘

Subscriber summaries:
┌────────┬────────┬─────────────────────────┬─────────────────┬─────────────────────────────────┐
│ Tester │ Tracks │ Bitrate                 │ Total Pkt. Loss │ Error                           │
├────────┼────────┼─────────────────────────┼─────────────────┼─────────────────────────────────┤
│ Sub 0  │ 0/2    │ NaNmbps                 │  -              │ could not connect after timeout │
│ Sub 1  │ 2/2    │ 1.5mbps                 │ 0 (0%)          │ -                               │
│ Total  │ 2/4    │ 1.5mbps (758.1kbps avg) │ 0 (0%)          │ 1                               │
└────────┴────────┴─────────────────────────┴─────────────────┴─────────────────────────────────┘
