Starting load test with 2 video publishers, 2 subscribers, room: ceil-10-1785984465-18389
publishing simulcast video track - cqrne_pub_0
publishing simulcast video track - cqrne_pub_1
Finished connecting to room, waiting 30s
subscribed to track cqrne_3 TR_VCGdLqRCFANzxm video 1/2
subscribed to track cqrne_3 TR_VCbB5e4bb4NgYB video 2/2

Track loading:
┌────────┬───────────────────┬───────┬───────┬───────────┬───────────┐
│ Tester │ Track             │ Kind  │ Pkts. │ Bitrate   │ Pkt. Loss │
├────────┼───────────────────┼───────┼───────┼───────────┼───────────┤
│        │                   │       │       │           │           │
│ Sub 1  │ TR_VCbB5e4bb4NgYB │ video │ 423   │ 211.3kbps │ 0 (0%)    │
│        │ TR_VCGdLqRCFANzxm │ video │ 2251  │ 1.3mbps   │ 0 (0%)    │
└────────┴───────────────────┴───────┴───────┴───────────┴───────────┘

Subscriber summaries:
┌────────┬────────┬─────────────────────────┬─────────────────┬───────┐
│ Tester │ Tracks │ Bitrate                 │ Total Pkt. Loss │ Error │
├────────┼────────┼─────────────────────────┼─────────────────┼───────┤
│ Sub 0  │ 0/2    │ NaNmbps                 │  -              │ -     │
│ Sub 1  │ 2/2    │ 1.5mbps                 │ 0 (0%)          │ -     │
│ Total  │ 2/4    │ 1.5mbps (735.4kbps avg) │ 0 (0%)          │ 0     │
└────────┴────────┴─────────────────────────┴─────────────────┴───────┘
