Starting load test with 2 video publishers, 2 subscribers, room: ceil-01-1785984465-2031
publishing simulcast video track - tuwas_pub_0
publishing simulcast video track - tuwas_pub_1
Finished connecting to room, waiting 30s
subscribed to track tuwas_3 TR_VCpptxUpyRXJX8 video 1/1
subscribed to track tuwas_2 TR_VCpptxUpyRXJX8 video 1/1
subscribed to track tuwas_3 TR_VCEabbZWzL3n7r video 2/2
subscribed to track tuwas_2 TR_VCEabbZWzL3n7r video 2/2

Track loading:
┌────────┬───────────────────┬───────┬───────┬───────────┬───────────┐
│ Tester │ Track             │ Kind  │ Pkts. │ Bitrate   │ Pkt. Loss │
├────────┼───────────────────┼───────┼───────┼───────────┼───────────┤
│ Sub 0  │ TR_VCpptxUpyRXJX8 │ video │ 4444  │ 1.3mbps   │ 0 (0%)    │
│        │ TR_VCEabbZWzL3n7r │ video │ 1436  │ 409.7kbps │ 0 (0%)    │
│        │                   │       │       │           │           │
│ Sub 1  │ TR_VCpptxUpyRXJX8 │ video │ 4446  │ 1.3mbps   │ 0 (0%)    │
│        │ TR_VCEabbZWzL3n7r │ video │ 1437  │ 409.7kbps │ 0 (0%)    │
└────────┴───────────────────┴───────┴───────┴───────────┴───────────┘

Subscriber summaries:
┌────────┬────────┬───────────────────────┬─────────────────┬───────┐
│ Tester │ Tracks │ Bitrate               │ Total Pkt. Loss │ Error │
├────────┼────────┼───────────────────────┼─────────────────┼───────┤
│ Sub 0  │ 2/2    │ 1.7mbps               │ 0 (0%)          │ -     │
│ Sub 1  │ 2/2    │ 1.7mbps               │ 0 (0%)          │ -     │
│ Total  │ 4/4    │ 3.3mbps (1.7mbps avg) │ 0 (0%)          │ 0     │
└────────┴────────┴───────────────────────┴─────────────────┴───────┘
