Starting load test with 2 video publishers, 2 subscribers, room: ceil-09-1785984465-24763
publishing simulcast video track - qizjp_pub_1
subscribed to track qizjp_3 TR_VCGtspjoPbL3Lz video 1/1
subscribed to track qizjp_2 TR_VCGtspjoPbL3Lz video 1/1
could not connect Pub 0: could not connect after timeout
Finished connecting to room, waiting 30s

Track loading:
┌────────┬───────────────────┬───────┬───────┬─────────┬───────────┐
│ Tester │ Track             │ Kind  │ Pkts. │ Bitrate │ Pkt. Loss │
├────────┼───────────────────┼───────┼───────┼─────────┼───────────┤
│ Sub 0  │ TR_VCGtspjoPbL3Lz │ video │ 18068 │ 1.4mbps │ 0 (0%)    │
│        │                   │       │       │         │           │
│ Sub 1  │ TR_VCGtspjoPbL3Lz │ video │ 18068 │ 1.4mbps │ 0 (0%)    │
└────────┴───────────────────┴───────┴───────┴─────────┴───────────┘

Subscriber summaries:
┌────────┬────────┬───────────────────────┬─────────────────┬───────┐
│ Tester │ Tracks │ Bitrate               │ Total Pkt. Loss │ Error │
├────────┼────────┼───────────────────────┼─────────────────┼───────┤
│ Sub 0  │ 1/2    │ 1.4mbps               │ 0 (0%)          │ -     │
│ Sub 1  │ 1/2    │ 1.4mbps               │ 0 (0%)          │ -     │
│ Total  │ 2/4    │ 2.8mbps (1.4mbps avg) │ 0 (0%)          │ 0     │
└────────┴────────┴───────────────────────┴─────────────────┴───────┘
