Starting load test with 2 video publishers, 2 subscribers, room: ceil-07-1785984665-20510
publishing simulcast video track - dnqpc_pub_1
publishing simulcast video track - dnqpc_pub_0
subscribed to track dnqpc_2 TR_VCZSajisRZXmS7 video 1/1
subscribed to track dnqpc_2 TR_VCbyYV5LJdkLA7 video 2/2
Finished connecting to room, waiting 30s

Track loading:
┌────────┬───────────────────┬───────┬───────┬───────────┬───────────┐
│ Tester │ Track             │ Kind  │ Pkts. │ Bitrate   │ Pkt. Loss │
├────────┼───────────────────┼───────┼───────┼───────────┼───────────┤
│ Sub 0  │ TR_VCbyYV5LJdkLA7 │ video │ 533   │ 107.7kbps │ 0 (0%)    │
│        │ TR_VCZSajisRZXmS7 │ video │ 7064  │ 1.9mbps   │ 0 (0%)    │
│        │                   │       │       │           │           │
└────────┴───────────────────┴───────┴───────┴───────────┴───────────┘

Subscriber summaries:
┌────────┬────────┬───────────────────────┬─────────────────┬───────┐
│ Tester │ Tracks │ Bitrate               │ Total Pkt. Loss │ Error │
├────────┼────────┼───────────────────────┼─────────────────┼───────┤
│ Sub 0  │ 2/2    │ 2.1mbps               │ 0 (0%)          │ -     │
│ Sub 1  │ 0/2    │ NaNmbps               │  -              │ -     │
│ Total  │ 2/4    │ 2.1mbps (1.0mbps avg) │ 0 (0%)          │ 0     │
└────────┴────────┴───────────────────────┴─────────────────┴───────┘
