Starting load test with 2 video publishers, 2 subscribers, room: ceil-06-1785984665-1778
publishing simulcast video track - lchza_pub_0
publishing simulcast video track - lchza_pub_1
subscribed to track lchza_3 TR_VCF6eJx49UkQtM video 1/2
subscribed to track lchza_3 TR_VCdfXS3uHqSdhm video 2/2
could not connect Sub 0: could not connect after timeout
Finished connecting to room, waiting 30s

Track loading:
┌────────┬───────────────────┬───────┬───────┬───────────┬───────────┐
│ Tester │ Track             │ Kind  │ Pkts. │ Bitrate   │ Pkt. Loss │
├────────┼───────────────────┼───────┼───────┼───────────┼───────────┤
│        │                   │       │       │           │           │
│ Sub 1  │ TR_VCdfXS3uHqSdhm │ video │ 2367  │ 161.0kbps │ 0 (0%)    │
│        │ TR_VCF6eJx49UkQtM │ video │ 18058 │ 1.4mbps   │ 0 (0%)    │
└────────┴───────────────────┴───────┴───────┴───────────┴───────────┘

Subscriber summaries:
┌────────┬────────┬─────────────────────────┬─────────────────┬─────────────────────────────────┐
│ Tester │ Tracks │ Bitrate                 │ Total Pkt. Loss │ Error                           │
├────────┼────────┼─────────────────────────┼─────────────────┼─────────────────────────────────┤
│ Sub 0  │ 0/2    │ NaNmbps                 │  -              │ could not connect after timeout │
│ Sub 1  │ 2/2    │ 1.6mbps                 │ 0 (0%)          │ -                               │
│ Total  │ 2/4    │ 1.6mbps (780.2kbps avg) │ 0 (0%)          │ 1                               │
└────────┴────────┴─────────────────────────┴─────────────────┴─────────────────────────────────┘
