Starting load test with 2 video publishers, 2 subscribers, room: ceil-12-1785984665-17559
publishing simulcast video track - ipbpf_pub_0
subscribed to track ipbpf_2 TR_VCr3wddYLL8NZn video 1/1
could not connect Pub 1: could not connect after timeout
Finished connecting to room, waiting 30s

Track loading:
┌────────┬───────────────────┬───────┬───────┬─────────┬───────────┐
│ Tester │ Track             │ Kind  │ Pkts. │ Bitrate │ Pkt. Loss │
├────────┼───────────────────┼───────┼───────┼─────────┼───────────┤
│ Sub 0  │ TR_VCr3wddYLL8NZn │ video │ 18074 │ 1.4mbps │ 0 (0%)    │
│        │                   │       │       │         │           │
└────────┴───────────────────┴───────┴───────┴─────────┴───────────┘

Subscriber summaries:
┌────────┬────────┬─────────────────────────┬─────────────────┬───────┐
│ Tester │ Tracks │ Bitrate                 │ Total Pkt. Loss │ Error │
├────────┼────────┼─────────────────────────┼─────────────────┼───────┤
│ Sub 0  │ 1/2    │ 1.4mbps                 │ 0 (0%)          │ -     │
│ Sub 1  │ 0/2    │ NaNmbps                 │  -              │ -     │
│ Total  │ 1/4    │ 1.4mbps (699.6kbps avg) │ 0 (0%)          │ 0     │
└────────┴────────┴─────────────────────────┴─────────────────┴───────┘
