pc ERROR: 2026/08/06 09:51:54 dropping candidate with ufrag dhcfwKLAPNtrKDKv because it doesn't match the current ufrags
pc ERROR: 2026/08/06 09:51:54 dropping candidate with ufrag dhcfwKLAPNtrKDKv because it doesn't match the current ufrags
pc ERROR: 2026/08/06 09:51:54 dropping candidate with ufrag RDfLubFiWUCfxQom because it doesn't match the current ufrags
pc ERROR: 2026/08/06 09:51:54 dropping candidate with ufrag RDfLubFiWUCfxQom because it doesn't match the current ufrags
pc ERROR: 2026/08/06 09:51:54 dropping candidate with ufrag sVwetzmSrySDeOim because it doesn't match the current ufrags
pc ERROR: 2026/08/06 09:51:54 dropping candidate with ufrag sVwetzmSrySDeOim because it doesn't match the current ufrags
pc ERROR: 2026/08/06 09:51:54 dropping candidate with ufrag jyEVfaWKrdgPlrKN because it doesn't match the current ufrags
pc ERROR: 2026/08/06 09:51:54 dropping candidate with ufrag jyEVfaWKrdgPlrKN because it doesn't match the current ufrags
pc ERROR: 2026/08/06 09:52:09 dropping candidate with ufrag uruoSMIYalGbZGad because it doesn't match the current ufrags
pc ERROR: 2026/08/06 09:52:09 dropping candidate with ufrag uruoSMIYalGbZGad because it doesn't match the current ufrags
pc ERROR: 2026/08/06 09:52:10 dropping candidate with ufrag ljzjmzPGFYbyxNmJ because it doesn't match the current ufrags
pc ERROR: 2026/08/06 09:52:10 dropping candidate with ufrag ljzjmzPGFYbyxNmJ because it doesn't match the current ufrags
pc ERROR: 2026/08/06 09:52:26 dropping candidate with ufrag nTTFneSUSceCGowX because it doesn't match the current ufrags
pc ERROR: 2026/08/06 09:52:26 dropping candidate with ufrag nTTFneSUSceCGowX because it doesn't match the current ufrags
pc ERROR: 2026/08/06 09:52:42 dropping candidate with ufrag vJCPkFbjjaIIApnf because it doesn't match the current ufrags
pc ERROR: 2026/08/06 09:52:42 dropping candidate with ufrag vJCPkFbjjaIIApnf because it doesn't match the current ufrags
pc ERROR: 2026/08/06 09:52:58 dropping candidate with ufrag hHkMAktOEIhXlwCK because it doesn't match the current ufrags
pc ERROR: 2026/08/06 09:52:58 dropping candidate with ufrag hHkMAktOEIhXlwCK because it doesn't match the current ufrags
pc ERROR: 2026/08/06 09:53:14 dropping candidate with ufrag AxKdyMxYLsQWgUzl because it doesn't match the current ufrags
pc ERROR: 2026/08/06 09:53:14 dropping candidate with ufrag AxKdyMxYLsQWgUzl because it doesn't match the current ufrags
pc ERROR: 2026/08/06 09:53:30 dropping candidate with ufrag veBPkfUHYvKtYawT because it doesn't match the current ufrags
pc ERROR: 2026/08/06 09:53:30 dropping candidate with ufrag veBPkfUHYvKtYawT because it doesn't match the current ufrags
