Starting load test with 2 video publishers, 2 subscribers, room: ceil-14-1785984665-27367
publishing simulcast video track - jujqh_pub_1
subscribed to track jujqh_2 TR_VCbJT8PM7DKkgC video 1/1
subscribed to track jujqh_3 TR_VCbJT8PM7DKkgC video 1/1
could not connect Pub 0: could not connect after timeout
Finished connecting to room, waiting 30s

Track loading:
┌────────┬───────────────────┬───────┬───────┬─────────┬───────────┐
│ Tester │ Track             │ Kind  │ Pkts. │ Bitrate │ Pkt. Loss │
├────────┼───────────────────┼───────┼───────┼─────────┼───────────┤
│ Sub 0  │ TR_VCbJT8PM7DKkgC │ video │ 12830 │ 1.4mbps │ 0 (0%)    │
│        │                   │       │       │         │           │
│ Sub 1  │ TR_VCbJT8PM7DKkgC │ video │ 12827 │ 1.4mbps │ 0 (0%)    │
└────────┴───────────────────┴───────┴───────┴─────────┴───────────┘

Subscriber summaries:
┌────────┬────────┬───────────────────────┬─────────────────┬───────┐
│ Tester │ Tracks │ Bitrate               │ Total Pkt. Loss │ Error │
├────────┼────────┼───────────────────────┼─────────────────┼───────┤
│ Sub 0  │ 1/2    │ 1.4mbps               │ 0 (0%)          │ -     │
│ Sub 1  │ 1/2    │ 1.4mbps               │ 0 (0%)          │ -     │
│ Total  │ 2/4    │ 2.8mbps (1.4mbps avg) │ 0 (0%)          │ 0     │
└────────┴────────┴───────────────────────┴─────────────────┴───────┘
