pc ERROR: 2026/08/06 09:52:26 dropping candidate with ufrag aluEgvZrPPyHwCYw because it doesn't match the current ufrags
pc ERROR: 2026/08/06 09:52:26 dropping candidate with ufrag aluEgvZrPPyHwCYw because it doesn't match the current ufrags
pc ERROR: 2026/08/06 09:52:26 dropping candidate with ufrag YDrRUGfYilfleJnJ because it doesn't match the current ufrags
pc ERROR: 2026/08/06 09:52:26 dropping candidate with ufrag YDrRUGfYilfleJnJ because it doesn't match the current ufrags
pc ERROR: 2026/08/06 09:52:27 dropping candidate with ufrag TPdhvuJblbAGRLgi because it doesn't match the current ufrags
pc ERROR: 2026/08/06 09:52:27 dropping candidate with ufrag TPdhvuJblbAGRLgi because it doesn't match the current ufrags
pc ERROR: 2026/08/06 09:52:27 dropping candidate with ufrag JojQoeZSaOCduXjf because it doesn't match the current ufrags
pc ERROR: 2026/08/06 09:52:27 dropping candidate with ufrag JojQoeZSaOCduXjf because it doesn't match the current ufrags
pc ERROR: 2026/08/06 09:52:41 dropping candidate with ufrag qDZMmeRsuPdWLPaK because it doesn't match the current ufrags
pc ERROR: 2026/08/06 09:52:41 dropping candidate with ufrag qDZMmeRsuPdWLPaK because it doesn't match the current ufrags
pc ERROR: 2026/08/06 09:52:41 dropping candidate with ufrag pkVnozolrAJXwVPP because it doesn't match the current ufrags
pc ERROR: 2026/08/06 09:52:41 dropping candidate with ufrag pkVnozolrAJXwVPP because it doesn't match the current ufrags
pc ERROR: 2026/08/06 09:52:42 dropping candidate with ufrag MzItrztSAxYKpqkm because it doesn't match the current ufrags
pc ERROR: 2026/08/06 09:52:42 dropping candidate with ufrag MzItrztSAxYKpqkm because it doesn't match the current ufrags
pc ERROR: 2026/08/06 09:52:43 dropping candidate with ufrag jHkvfkizZflpJPWq because it doesn't match the current ufrags
pc ERROR: 2026/08/06 09:52:43 dropping candidate with ufrag jHkvfkizZflpJPWq because it doesn't match the current ufrags
pc ERROR: 2026/08/06 09:52:59 dropping candidate with ufrag YRwFiLgCVDgCwiIH because it doesn't match the current ufrags
pc ERROR: 2026/08/06 09:52:59 dropping candidate with ufrag YRwFiLgCVDgCwiIH because it doesn't match the current ufrags
pc ERROR: 2026/08/06 09:53:15 dropping candidate with ufrag bPBDayTevWLfyNkX because it doesn't match the current ufrags
pc ERROR: 2026/08/06 09:53:15 dropping candidate with ufrag bPBDayTevWLfyNkX because it doesn't match the current ufrags
pc ERROR: 2026/08/06 09:53:31 dropping candidate with ufrag bygiOFFuKvmwihWV because it doesn't match the current ufrags
pc ERROR: 2026/08/06 09:53:31 dropping candidate with ufrag bygiOFFuKvmwihWV because it doesn't match the current ufrags
