Starting load test with 2 video publishers, 2 subscribers, room: ceil-03-1785984664-31964
publishing simulcast video track - dyzib_pub_1
publishing simulcast video track - dyzib_pub_0
Finished connecting to room, waiting 30s
subscribed to track dyzib_3 TR_VCLpYoz9XpETtT video 1/1
subscribed to track dyzib_2 TR_VCLpYoz9XpETtT video 1/2
subscribed to track dyzib_2 TR_VC27DttGsoeh34 video 2/2
subscribed to track dyzib_3 TR_VC27DttGsoeh34 video 2/2

Track loading:
┌────────┬───────────────────┬───────┬───────┬───────────┬───────────┐
│ Tester │ Track             │ Kind  │ Pkts. │ Bitrate   │ Pkt. Loss │
├────────┼───────────────────┼───────┼───────┼───────────┼───────────┤
│ Sub 0  │ TR_VCLpYoz9XpETtT │ video │ 4462  │ 1.3mbps   │ 0 (0%)    │
│        │ TR_VC27DttGsoeh34 │ video │ 1438  │ 407.3kbps │ 0 (0%)    │
│        │                   │       │       │           │           │
│ Sub 1  │ TR_VCLpYoz9XpETtT │ video │ 4463  │ 1.3mbps   │ 0 (0%)    │
│        │ TR_VC27DttGsoeh34 │ video │ 1437  │ 408.7kbps │ 0 (0%)    │
└────────┴───────────────────┴───────┴───────┴───────────┴───────────┘

Subscriber summaries:
┌────────┬────────┬───────────────────────┬─────────────────┬───────┐
│ Tester │ Tracks │ Bitrate               │ Total Pkt. Loss │ Error │
├────────┼────────┼───────────────────────┼─────────────────┼───────┤
│ Sub 0  │ 2/2    │ 1.7mbps               │ 0 (0%)          │ -     │
│ Sub 1  │ 2/2    │ 1.7mbps               │ 0 (0%)          │ -     │
│ Total  │ 4/4    │ 3.4mbps (1.7mbps avg) │ 0 (0%)          │ 0     │
└────────┴────────┴───────────────────────┴─────────────────┴───────┘
