Starting load test with 2 video publishers, 2 subscribers, room: ceil-05-1785984665-15051
publishing simulcast video track - ajiwj_pub_1
publishing simulcast video track - ajiwj_pub_0
Finished connecting to room, waiting 30s
subscribed to track ajiwj_2 TR_VCNWYCSuhVgx43 video 1/2
subscribed to track ajiwj_3 TR_VCNWYCSuhVgx43 video 1/2
subscribed to track ajiwj_2 TR_VCeFXHPXnxgAaF video 2/2
subscribed to track ajiwj_3 TR_VCeFXHPXnxgAaF video 2/2

Track loading:
┌────────┬───────────────────┬───────┬───────┬───────────┬───────────┐
│ Tester │ Track             │ Kind  │ Pkts. │ Bitrate   │ Pkt. Loss │
├────────┼───────────────────┼───────┼───────┼───────────┼───────────┤
│ Sub 0  │ TR_VCNWYCSuhVgx43 │ video │ 4381  │ 1.3mbps   │ 0 (0%)    │
│        │ TR_VCeFXHPXnxgAaF │ video │ 1431  │ 412.0kbps │ 0 (0%)    │
│        │                   │       │       │           │           │
│ Sub 1  │ TR_VCeFXHPXnxgAaF │ video │ 1430  │ 413.5kbps │ 0 (0%)    │
│        │ TR_VCNWYCSuhVgx43 │ video │ 4381  │ 1.3mbps   │ 0 (0%)    │
└────────┴───────────────────┴───────┴───────┴───────────┴───────────┘

Subscriber summaries:
┌────────┬────────┬───────────────────────┬─────────────────┬───────┐
│ Tester │ Tracks │ Bitrate               │ Total Pkt. Loss │ Error │
├────────┼────────┼───────────────────────┼─────────────────┼───────┤
│ Sub 0  │ 2/2    │ 1.7mbps               │ 0 (0%)          │ -     │
│ Sub 1  │ 2/2    │ 1.7mbps               │ 0 (0%)          │ -     │
│ Total  │ 4/4    │ 3.4mbps (1.7mbps avg) │ 0 (0%)          │ 0     │
└────────┴────────┴───────────────────────┴─────────────────┴───────┘
