Starting load test with 2 video publishers, 2 subscribers, room: ceil-08-1785984665-8130
publishing simulcast video track - fszfv_pub_1
subscribed to track fszfv_3 TR_VCEjjdJZ99Rb8x video 1/1
could not connect Pub 0: could not connect after timeout
could not connect Sub 0: could not connect after timeout
Finished connecting to room, waiting 30s

Track loading:
┌────────┬───────────────────┬───────┬───────┬─────────┬───────────┐
│ Tester │ Track             │ Kind  │ Pkts. │ Bitrate │ Pkt. Loss │
├────────┼───────────────────┼───────┼───────┼─────────┼───────────┤
│        │                   │       │       │         │           │
│ Sub 1  │ TR_VCEjjdJZ99Rb8x │ video │ 18094 │ 1.4mbps │ 0 (0%)    │
└────────┴───────────────────┴───────┴───────┴─────────┴───────────┘

Subscriber summaries:
┌────────┬────────┬─────────────────────────┬─────────────────┬─────────────────────────────────┐
│ Tester │ Tracks │ Bitrate                 │ Total Pkt. Loss │ Error                           │
├────────┼────────┼─────────────────────────┼─────────────────┼─────────────────────────────────┤
│ Sub 0  │ 0/2    │ NaNmbps                 │  -              │ could not connect after timeout │
│ Sub 1  │ 1/2    │ 1.4mbps                 │ 0 (0%)          │ -                               │
│ Total  │ 1/4    │ 1.4mbps (699.9kbps avg) │ 0 (0%)          │ 1                               │
└────────┴────────┴─────────────────────────┴─────────────────┴─────────────────────────────────┘
