Starting load test with 2 video publishers, 2 subscribers, room: ceil-10-1785984665-15019
publishing simulcast video track - grgwi_pub_0
subscribed to track grgwi_3 TR_VCjnowmtg7dt4L video 1/1
could not connect Pub 1: could not connect after timeout
could not connect Sub 0: could not connect after timeout
Finished connecting to room, waiting 30s

Track loading:
┌────────┬───────────────────┬───────┬───────┬─────────┬───────────┐
│ Tester │ Track             │ Kind  │ Pkts. │ Bitrate │ Pkt. Loss │
├────────┼───────────────────┼───────┼───────┼─────────┼───────────┤
│        │                   │       │       │         │           │
│ Sub 1  │ TR_VCjnowmtg7dt4L │ video │ 18191 │ 1.4mbps │ 0 (0%)    │
└────────┴───────────────────┴───────┴───────┴─────────┴───────────┘

Subscriber summaries:
┌────────┬────────┬─────────────────────────┬─────────────────┬─────────────────────────────────┐
│ Tester │ Tracks │ Bitrate                 │ Total Pkt. Loss │ Error                           │
├────────┼────────┼─────────────────────────┼─────────────────┼─────────────────────────────────┤
│ Sub 0  │ 0/2    │ NaNmbps                 │  -              │ could not connect after timeout │
│ Sub 1  │ 1/2    │ 1.4mbps                 │ 0 (0%)          │ -                               │
│ Total  │ 1/4    │ 1.4mbps (701.0kbps avg) │ 0 (0%)          │ 1                               │
└────────┴────────┴─────────────────────────┴─────────────────┴─────────────────────────────────┘
