Starting load test with 2 video publishers, 2 subscribers, room: ceil-02-1785984664-26774
publishing simulcast video track - vxiti_pub_1
publishing simulcast video track - vxiti_pub_0
Finished connecting to room, waiting 30s
subscribed to track vxiti_2 TR_VCfe4CJMHYPA5W video 1/2
subscribed to track vxiti_3 TR_VCfe4CJMHYPA5W video 1/2
subscribed to track vxiti_3 TR_VCjGhbvJgdfc47 video 2/2
subscribed to track vxiti_2 TR_VCjGhbvJgdfc47 video 2/2

Track loading:
┌────────┬───────────────────┬───────┬───────┬───────────┬───────────┐
│ Tester │ Track             │ Kind  │ Pkts. │ Bitrate   │ Pkt. Loss │
├────────┼───────────────────┼───────┼───────┼───────────┼───────────┤
│ Sub 0  │ TR_VCjGhbvJgdfc47 │ video │ 1447  │ 414.4kbps │ 0 (0%)    │
│        │ TR_VCfe4CJMHYPA5W │ video │ 4386  │ 1.3mbps   │ 0 (0%)    │
│        │                   │       │       │           │           │
│ Sub 1  │ TR_VCjGhbvJgdfc47 │ video │ 1147  │ 331.7kbps │ 0 (0%)    │
│        │ TR_VCfe4CJMHYPA5W │ video │ 1899  │ 548.8kbps │ 0 (0%)    │
└────────┴───────────────────┴───────┴───────┴───────────┴───────────┘

Subscriber summaries:
┌────────┬────────┬───────────────────────┬─────────────────┬───────┐
│ Tester │ Tracks │ Bitrate               │ Total Pkt. Loss │ Error │
├────────┼────────┼───────────────────────┼─────────────────┼───────┤
│ Sub 0  │ 2/2    │ 1.7mbps               │ 0 (0%)          │ -     │
│ Sub 1  │ 2/2    │ 880.4kbps             │ 0 (0%)          │ -     │
│ Total  │ 4/4    │ 2.6mbps (1.3mbps avg) │ 0 (0%)          │ 0     │
└────────┴────────┴───────────────────────┴─────────────────┴───────┘
