pc ERROR: 2026/08/06 09:51:54 dropping candidate with ufrag aGIfJkAuLyGdKegj because it doesn't match the current ufrags
pc ERROR: 2026/08/06 09:51:54 dropping candidate with ufrag aGIfJkAuLyGdKegj because it doesn't match the current ufrags
pc ERROR: 2026/08/06 09:51:54 dropping candidate with ufrag mmlHIbznJNWfUoFq because it doesn't match the current ufrags
pc ERROR: 2026/08/06 09:51:54 dropping candidate with ufrag mmlHIbznJNWfUoFq because it doesn't match the current ufrags
pc ERROR: 2026/08/06 09:52:09 dropping candidate with ufrag sSxicEyjDAarpQbi because it doesn't match the current ufrags
pc ERROR: 2026/08/06 09:52:09 dropping candidate with ufrag sSxicEyjDAarpQbi because it doesn't match the current ufrags
pc ERROR: 2026/08/06 09:52:09 dropping candidate with ufrag TpdNHgnlRjLUDwwX because it doesn't match the current ufrags
pc ERROR: 2026/08/06 09:52:09 dropping candidate with ufrag TpdNHgnlRjLUDwwX because it doesn't match the current ufrags
pc ERROR: 2026/08/06 09:52:27 dropping candidate with ufrag TdUtsCRaCeMwTWnk because it doesn't match the current ufrags
pc ERROR: 2026/08/06 09:52:27 dropping candidate with ufrag TdUtsCRaCeMwTWnk because it doesn't match the current ufrags
pc ERROR: 2026/08/06 09:52:27 dropping candidate with ufrag qnonpkJazcKWpcXi because it doesn't match the current ufrags
pc ERROR: 2026/08/06 09:52:27 dropping candidate with ufrag qnonpkJazcKWpcXi because it doesn't match the current ufrags
pc ERROR: 2026/08/06 09:52:42 dropping candidate with ufrag VlALVeeTZYJIpFnR because it doesn't match the current ufrags
pc ERROR: 2026/08/06 09:52:42 dropping candidate with ufrag VlALVeeTZYJIpFnR because it doesn't match the current ufrags
pc ERROR: 2026/08/06 09:52:43 dropping candidate with ufrag HoekTFUuCEdoRMPi because it doesn't match the current ufrags
pc ERROR: 2026/08/06 09:52:43 dropping candidate with ufrag HoekTFUuCEdoRMPi because it doesn't match the current ufrags
pc ERROR: 2026/08/06 09:52:59 dropping candidate with ufrag WWgLjPwRqenmcIYC because it doesn't match the current ufrags
pc ERROR: 2026/08/06 09:52:59 dropping candidate with ufrag WWgLjPwRqenmcIYC because it doesn't match the current ufrags
pc ERROR: 2026/08/06 09:53:15 dropping candidate with ufrag RhoRUbMCDHNspncY because it doesn't match the current ufrags
pc ERROR: 2026/08/06 09:53:15 dropping candidate with ufrag RhoRUbMCDHNspncY because it doesn't match the current ufrags
pc ERROR: 2026/08/06 09:53:31 dropping candidate with ufrag FeWJLLIgVmnfSKqe because it doesn't match the current ufrags
pc ERROR: 2026/08/06 09:53:31 dropping candidate with ufrag FeWJLLIgVmnfSKqe because it doesn't match the current ufrags
