pc ERROR: 2026/08/06 09:51:54 dropping candidate with ufrag NBNhhQMIHqVzeIgq because it doesn't match the current ufrags
pc ERROR: 2026/08/06 09:51:54 dropping candidate with ufrag NBNhhQMIHqVzeIgq because it doesn't match the current ufrags
pc ERROR: 2026/08/06 09:51:54 dropping candidate with ufrag DFvDJeGQZGtwWtVt because it doesn't match the current ufrags
pc ERROR: 2026/08/06 09:51:54 dropping candidate with ufrag DFvDJeGQZGtwWtVt because it doesn't match the current ufrags
pc ERROR: 2026/08/06 09:51:54 dropping candidate with ufrag WyOQNVArafJmLtJL because it doesn't match the current ufrags
pc ERROR: 2026/08/06 09:51:54 dropping candidate with ufrag WyOQNVArafJmLtJL because it doesn't match the current ufrags
pc ERROR: 2026/08/06 09:51:54 dropping candidate with ufrag iGlGskucLtYEjjQK because it doesn't match the current ufrags
pc ERROR: 2026/08/06 09:51:54 dropping candidate with ufrag iGlGskucLtYEjjQK because it doesn't match the current ufrags
pc ERROR: 2026/08/06 09:52:09 dropping candidate with ufrag RIeAvUAlevAvRgiJ because it doesn't match the current ufrags
pc ERROR: 2026/08/06 09:52:09 dropping candidate with ufrag RIeAvUAlevAvRgiJ because it doesn't match the current ufrags
pc ERROR: 2026/08/06 09:52:09 dropping candidate with ufrag toNrcJWrRcIlYzso because it doesn't match the current ufrags
pc ERROR: 2026/08/06 09:52:09 dropping candidate with ufrag toNrcJWrRcIlYzso because it doesn't match the current ufrags
pc ERROR: 2026/08/06 09:52:10 dropping candidate with ufrag XIkjTBoVqbhMxwyz because it doesn't match the current ufrags
pc ERROR: 2026/08/06 09:52:10 dropping candidate with ufrag XIkjTBoVqbhMxwyz because it doesn't match the current ufrags
pc ERROR: 2026/08/06 09:52:10 dropping candidate with ufrag bZMEKPBbzupOsnCB because it doesn't match the current ufrags
pc ERROR: 2026/08/06 09:52:10 dropping candidate with ufrag bZMEKPBbzupOsnCB because it doesn't match the current ufrags
pc ERROR: 2026/08/06 09:52:26 dropping candidate with ufrag jQcEtckeCFsclyDY because it doesn't match the current ufrags
pc ERROR: 2026/08/06 09:52:26 dropping candidate with ufrag jQcEtckeCFsclyDY because it doesn't match the current ufrags
pc ERROR: 2026/08/06 09:52:26 dropping candidate with ufrag gYcoIoPHrXdzipvt because it doesn't match the current ufrags
pc ERROR: 2026/08/06 09:52:26 dropping candidate with ufrag gYcoIoPHrXdzipvt because it doesn't match the current ufrags
pc ERROR: 2026/08/06 09:52:42 dropping candidate with ufrag sbUBHsMmPKFqNOAi because it doesn't match the current ufrags
pc ERROR: 2026/08/06 09:52:42 dropping candidate with ufrag sbUBHsMmPKFqNOAi because it doesn't match the current ufrags
pc ERROR: 2026/08/06 09:52:42 dropping candidate with ufrag EooRoctQtHfWhgXe because it doesn't match the current ufrags
pc ERROR: 2026/08/06 09:52:42 dropping candidate with ufrag EooRoctQtHfWhgXe because it doesn't match the current ufrags
pc ERROR: 2026/08/06 09:52:58 dropping candidate with ufrag cwNDTHiJXUPgjtHE because it doesn't match the current ufrags
pc ERROR: 2026/08/06 09:52:58 dropping candidate with ufrag cwNDTHiJXUPgjtHE because it doesn't match the current ufrags
pc ERROR: 2026/08/06 09:52:58 dropping candidate with ufrag eAlowYZFklphBfHT because it doesn't match the current ufrags
pc ERROR: 2026/08/06 09:52:58 dropping candidate with ufrag eAlowYZFklphBfHT because it doesn't match the current ufrags
pc ERROR: 2026/08/06 09:53:14 dropping candidate with ufrag fZNCHVDLRytcPrgB because it doesn't match the current ufrags
pc ERROR: 2026/08/06 09:53:14 dropping candidate with ufrag fZNCHVDLRytcPrgB because it doesn't match the current ufrags
pc ERROR: 2026/08/06 09:53:15 dropping candidate with ufrag aoKLUAlOoEgAJThP because it doesn't match the current ufrags
pc ERROR: 2026/08/06 09:53:15 dropping candidate with ufrag aoKLUAlOoEgAJThP because it doesn't match the current ufrags
pc ERROR: 2026/08/06 09:53:30 dropping candidate with ufrag ejRlLVudcCfTFtKR because it doesn't match the current ufrags
pc ERROR: 2026/08/06 09:53:30 dropping candidate with ufrag ejRlLVudcCfTFtKR because it doesn't match the current ufrags
pc ERROR: 2026/08/06 09:53:31 dropping candidate with ufrag lsZqwAtceuoVLCBs because it doesn't match the current ufrags
pc ERROR: 2026/08/06 09:53:31 dropping candidate with ufrag lsZqwAtceuoVLCBs because it doesn't match the current ufrags
