pc ERROR: 2026/08/06 09:51:54 dropping candidate with ufrag FCHjfGfPmpHRxQjN because it doesn't match the current ufrags
pc ERROR: 2026/08/06 09:51:54 dropping candidate with ufrag FCHjfGfPmpHRxQjN because it doesn't match the current ufrags
pc ERROR: 2026/08/06 09:51:54 dropping candidate with ufrag ENfRADCRZuaRjice because it doesn't match the current ufrags
pc ERROR: 2026/08/06 09:51:54 dropping candidate with ufrag ENfRADCRZuaRjice because it doesn't match the current ufrags
pc ERROR: 2026/08/06 09:51:55 dropping candidate with ufrag FPVrKrivnlthOxYD because it doesn't match the current ufrags
pc ERROR: 2026/08/06 09:51:55 dropping candidate with ufrag FPVrKrivnlthOxYD because it doesn't match the current ufrags
pc ERROR: 2026/08/06 09:52:09 dropping candidate with ufrag LDIzXNNwYrmDfWLn because it doesn't match the current ufrags
pc ERROR: 2026/08/06 09:52:09 dropping candidate with ufrag LDIzXNNwYrmDfWLn because it doesn't match the current ufrags
pc ERROR: 2026/08/06 09:52:09 dropping candidate with ufrag HyaXvJkiCOMqnvCV because it doesn't match the current ufrags
pc ERROR: 2026/08/06 09:52:09 dropping candidate with ufrag HyaXvJkiCOMqnvCV because it doesn't match the current ufrags
pc ERROR: 2026/08/06 09:52:11 dropping candidate with ufrag zbOcSrNTddzTjbhJ because it doesn't match the current ufrags
pc ERROR: 2026/08/06 09:52:11 dropping candidate with ufrag zbOcSrNTddzTjbhJ because it doesn't match the current ufrags
pc ERROR: 2026/08/06 09:52:27 dropping candidate with ufrag sfyiQyjsWyOJRuer because it doesn't match the current ufrags
pc ERROR: 2026/08/06 09:52:27 dropping candidate with ufrag LFITwTNGEsxLvEoT because it doesn't match the current ufrags
pc ERROR: 2026/08/06 09:52:27 dropping candidate with ufrag LFITwTNGEsxLvEoT because it doesn't match the current ufrags
pc ERROR: 2026/08/06 09:52:43 dropping candidate with ufrag UVjgHXkTfHksMyMZ because it doesn't match the current ufrags
pc ERROR: 2026/08/06 09:52:43 dropping candidate with ufrag UVjgHXkTfHksMyMZ because it doesn't match the current ufrags
pc ERROR: 2026/08/06 09:52:44 dropping candidate with ufrag VTGoHQjMouQwyNKw because it doesn't match the current ufrags
pc ERROR: 2026/08/06 09:52:44 dropping candidate with ufrag VTGoHQjMouQwyNKw because it doesn't match the current ufrags
pc ERROR: 2026/08/06 09:52:59 dropping candidate with ufrag ZiQnXhKkaNyeXWxM because it doesn't match the current ufrags
pc ERROR: 2026/08/06 09:52:59 dropping candidate with ufrag ZiQnXhKkaNyeXWxM because it doesn't match the current ufrags
pc ERROR: 2026/08/06 09:53:00 dropping candidate with ufrag CaOaPPYGiVxYAaEW because it doesn't match the current ufrags
pc ERROR: 2026/08/06 09:53:00 dropping candidate with ufrag CaOaPPYGiVxYAaEW because it doesn't match the current ufrags
pc ERROR: 2026/08/06 09:53:15 dropping candidate with ufrag wFMxifRGDYylraap because it doesn't match the current ufrags
pc ERROR: 2026/08/06 09:53:15 dropping candidate with ufrag wFMxifRGDYylraap because it doesn't match the current ufrags
pc ERROR: 2026/08/06 09:53:16 dropping candidate with ufrag RfmEncNHObRuqdFP because it doesn't match the current ufrags
pc ERROR: 2026/08/06 09:53:16 dropping candidate with ufrag RfmEncNHObRuqdFP because it doesn't match the current ufrags
pc ERROR: 2026/08/06 09:53:31 dropping candidate with ufrag hVWjGmeMzOoxiHzZ because it doesn't match the current ufrags
pc ERROR: 2026/08/06 09:53:31 dropping candidate with ufrag hVWjGmeMzOoxiHzZ because it doesn't match the current ufrags
pc ERROR: 2026/08/06 09:53:32 dropping candidate with ufrag qIQjxbBJzJEUpUJS because it doesn't match the current ufrags
pc ERROR: 2026/08/06 09:53:32 dropping candidate with ufrag qIQjxbBJzJEUpUJS because it doesn't match the current ufrags
