Starting load test with 2 video publishers, 2 subscribers, room: ceil-01-1785984664-20874
publishing simulcast video track - trqvt_pub_0
publishing simulcast video track - trqvt_pub_1
Finished connecting to room, waiting 30s
subscribed to track trqvt_3 TR_VC4fpAwgihq5s4 video 1/2
subscribed to track trqvt_2 TR_VC4fpAwgihq5s4 video 1/1
subscribed to track trqvt_2 TR_VCc9p7GC5YPABV video 2/2
subscribed to track trqvt_3 TR_VCc9p7GC5YPABV video 2/2

Track loading:
┌────────┬───────────────────┬───────┬───────┬─────────┬───────────┐
│ Tester │ Track             │ Kind  │ Pkts. │ Bitrate │ Pkt. Loss │
├────────┼───────────────────┼───────┼───────┼─────────┼───────────┤
│ Sub 0  │ TR_VCc9p7GC5YPABV │ video │ 5804  │ 1.8mbps │ 0 (0%)    │
│        │ TR_VC4fpAwgihq5s4 │ video │ 4478  │ 1.3mbps │ 0 (0%)    │
│        │                   │       │       │         │           │
│ Sub 1  │ TR_VCc9p7GC5YPABV │ video │ 5803  │ 1.8mbps │ 0 (0%)    │
│        │ TR_VC4fpAwgihq5s4 │ video │ 4477  │ 1.3mbps │ 0 (0%)    │
└────────┴───────────────────┴───────┴───────┴─────────┴───────────┘

Subscriber summaries:
┌────────┬────────┬───────────────────────┬─────────────────┬───────┐
│ Tester │ Tracks │ Bitrate               │ Total Pkt. Loss │ Error │
├────────┼────────┼───────────────────────┼─────────────────┼───────┤
│ Sub 0  │ 2/2    │ 3.0mbps               │ 0 (0%)          │ -     │
│ Sub 1  │ 2/2    │ 3.0mbps               │ 0 (0%)          │ -     │
│ Total  │ 4/4    │ 6.1mbps (3.0mbps avg) │ 0 (0%)          │ 0     │
└────────┴────────┴───────────────────────┴─────────────────┴───────┘
