pc ERROR: 2026/08/06 09:51:54 dropping candidate with ufrag IWLxhMTqxhRzwoAT because it doesn't match the current ufrags
pc ERROR: 2026/08/06 09:51:54 dropping candidate with ufrag IWLxhMTqxhRzwoAT because it doesn't match the current ufrags
pc ERROR: 2026/08/06 09:51:54 dropping candidate with ufrag LSiwjXvCLoUxZpQZ because it doesn't match the current ufrags
pc ERROR: 2026/08/06 09:51:54 dropping candidate with ufrag LSiwjXvCLoUxZpQZ because it doesn't match the current ufrags
pc ERROR: 2026/08/06 09:51:55 dropping candidate with ufrag zBNkruVriANLKiqc because it doesn't match the current ufrags
pc ERROR: 2026/08/06 09:51:55 dropping candidate with ufrag zBNkruVriANLKiqc because it doesn't match the current ufrags
pc ERROR: 2026/08/06 09:52:09 dropping candidate with ufrag qPuPPiXNqJicyOaj because it doesn't match the current ufrags
pc ERROR: 2026/08/06 09:52:09 dropping candidate with ufrag qPuPPiXNqJicyOaj because it doesn't match the current ufrags
pc ERROR: 2026/08/06 09:52:09 dropping candidate with ufrag IoTGchBmqHPRawuN because it doesn't match the current ufrags
pc ERROR: 2026/08/06 09:52:09 dropping candidate with ufrag IoTGchBmqHPRawuN because it doesn't match the current ufrags
pc ERROR: 2026/08/06 09:52:11 dropping candidate with ufrag brgAeSCOlFFLkXLL because it doesn't match the current ufrags
pc ERROR: 2026/08/06 09:52:11 dropping candidate with ufrag brgAeSCOlFFLkXLL because it doesn't match the current ufrags
pc ERROR: 2026/08/06 09:52:27 dropping candidate with ufrag IgprXFgqDXlAzcov because it doesn't match the current ufrags
pc ERROR: 2026/08/06 09:52:27 dropping candidate with ufrag IgprXFgqDXlAzcov because it doesn't match the current ufrags
pc ERROR: 2026/08/06 09:52:27 dropping candidate with ufrag HdGlYcUULYNcwpzs because it doesn't match the current ufrags
pc ERROR: 2026/08/06 09:52:27 dropping candidate with ufrag HdGlYcUULYNcwpzs because it doesn't match the current ufrags
pc ERROR: 2026/08/06 09:52:43 dropping candidate with ufrag rLwEDKznXlAlOesL because it doesn't match the current ufrags
pc ERROR: 2026/08/06 09:52:43 dropping candidate with ufrag rLwEDKznXlAlOesL because it doesn't match the current ufrags
pc ERROR: 2026/08/06 09:52:59 dropping candidate with ufrag sQKnbvWgOtNPxQui because it doesn't match the current ufrags
pc ERROR: 2026/08/06 09:52:59 dropping candidate with ufrag sQKnbvWgOtNPxQui because it doesn't match the current ufrags
pc ERROR: 2026/08/06 09:53:15 dropping candidate with ufrag tAXVOEQpAEGwMymu because it doesn't match the current ufrags
pc ERROR: 2026/08/06 09:53:15 dropping candidate with ufrag tAXVOEQpAEGwMymu because it doesn't match the current ufrags
pc ERROR: 2026/08/06 09:53:31 dropping candidate with ufrag BuBQLgKvJZQtzFnV because it doesn't match the current ufrags
pc ERROR: 2026/08/06 09:53:31 dropping candidate with ufrag BuBQLgKvJZQtzFnV because it doesn't match the current ufrags
