Starting load test with 2 video publishers, 2 subscribers, room: ceil-00-1785984664-23069
publishing simulcast video track - enskn_pub_1
publishing simulcast video track - enskn_pub_0
Finished connecting to room, waiting 30s
subscribed to track enskn_3 TR_VCMDUXw33LHbh6 video 1/2
subscribed to track enskn_2 TR_VCMDUXw33LHbh6 video 1/2
subscribed to track enskn_2 TR_VCJFZvDwL25nD6 video 2/2
subscribed to track enskn_3 TR_VCJFZvDwL25nD6 video 2/2

Track loading:
┌────────┬───────────────────┬───────┬───────┬───────────┬───────────┐
│ Tester │ Track             │ Kind  │ Pkts. │ Bitrate   │ Pkt. Loss │
├────────┼───────────────────┼───────┼───────┼───────────┼───────────┤
│ Sub 0  │ TR_VCJFZvDwL25nD6 │ video │ 1099  │ 298.8kbps │ 0 (0%)    │
│        │ TR_VCMDUXw33LHbh6 │ video │ 5827  │ 1.8mbps   │ 0 (0%)    │
│        │                   │       │       │           │           │
│ Sub 1  │ TR_VCMDUXw33LHbh6 │ video │ 5827  │ 1.8mbps   │ 0 (0%)    │
│        │ TR_VCJFZvDwL25nD6 │ video │ 1099  │ 298.8kbps │ 0 (0%)    │
└────────┴───────────────────┴───────┴───────┴───────────┴───────────┘

Subscriber summaries:
┌────────┬────────┬───────────────────────┬─────────────────┬───────┐
│ Tester │ Tracks │ Bitrate               │ Total Pkt. Loss │ Error │
├────────┼────────┼───────────────────────┼─────────────────┼───────┤
│ Sub 0  │ 2/2    │ 2.1mbps               │ 0 (0%)          │ -     │
│ Sub 1  │ 2/2    │ 2.1mbps               │ 0 (0%)          │ -     │
│ Total  │ 4/4    │ 4.1mbps (2.1mbps avg) │ 0 (0%)          │ 0     │
└────────┴────────┴───────────────────────┴─────────────────┴───────┘
