Starting load test with 2 video publishers, 2 subscribers, room: ceil-04-1785984665-7233
publishing simulcast video track - wshfl_pub_0
publishing simulcast video track - wshfl_pub_1
Finished connecting to room, waiting 30s
subscribed to track wshfl_2 TR_VCYbvqARg9qB2w video 1/2
subscribed to track wshfl_3 TR_VCYbvqARg9qB2w video 1/2
subscribed to track wshfl_2 TR_VC94v4JGjFfzRf video 2/2
subscribed to track wshfl_3 TR_VC94v4JGjFfzRf video 2/2

Track loading:
┌────────┬───────────────────┬───────┬───────┬───────────┬────────────┐
│ Tester │ Track             │ Kind  │ Pkts. │ Bitrate   │ Pkt. Loss  │
├────────┼───────────────────┼───────┼───────┼───────────┼────────────┤
│ Sub 0  │ TR_VC94v4JGjFfzRf │ video │ 1172  │ 335.4kbps │ 0 (0%)     │
│        │ TR_VCYbvqARg9qB2w │ video │ 1887  │ 541.7kbps │ 1 (0.053%) │
│        │                   │       │       │           │            │
│ Sub 1  │ TR_VCYbvqARg9qB2w │ video │ 1875  │ 538.1kbps │ 1 (0.053%) │
│        │ TR_VC94v4JGjFfzRf │ video │ 1175  │ 336.6kbps │ 0 (0%)     │
└────────┴───────────────────┴───────┴───────┴───────────┴────────────┘

Subscriber summaries:
┌────────┬────────┬─────────────────────────┬─────────────────┬───────┐
│ Tester │ Tracks │ Bitrate                 │ Total Pkt. Loss │ Error │
├────────┼────────┼─────────────────────────┼─────────────────┼───────┤
│ Sub 0  │ 2/2    │ 875.8kbps               │ 1 (0.033%)      │ -     │
│ Sub 1  │ 2/2    │ 873.1kbps               │ 1 (0.033%)      │ -     │
│ Total  │ 4/4    │ 1.7mbps (874.2kbps avg) │ 2 (0.033%)      │ 0     │
└────────┴────────┴─────────────────────────┴─────────────────┴───────┘
