Starting load test with 2 video publishers, 2 subscribers, room: ceil-01-1785984864-10903
publishing simulcast video track - wjgfd_pub_0
publishing simulcast video track - wjgfd_pub_1
Finished connecting to room, waiting 30s
subscribed to track wjgfd_3 TR_VCEuA289mdG5zz video 1/2
subscribed to track wjgfd_3 TR_VCqbqkQvDenSE6 video 2/2
subscribed to track wjgfd_2 TR_VCEuA289mdG5zz video 1/2
subscribed to track wjgfd_2 TR_VCqbqkQvDenSE6 video 2/2

Track loading:
┌────────┬───────────────────┬───────┬───────┬───────────┬───────────┐
│ Tester │ Track             │ Kind  │ Pkts. │ Bitrate   │ Pkt. Loss │
├────────┼───────────────────┼───────┼───────┼───────────┼───────────┤
│ Sub 0  │ TR_VCqbqkQvDenSE6 │ video │ 1102  │ 298.1kbps │ 0 (0%)    │
│        │ TR_VCEuA289mdG5zz │ video │ 5877  │ 1.8mbps   │ 0 (0%)    │
│        │                   │       │       │           │           │
│ Sub 1  │ TR_VCqbqkQvDenSE6 │ video │ 1105  │ 295.2kbps │ 0 (0%)    │
│        │ TR_VCEuA289mdG5zz │ video │ 5877  │ 1.8mbps   │ 0 (0%)    │
└────────┴───────────────────┴───────┴───────┴───────────┴───────────┘

Subscriber summaries:
┌────────┬────────┬───────────────────────┬─────────────────┬───────┐
│ Tester │ Tracks │ Bitrate               │ Total Pkt. Loss │ Error │
├────────┼────────┼───────────────────────┼─────────────────┼───────┤
│ Sub 0  │ 2/2    │ 2.1mbps               │ 0 (0%)          │ -     │
│ Sub 1  │ 2/2    │ 2.1mbps               │ 0 (0%)          │ -     │
│ Total  │ 4/4    │ 4.2mbps (2.1mbps avg) │ 0 (0%)          │ 0     │
└────────┴────────┴───────────────────────┴─────────────────┴───────┘
