pc ERROR: 2026/08/06 09:55:15 dropping candidate with ufrag zZsbZPpuRxvdmYuu because it doesn't match the current ufrags
pc ERROR: 2026/08/06 09:55:15 dropping candidate with ufrag zZsbZPpuRxvdmYuu because it doesn't match the current ufrags
pc ERROR: 2026/08/06 09:55:30 dropping candidate with ufrag IvPqjETUyCUlbsoB because it doesn't match the current ufrags
pc ERROR: 2026/08/06 09:55:30 dropping candidate with ufrag IvPqjETUyCUlbsoB because it doesn't match the current ufrags
pc ERROR: 2026/08/06 09:55:47 dropping candidate with ufrag qbjgiKcfWIkqjbMq because it doesn't match the current ufrags
pc ERROR: 2026/08/06 09:55:47 dropping candidate with ufrag qbjgiKcfWIkqjbMq because it doesn't match the current ufrags
pc ERROR: 2026/08/06 09:55:48 dropping candidate with ufrag nyhUDmGZYOmAmGfJ because it doesn't match the current ufrags
pc ERROR: 2026/08/06 09:55:48 dropping candidate with ufrag nyhUDmGZYOmAmGfJ because it doesn't match the current ufrags
pc ERROR: 2026/08/06 09:55:48 dropping candidate with ufrag LQkaIjNwzfMPixjf because it doesn't match the current ufrags
pc ERROR: 2026/08/06 09:55:48 dropping candidate with ufrag LQkaIjNwzfMPixjf because it doesn't match the current ufrags
pc ERROR: 2026/08/06 09:56:02 dropping candidate with ufrag tumGEfFwhrXiAVsT because it doesn't match the current ufrags
pc ERROR: 2026/08/06 09:56:02 dropping candidate with ufrag tumGEfFwhrXiAVsT because it doesn't match the current ufrags
pc ERROR: 2026/08/06 09:56:04 dropping candidate with ufrag WbRdRFzvhebkOWUS because it doesn't match the current ufrags
pc ERROR: 2026/08/06 09:56:04 dropping candidate with ufrag WbRdRFzvhebkOWUS because it doesn't match the current ufrags
pc ERROR: 2026/08/06 09:56:04 dropping candidate with ufrag seWPyhsTRjnNvFPk because it doesn't match the current ufrags
pc ERROR: 2026/08/06 09:56:04 dropping candidate with ufrag seWPyhsTRjnNvFPk because it doesn't match the current ufrags
pc ERROR: 2026/08/06 09:56:20 dropping candidate with ufrag tiyKXBKOTaurFHCS because it doesn't match the current ufrags
pc ERROR: 2026/08/06 09:56:20 dropping candidate with ufrag tiyKXBKOTaurFHCS because it doesn't match the current ufrags
pc ERROR: 2026/08/06 09:56:20 dropping candidate with ufrag njVRApdcgSQVpVSn because it doesn't match the current ufrags
pc ERROR: 2026/08/06 09:56:20 dropping candidate with ufrag njVRApdcgSQVpVSn because it doesn't match the current ufrags
pc ERROR: 2026/08/06 09:56:36 dropping candidate with ufrag iOwRoawYnBTiLnLO because it doesn't match the current ufrags
pc ERROR: 2026/08/06 09:56:36 dropping candidate with ufrag iOwRoawYnBTiLnLO because it doesn't match the current ufrags
pc ERROR: 2026/08/06 09:56:36 dropping candidate with ufrag RZkstZXfGOUMZSJS because it doesn't match the current ufrags
pc ERROR: 2026/08/06 09:56:36 dropping candidate with ufrag RZkstZXfGOUMZSJS because it doesn't match the current ufrags
pc ERROR: 2026/08/06 09:56:52 dropping candidate with ufrag ZOvyOALUItmlNPUV because it doesn't match the current ufrags
pc ERROR: 2026/08/06 09:56:52 dropping candidate with ufrag ZOvyOALUItmlNPUV because it doesn't match the current ufrags
pc ERROR: 2026/08/06 09:56:52 dropping candidate with ufrag uglPFNdgPIlITeWd because it doesn't match the current ufrags
pc ERROR: 2026/08/06 09:56:52 dropping candidate with ufrag uglPFNdgPIlITeWd because it doesn't match the current ufrags
