pc ERROR: 2026/08/06 09:55:48 dropping candidate with ufrag VldDHzxothJLaonU because it doesn't match the current ufrags
pc ERROR: 2026/08/06 09:55:48 dropping candidate with ufrag VldDHzxothJLaonU because it doesn't match the current ufrags
pc ERROR: 2026/08/06 09:55:48 dropping candidate with ufrag phlVimLffMvzUCjf because it doesn't match the current ufrags
pc ERROR: 2026/08/06 09:55:49 dropping candidate with ufrag dmvXzvRDnGXeLPgb because it doesn't match the current ufrags
pc ERROR: 2026/08/06 09:55:49 dropping candidate with ufrag dmvXzvRDnGXeLPgb because it doesn't match the current ufrags
pc ERROR: 2026/08/06 09:56:03 dropping candidate with ufrag HGewqEyGEWaqanNf because it doesn't match the current ufrags
pc ERROR: 2026/08/06 09:56:03 dropping candidate with ufrag HGewqEyGEWaqanNf because it doesn't match the current ufrags
pc ERROR: 2026/08/06 09:56:03 dropping candidate with ufrag AGcwBAHvIingIqrS because it doesn't match the current ufrags
pc ERROR: 2026/08/06 09:56:03 dropping candidate with ufrag AGcwBAHvIingIqrS because it doesn't match the current ufrags
pc ERROR: 2026/08/06 09:56:05 dropping candidate with ufrag EKpxiQWaTuKZGdbK because it doesn't match the current ufrags
pc ERROR: 2026/08/06 09:56:05 dropping candidate with ufrag EKpxiQWaTuKZGdbK because it doesn't match the current ufrags
pc ERROR: 2026/08/06 09:56:20 dropping candidate with ufrag kdVTbVemIIdpzZkd because it doesn't match the current ufrags
pc ERROR: 2026/08/06 09:56:20 dropping candidate with ufrag kdVTbVemIIdpzZkd because it doesn't match the current ufrags
pc ERROR: 2026/08/06 09:56:21 dropping candidate with ufrag yPLAJMKFNAnCuOIU because it doesn't match the current ufrags
pc ERROR: 2026/08/06 09:56:21 dropping candidate with ufrag yPLAJMKFNAnCuOIU because it doesn't match the current ufrags
pc ERROR: 2026/08/06 09:56:35 dropping candidate with ufrag VbDCbITogvuOYVHW because it doesn't match the current ufrags
pc ERROR: 2026/08/06 09:56:35 dropping candidate with ufrag VbDCbITogvuOYVHW because it doesn't match the current ufrags
pc ERROR: 2026/08/06 09:56:37 dropping candidate with ufrag mtlXqlhiylHYEeNE because it doesn't match the current ufrags
pc ERROR: 2026/08/06 09:56:37 dropping candidate with ufrag mtlXqlhiylHYEeNE because it doesn't match the current ufrags
pc ERROR: 2026/08/06 09:56:53 dropping candidate with ufrag dzoYszPFnQpMZOVP because it doesn't match the current ufrags
pc ERROR: 2026/08/06 09:56:53 dropping candidate with ufrag dzoYszPFnQpMZOVP because it doesn't match the current ufrags
