Starting load test with 2 video publishers, 2 subscribers, room: ceil-03-1785984864-18910
publishing simulcast video track - smmko_pub_1
publishing simulcast video track - smmko_pub_0
Finished connecting to room, waiting 30s
subscribed to track smmko_2 TR_VCP54wpEXZ8Aeh video 1/1
subscribed to track smmko_3 TR_VCP54wpEXZ8Aeh video 1/1
subscribed to track smmko_2 TR_VCPgfqPSmBipFG video 2/2
subscribed to track smmko_3 TR_VCPgfqPSmBipFG video 2/2

Track loading:
┌────────┬───────────────────┬───────┬───────┬───────────┬───────────┐
│ Tester │ Track             │ Kind  │ Pkts. │ Bitrate   │ Pkt. Loss │
├────────┼───────────────────┼───────┼───────┼───────────┼───────────┤
│ Sub 0  │ TR_VCPgfqPSmBipFG │ video │ 1331  │ 382.9kbps │ 0 (0%)    │
│        │ TR_VCP54wpEXZ8Aeh │ video │ 4472  │ 1.3mbps   │ 0 (0%)    │
│        │                   │       │       │           │           │
│ Sub 1  │ TR_VCPgfqPSmBipFG │ video │ 1331  │ 383.1kbps │ 0 (0%)    │
│        │ TR_VCP54wpEXZ8Aeh │ video │ 4471  │ 1.3mbps   │ 0 (0%)    │
└────────┴───────────────────┴───────┴───────┴───────────┴───────────┘

Subscriber summaries:
┌────────┬────────┬───────────────────────┬─────────────────┬───────┐
│ Tester │ Tracks │ Bitrate               │ Total Pkt. Loss │ Error │
├────────┼────────┼───────────────────────┼─────────────────┼───────┤
│ Sub 0  │ 2/2    │ 1.6mbps               │ 0 (0%)          │ -     │
│ Sub 1  │ 2/2    │ 1.6mbps               │ 0 (0%)          │ -     │
│ Total  │ 4/4    │ 3.3mbps (1.6mbps avg) │ 0 (0%)          │ 0     │
└────────┴────────┴───────────────────────┴─────────────────┴───────┘
