pc ERROR: 2026/08/06 09:55:14 dropping candidate with ufrag xiooRouMyosbzbFI because it doesn't match the current ufrags
pc ERROR: 2026/08/06 09:55:14 dropping candidate with ufrag xiooRouMyosbzbFI because it doesn't match the current ufrags
pc ERROR: 2026/08/06 09:55:15 dropping candidate with ufrag DnpJIudTyLebETAH because it doesn't match the current ufrags
pc ERROR: 2026/08/06 09:55:15 dropping candidate with ufrag DnpJIudTyLebETAH because it doesn't match the current ufrags
pc ERROR: 2026/08/06 09:55:15 dropping candidate with ufrag vhsDRRDPSWpPjNrl because it doesn't match the current ufrags
pc ERROR: 2026/08/06 09:55:15 dropping candidate with ufrag vhsDRRDPSWpPjNrl because it doesn't match the current ufrags
pc ERROR: 2026/08/06 09:55:15 dropping candidate with ufrag vRlZxUptkQnQfIPO because it doesn't match the current ufrags
pc ERROR: 2026/08/06 09:55:15 dropping candidate with ufrag vRlZxUptkQnQfIPO because it doesn't match the current ufrags
pc ERROR: 2026/08/06 09:55:29 dropping candidate with ufrag NrGSpqphpZKGTYOE because it doesn't match the current ufrags
pc ERROR: 2026/08/06 09:55:29 dropping candidate with ufrag NrGSpqphpZKGTYOE because it doesn't match the current ufrags
pc ERROR: 2026/08/06 09:55:30 dropping candidate with ufrag wyqCmlmlhYOVSBTo because it doesn't match the current ufrags
pc ERROR: 2026/08/06 09:55:30 dropping candidate with ufrag wyqCmlmlhYOVSBTo because it doesn't match the current ufrags
pc ERROR: 2026/08/06 09:55:30 dropping candidate with ufrag oCofUsvTLKmmLhiQ because it doesn't match the current ufrags
pc ERROR: 2026/08/06 09:55:30 dropping candidate with ufrag oCofUsvTLKmmLhiQ because it doesn't match the current ufrags
pc ERROR: 2026/08/06 09:55:31 dropping candidate with ufrag TMudaXgGbiytyOCp because it doesn't match the current ufrags
pc ERROR: 2026/08/06 09:55:31 dropping candidate with ufrag TMudaXgGbiytyOCp because it doesn't match the current ufrags
pc ERROR: 2026/08/06 09:55:47 dropping candidate with ufrag IggyIMiQZROcRzDK because it doesn't match the current ufrags
pc ERROR: 2026/08/06 09:55:47 dropping candidate with ufrag IggyIMiQZROcRzDK because it doesn't match the current ufrags
pc ERROR: 2026/08/06 09:56:02 dropping candidate with ufrag jtxbfeRdenRUUodQ because it doesn't match the current ufrags
pc ERROR: 2026/08/06 09:56:02 dropping candidate with ufrag jtxbfeRdenRUUodQ because it doesn't match the current ufrags
pc ERROR: 2026/08/06 09:56:03 dropping candidate with ufrag awwvSaFMdjcfbDfu because it doesn't match the current ufrags
pc ERROR: 2026/08/06 09:56:03 dropping candidate with ufrag awwvSaFMdjcfbDfu because it doesn't match the current ufrags
pc ERROR: 2026/08/06 09:56:19 dropping candidate with ufrag FguPStQIrlfvSYwg because it doesn't match the current ufrags
pc ERROR: 2026/08/06 09:56:19 dropping candidate with ufrag FguPStQIrlfvSYwg because it doesn't match the current ufrags
pc ERROR: 2026/08/06 09:56:35 dropping candidate with ufrag WogmclsRxmOCncYC because it doesn't match the current ufrags
pc ERROR: 2026/08/06 09:56:35 dropping candidate with ufrag WogmclsRxmOCncYC because it doesn't match the current ufrags
pc ERROR: 2026/08/06 09:56:52 dropping candidate with ufrag LNtNcrdjwgAAhDDi because it doesn't match the current ufrags
pc ERROR: 2026/08/06 09:56:52 dropping candidate with ufrag LNtNcrdjwgAAhDDi because it doesn't match the current ufrags
