Starting load test with 2 video publishers, 2 subscribers, room: ceil-02-1785984864-30676
publishing simulcast video track - alcws_pub_1
publishing simulcast video track - alcws_pub_0
Finished connecting to room, waiting 30s
subscribed to track alcws_3 TR_VCVAUWvoWXZbdX video 1/2
subscribed to track alcws_2 TR_VCVAUWvoWXZbdX video 1/2
subscribed to track alcws_3 TR_VCiV3Bknt9mRMn video 2/2
subscribed to track alcws_2 TR_VCiV3Bknt9mRMn video 2/2

Track loading:
┌────────┬───────────────────┬───────┬───────┬───────────┬───────────┐
│ Tester │ Track             │ Kind  │ Pkts. │ Bitrate   │ Pkt. Loss │
├────────┼───────────────────┼───────┼───────┼───────────┼───────────┤
│ Sub 0  │ TR_VCVAUWvoWXZbdX │ video │ 4391  │ 1.3mbps   │ 0 (0%)    │
│        │ TR_VCiV3Bknt9mRMn │ video │ 1430  │ 419.2kbps │ 0 (0%)    │
│        │                   │       │       │           │           │
│ Sub 1  │ TR_VCVAUWvoWXZbdX │ video │ 4391  │ 1.3mbps   │ 0 (0%)    │
│        │ TR_VCiV3Bknt9mRMn │ video │ 1430  │ 418.4kbps │ 0 (0%)    │
└────────┴───────────────────┴───────┴───────┴───────────┴───────────┘

Subscriber summaries:
┌────────┬────────┬───────────────────────┬─────────────────┬───────┐
│ Tester │ Tracks │ Bitrate               │ Total Pkt. Loss │ Error │
├────────┼────────┼───────────────────────┼─────────────────┼───────┤
│ Sub 0  │ 2/2    │ 1.7mbps               │ 0 (0%)          │ -     │
│ Sub 1  │ 2/2    │ 1.7mbps               │ 0 (0%)          │ -     │
│ Total  │ 4/4    │ 3.5mbps (1.7mbps avg) │ 0 (0%)          │ 0     │
└────────┴────────┴───────────────────────┴─────────────────┴───────┘
