pc ERROR: 2026/08/06 09:55:15 dropping candidate with ufrag KsbhCilxGdmcXsWU because it doesn't match the current ufrags
pc ERROR: 2026/08/06 09:55:15 dropping candidate with ufrag KsbhCilxGdmcXsWU because it doesn't match the current ufrags
pc ERROR: 2026/08/06 09:55:15 dropping candidate with ufrag qGiZZGHGayoKZWWu because it doesn't match the current ufrags
pc ERROR: 2026/08/06 09:55:15 dropping candidate with ufrag qGiZZGHGayoKZWWu because it doesn't match the current ufrags
pc ERROR: 2026/08/06 09:55:15 dropping candidate with ufrag VMImGmCssvNMGhFG because it doesn't match the current ufrags
pc ERROR: 2026/08/06 09:55:15 dropping candidate with ufrag VMImGmCssvNMGhFG because it doesn't match the current ufrags
pc ERROR: 2026/08/06 09:55:15 dropping candidate with ufrag CREOfpwTeUYgsWfV because it doesn't match the current ufrags
pc ERROR: 2026/08/06 09:55:15 dropping candidate with ufrag CREOfpwTeUYgsWfV because it doesn't match the current ufrags
pc ERROR: 2026/08/06 09:55:30 dropping candidate with ufrag CbXDFFOsNeVVluaf because it doesn't match the current ufrags
pc ERROR: 2026/08/06 09:55:30 dropping candidate with ufrag CbXDFFOsNeVVluaf because it doesn't match the current ufrags
pc ERROR: 2026/08/06 09:55:31 dropping candidate with ufrag JTdneiFEHeWKERvB because it doesn't match the current ufrags
pc ERROR: 2026/08/06 09:55:31 dropping candidate with ufrag JTdneiFEHeWKERvB because it doesn't match the current ufrags
pc ERROR: 2026/08/06 09:55:31 dropping candidate with ufrag WkWicYbpUYPJeJHk because it doesn't match the current ufrags
pc ERROR: 2026/08/06 09:55:31 dropping candidate with ufrag WkWicYbpUYPJeJHk because it doesn't match the current ufrags
pc ERROR: 2026/08/06 09:55:31 dropping candidate with ufrag VVRJQDefVxwxXiLP because it doesn't match the current ufrags
pc ERROR: 2026/08/06 09:55:31 dropping candidate with ufrag VVRJQDefVxwxXiLP because it doesn't match the current ufrags
pc ERROR: 2026/08/06 09:55:47 dropping candidate with ufrag oxuJvaIusaRGYCPt because it doesn't match the current ufrags
pc ERROR: 2026/08/06 09:55:47 dropping candidate with ufrag oxuJvaIusaRGYCPt because it doesn't match the current ufrags
pc ERROR: 2026/08/06 09:55:47 dropping candidate with ufrag ZfUMmgDImDiiJsfJ because it doesn't match the current ufrags
pc ERROR: 2026/08/06 09:55:47 dropping candidate with ufrag ZfUMmgDImDiiJsfJ because it doesn't match the current ufrags
pc ERROR: 2026/08/06 09:55:47 dropping candidate with ufrag iSefHvmfOpEugrqA because it doesn't match the current ufrags
pc ERROR: 2026/08/06 09:55:47 dropping candidate with ufrag iSefHvmfOpEugrqA because it doesn't match the current ufrags
pc ERROR: 2026/08/06 09:56:02 dropping candidate with ufrag eVFEPtqjZGojAYBT because it doesn't match the current ufrags
pc ERROR: 2026/08/06 09:56:02 dropping candidate with ufrag eVFEPtqjZGojAYBT because it doesn't match the current ufrags
pc ERROR: 2026/08/06 09:56:03 dropping candidate with ufrag jvQJKXYkrmJxMQCG because it doesn't match the current ufrags
pc ERROR: 2026/08/06 09:56:03 dropping candidate with ufrag jvQJKXYkrmJxMQCG because it doesn't match the current ufrags
pc ERROR: 2026/08/06 09:56:03 dropping candidate with ufrag GWfZpexLlIMdmYGe because it doesn't match the current ufrags
pc ERROR: 2026/08/06 09:56:03 dropping candidate with ufrag GWfZpexLlIMdmYGe because it doesn't match the current ufrags
pc ERROR: 2026/08/06 09:56:03 dropping candidate with ufrag oHreRCPEGyqpUhAI because it doesn't match the current ufrags
pc ERROR: 2026/08/06 09:56:03 dropping candidate with ufrag oHreRCPEGyqpUhAI because it doesn't match the current ufrags
pc ERROR: 2026/08/06 09:56:19 dropping candidate with ufrag lcGNNlJAmdLIawQP because it doesn't match the current ufrags
pc ERROR: 2026/08/06 09:56:19 dropping candidate with ufrag lcGNNlJAmdLIawQP because it doesn't match the current ufrags
pc ERROR: 2026/08/06 09:56:19 dropping candidate with ufrag RlBtrzBOfrEJJHaB because it doesn't match the current ufrags
pc ERROR: 2026/08/06 09:56:19 dropping candidate with ufrag RlBtrzBOfrEJJHaB because it doesn't match the current ufrags
pc ERROR: 2026/08/06 09:56:19 dropping candidate with ufrag gPuWbvPDMDqXemIZ because it doesn't match the current ufrags
pc ERROR: 2026/08/06 09:56:19 dropping candidate with ufrag gPuWbvPDMDqXemIZ because it doesn't match the current ufrags
pc ERROR: 2026/08/06 09:56:35 dropping candidate with ufrag twngPnlTBPfhmqOg because it doesn't match the current ufrags
pc ERROR: 2026/08/06 09:56:35 dropping candidate with ufrag twngPnlTBPfhmqOg because it doesn't match the current ufrags
pc ERROR: 2026/08/06 09:56:35 dropping candidate with ufrag CDHtNgBeZNmMdpjz because it doesn't match the current ufrags
pc ERROR: 2026/08/06 09:56:35 dropping candidate with ufrag CDHtNgBeZNmMdpjz because it doesn't match the current ufrags
pc ERROR: 2026/08/06 09:56:35 dropping candidate with ufrag InkdDSOrnxligDJH because it doesn't match the current ufrags
pc ERROR: 2026/08/06 09:56:35 dropping candidate with ufrag InkdDSOrnxligDJH because it doesn't match the current ufrags
pc ERROR: 2026/08/06 09:56:51 dropping candidate with ufrag FsjUTYhsyPaxPhBc because it doesn't match the current ufrags
pc ERROR: 2026/08/06 09:56:51 dropping candidate with ufrag FsjUTYhsyPaxPhBc because it doesn't match the current ufrags
pc ERROR: 2026/08/06 09:56:51 dropping candidate with ufrag timaSRYXSUHRlPFk because it doesn't match the current ufrags
pc ERROR: 2026/08/06 09:56:51 dropping candidate with ufrag timaSRYXSUHRlPFk because it doesn't match the current ufrags
pc ERROR: 2026/08/06 09:56:51 dropping candidate with ufrag IVocJcOJzedShMIR because it doesn't match the current ufrags
pc ERROR: 2026/08/06 09:56:51 dropping candidate with ufrag IVocJcOJzedShMIR because it doesn't match the current ufrags
