Starting load test with 2 video publishers, 2 subscribers, room: ceil-00-1785984864-6126
publishing simulcast video track - kobvg_pub_0
publishing simulcast video track - kobvg_pub_1
Finished connecting to room, waiting 30s
subscribed to track kobvg_2 TR_VCUtdW9f3kLXn4 video 1/2
subscribed to track kobvg_3 TR_VCUtdW9f3kLXn4 video 1/2
subscribed to track kobvg_3 TR_VC29Z3nxcvdztC video 2/2
subscribed to track kobvg_2 TR_VC29Z3nxcvdztC video 2/2

Track loading:
┌────────┬───────────────────┬───────┬───────┬───────────┬───────────┐
│ Tester │ Track             │ Kind  │ Pkts. │ Bitrate   │ Pkt. Loss │
├────────┼───────────────────┼───────┼───────┼───────────┼───────────┤
│ Sub 0  │ TR_VCUtdW9f3kLXn4 │ video │ 5836  │ 1.8mbps   │ 0 (0%)    │
│        │ TR_VC29Z3nxcvdztC │ video │ 1105  │ 295.1kbps │ 0 (0%)    │
│        │                   │       │       │           │           │
│ Sub 1  │ TR_VC29Z3nxcvdztC │ video │ 1106  │ 293.2kbps │ 0 (0%)    │
│        │ TR_VCUtdW9f3kLXn4 │ video │ 5836  │ 1.8mbps   │ 0 (0%)    │
└────────┴───────────────────┴───────┴───────┴───────────┴───────────┘

Subscriber summaries:
┌────────┬────────┬───────────────────────┬─────────────────┬───────┐
│ Tester │ Tracks │ Bitrate               │ Total Pkt. Loss │ Error │
├────────┼────────┼───────────────────────┼─────────────────┼───────┤
│ Sub 0  │ 2/2    │ 2.1mbps               │ 0 (0%)          │ -     │
│ Sub 1  │ 2/2    │ 2.1mbps               │ 0 (0%)          │ -     │
│ Total  │ 4/4    │ 4.1mbps (2.1mbps avg) │ 0 (0%)          │ 0     │
└────────┴────────┴───────────────────────┴─────────────────┴───────┘
