Starting load test with 2 video publishers, 2 subscribers, room: ceil-05-1785984865-20156
publishing simulcast video track - igktp_pub_1
publishing simulcast video track - igktp_pub_0
Finished connecting to room, waiting 30s
subscribed to track igktp_3 TR_VC4acZtn79Jffw video 1/1
subscribed to track igktp_2 TR_VC4acZtn79Jffw video 1/1
subscribed to track igktp_2 TR_VCXQ8uJkWLFh4S video 2/2

Track loading:
┌────────┬───────────────────┬───────┬───────┬───────────┬────────────┐
│ Tester │ Track             │ Kind  │ Pkts. │ Bitrate   │ Pkt. Loss  │
├────────┼───────────────────┼───────┼───────┼───────────┼────────────┤
│ Sub 0  │ TR_VC4acZtn79Jffw │ video │ 1843  │ 521.4kbps │ 2 (0.108%) │
│        │ TR_VCXQ8uJkWLFh4S │ video │ 12    │ 0bps      │ 0 (0%)     │
│        │                   │       │       │           │            │
│ Sub 1  │ TR_VC4acZtn79Jffw │ video │ 1606  │ 453.0kbps │ 0 (0%)     │
└────────┴───────────────────┴───────┴───────┴───────────┴────────────┘

Subscriber summaries:
┌────────┬────────┬───────────────────────────┬─────────────────┬───────┐
│ Tester │ Tracks │ Bitrate                   │ Total Pkt. Loss │ Error │
├────────┼────────┼───────────────────────────┼─────────────────┼───────┤
│ Sub 0  │ 2/2    │ 521.4kbps                 │ 2 (0.108%)      │ -     │
│ Sub 1  │ 1/2    │ 453.0kbps                 │ 0 (0%)          │ -     │
│ Total  │ 3/4    │ 974.0kbps (487.0kbps avg) │ 2 (0.058%)      │ 0     │
└────────┴────────┴───────────────────────────┴─────────────────┴───────┘
