Starting load test with 2 video publishers, 2 subscribers, room: ceil-04-1785984864-23215
publishing simulcast video track - lauzo_pub_0
publishing simulcast video track - lauzo_pub_1
Finished connecting to room, waiting 30s
subscribed to track lauzo_3 TR_VCiKmeXqxfGXJn video 1/1
subscribed to track lauzo_2 TR_VCiKmeXqxfGXJn video 1/1
subscribed to track lauzo_3 TR_VCbiSEFZGvEqFA video 2/2
subscribed to track lauzo_2 TR_VCbiSEFZGvEqFA video 2/2

Track loading:
┌────────┬───────────────────┬───────┬───────┬───────────┬────────────┐
│ Tester │ Track             │ Kind  │ Pkts. │ Bitrate   │ Pkt. Loss  │
├────────┼───────────────────┼───────┼───────┼───────────┼────────────┤
│ Sub 0  │ TR_VCbiSEFZGvEqFA │ video │ 5     │ 0bps      │ 0 (0%)     │
│        │ TR_VCiKmeXqxfGXJn │ video │ 4343  │ 1.3mbps   │ 0 (0%)     │
│        │                   │       │       │           │            │
│ Sub 1  │ TR_VCiKmeXqxfGXJn │ video │ 1858  │ 540.1kbps │ 1 (0.054%) │
│        │ TR_VCbiSEFZGvEqFA │ video │ 3     │ 0bps      │ 0 (0%)     │
└────────┴───────────────────┴───────┴───────┴───────────┴────────────┘

Subscriber summaries:
┌────────┬────────┬─────────────────────────┬─────────────────┬───────┐
│ Tester │ Tracks │ Bitrate                 │ Total Pkt. Loss │ Error │
├────────┼────────┼─────────────────────────┼─────────────────┼───────┤
│ Sub 0  │ 2/2    │ 1.3mbps                 │ 0 (0%)          │ -     │
│ Sub 1  │ 2/2    │ 540.1kbps               │ 1 (0.054%)      │ -     │
│ Total  │ 4/4    │ 1.8mbps (909.0kbps avg) │ 1 (0.016%)      │ 0     │
└────────┴────────┴─────────────────────────┴─────────────────┴───────┘
