pc ERROR: 2026/08/06 09:55:15 dropping candidate with ufrag qLAOdDLtsAFVmnSl because it doesn't match the current ufrags
pc ERROR: 2026/08/06 09:55:15 dropping candidate with ufrag qLAOdDLtsAFVmnSl because it doesn't match the current ufrags
pc ERROR: 2026/08/06 09:55:30 dropping candidate with ufrag RHulmVEVafLLKhXq because it doesn't match the current ufrags
pc ERROR: 2026/08/06 09:55:30 dropping candidate with ufrag RHulmVEVafLLKhXq because it doesn't match the current ufrags
pc ERROR: 2026/08/06 09:55:47 dropping candidate with ufrag xivugJLpMDVslgRV because it doesn't match the current ufrags
pc ERROR: 2026/08/06 09:55:47 dropping candidate with ufrag xivugJLpMDVslgRV because it doesn't match the current ufrags
pc ERROR: 2026/08/06 09:55:47 dropping candidate with ufrag QKfnMJizJDdAbDJz because it doesn't match the current ufrags
pc ERROR: 2026/08/06 09:55:47 dropping candidate with ufrag QKfnMJizJDdAbDJz because it doesn't match the current ufrags
pc ERROR: 2026/08/06 09:55:48 dropping candidate with ufrag RsROrrpeUHICHoAc because it doesn't match the current ufrags
pc ERROR: 2026/08/06 09:55:48 dropping candidate with ufrag RsROrrpeUHICHoAc because it doesn't match the current ufrags
pc ERROR: 2026/08/06 09:56:02 dropping candidate with ufrag cMraglVgFlfMHTRB because it doesn't match the current ufrags
pc ERROR: 2026/08/06 09:56:02 dropping candidate with ufrag cMraglVgFlfMHTRB because it doesn't match the current ufrags
pc ERROR: 2026/08/06 09:56:02 dropping candidate with ufrag ZWIHFMeNFLRJLGTE because it doesn't match the current ufrags
pc ERROR: 2026/08/06 09:56:02 dropping candidate with ufrag ZWIHFMeNFLRJLGTE because it doesn't match the current ufrags
pc ERROR: 2026/08/06 09:56:04 dropping candidate with ufrag SBeRNCcEamtDgQAO because it doesn't match the current ufrags
pc ERROR: 2026/08/06 09:56:04 dropping candidate with ufrag SBeRNCcEamtDgQAO because it doesn't match the current ufrags
pc ERROR: 2026/08/06 09:56:20 dropping candidate with ufrag rgUbvltpzGzsPXsl because it doesn't match the current ufrags
pc ERROR: 2026/08/06 09:56:20 dropping candidate with ufrag rgUbvltpzGzsPXsl because it doesn't match the current ufrags
pc ERROR: 2026/08/06 09:56:36 dropping candidate with ufrag bLNwQtWvPBjylASe because it doesn't match the current ufrags
pc ERROR: 2026/08/06 09:56:36 dropping candidate with ufrag bLNwQtWvPBjylASe because it doesn't match the current ufrags
pc ERROR: 2026/08/06 09:56:52 dropping candidate with ufrag XiAhnMBaRnLxcniV because it doesn't match the current ufrags
pc ERROR: 2026/08/06 09:56:52 dropping candidate with ufrag XiAhnMBaRnLxcniV because it doesn't match the current ufrags
