Starting load test with 2 video publishers, 2 subscribers, room: ceil-06-1785984865-22548
publishing simulcast video track - udkbi_pub_0
publishing simulcast video track - udkbi_pub_1
subscribed to track udkbi_2 TR_VCjjr3EpgLauwN video 1/1
subscribed to track udkbi_2 TR_VCUSy2M2E6FPU4 video 2/2
Finished connecting to room, waiting 30s

Track loading:
┌────────┬───────────────────┬───────┬───────┬───────────┬───────────┐
│ Tester │ Track             │ Kind  │ Pkts. │ Bitrate   │ Pkt. Loss │
├────────┼───────────────────┼───────┼───────┼───────────┼───────────┤
│ Sub 0  │ TR_VCUSy2M2E6FPU4 │ video │ 535   │ 111.1kbps │ 0 (0%)    │
│        │ TR_VCjjr3EpgLauwN │ video │ 7144  │ 2.0mbps   │ 0 (0%)    │
│        │                   │       │       │           │           │
└────────┴───────────────────┴───────┴───────┴───────────┴───────────┘

Subscriber summaries:
┌────────┬────────┬───────────────────────┬─────────────────┬───────┐
│ Tester │ Tracks │ Bitrate               │ Total Pkt. Loss │ Error │
├────────┼────────┼───────────────────────┼─────────────────┼───────┤
│ Sub 0  │ 2/2    │ 2.1mbps               │ 0 (0%)          │ -     │
│ Sub 1  │ 0/2    │ NaNmbps               │  -              │ -     │
│ Total  │ 2/4    │ 2.1mbps (1.1mbps avg) │ 0 (0%)          │ 0     │
└────────┴────────┴───────────────────────┴─────────────────┴───────┘
