Starting load test with 2 video publishers, 2 subscribers, room: ceil-15-1785985066-17070
publishing simulcast video track - imjqk_pub_1
publishing simulcast video track - imjqk_pub_0
subscribed to track imjqk_2 TR_VCfoJ3MacExATG video 1/1
subscribed to track imjqk_2 TR_VCU9PtWmXz6mCV video 2/2
could not connect Sub 1: could not connect after timeout
Finished connecting to room, waiting 30s

Track loading:
┌────────┬───────────────────┬───────┬───────┬───────────┬───────────┐
│ Tester │ Track             │ Kind  │ Pkts. │ Bitrate   │ Pkt. Loss │
├────────┼───────────────────┼───────┼───────┼───────────┼───────────┤
│ Sub 0  │ TR_VCfoJ3MacExATG │ video │ 10115 │ 1.4mbps   │ 0 (0%)    │
│        │ TR_VCU9PtWmXz6mCV │ video │ 1817  │ 233.9kbps │ 0 (0%)    │
│        │                   │       │       │           │           │
└────────┴───────────────────┴───────┴───────┴───────────┴───────────┘

Subscriber summaries:
┌────────┬────────┬─────────────────────────┬─────────────────┬─────────────────────────────────┐
│ Tester │ Tracks │ Bitrate                 │ Total Pkt. Loss │ Error                           │
├────────┼────────┼─────────────────────────┼─────────────────┼─────────────────────────────────┤
│ Sub 0  │ 2/2    │ 1.6mbps                 │ 0 (0%)          │ -                               │
│ Sub 1  │ 0/2    │ NaNmbps                 │  -              │ could not connect after timeout │
│ Total  │ 2/4    │ 1.6mbps (816.5kbps avg) │ 0 (0%)          │ 1                               │
└────────┴────────┴─────────────────────────┴─────────────────┴─────────────────────────────────┘
