Starting load test with 2 video publishers, 2 subscribers, room: ceil-01-1785985066-24737
publishing simulcast video track - oqpmy_pub_1
publishing simulcast video track - oqpmy_pub_0
Finished connecting to room, waiting 30s
subscribed to track oqpmy_2 TR_VCcVeyHdbTvPp7 video 1/2
subscribed to track oqpmy_3 TR_VCcVeyHdbTvPp7 video 1/2
subscribed to track oqpmy_3 TR_VCaVVf2joNYQg7 video 2/2
subscribed to track oqpmy_2 TR_VCaVVf2joNYQg7 video 2/2

Track loading:
┌────────┬───────────────────┬───────┬───────┬───────────┬───────────┐
│ Tester │ Track             │ Kind  │ Pkts. │ Bitrate   │ Pkt. Loss │
├────────┼───────────────────┼───────┼───────┼───────────┼───────────┤
│ Sub 0  │ TR_VCaVVf2joNYQg7 │ video │ 1109  │ 289.7kbps │ 0 (0%)    │
│        │ TR_VCcVeyHdbTvPp7 │ video │ 5906  │ 1.8mbps   │ 0 (0%)    │
│        │                   │       │       │           │           │
│ Sub 1  │ TR_VCaVVf2joNYQg7 │ video │ 1108  │ 289.3kbps │ 0 (0%)    │
│        │ TR_VCcVeyHdbTvPp7 │ video │ 5907  │ 1.8mbps   │ 0 (0%)    │
└────────┴───────────────────┴───────┴───────┴───────────┴───────────┘

Subscriber summaries:
┌────────┬────────┬───────────────────────┬─────────────────┬───────┐
│ Tester │ Tracks │ Bitrate               │ Total Pkt. Loss │ Error │
├────────┼────────┼───────────────────────┼─────────────────┼───────┤
│ Sub 0  │ 2/2    │ 2.1mbps               │ 0 (0%)          │ -     │
│ Sub 1  │ 2/2    │ 2.1mbps               │ 0 (0%)          │ -     │
│ Total  │ 4/4    │ 4.1mbps (2.1mbps avg) │ 0 (0%)          │ 0     │
└────────┴────────┴───────────────────────┴─────────────────┴───────┘
