Starting load test with 2 video publishers, 2 subscribers, room: ceil-10-1785985066-24862
publishing simulcast video track - xvuwc_pub_1
publishing simulcast video track - xvuwc_pub_0
subscribed to track xvuwc_3 TR_VCqEC2Hvs7QLmn video 1/2
subscribed to track xvuwc_3 TR_VCx9CENCJvuWXZ video 2/2
could not connect Sub 0: could not connect after timeout
Finished connecting to room, waiting 30s

Track loading:
┌────────┬───────────────────┬───────┬───────┬───────────┬────────────┐
│ Tester │ Track             │ Kind  │ Pkts. │ Bitrate   │ Pkt. Loss  │
├────────┼───────────────────┼───────┼───────┼───────────┼────────────┤
│        │                   │       │       │           │            │
│ Sub 1  │ TR_VCx9CENCJvuWXZ │ video │ 2462  │ 205.4kbps │ 0 (0%)     │
│        │ TR_VCqEC2Hvs7QLmn │ video │ 15333 │ 1.4mbps   │ 1 (0.007%) │
└────────┴───────────────────┴───────┴───────┴───────────┴────────────┘

Subscriber summaries:
┌────────┬────────┬─────────────────────────┬─────────────────┬─────────────────────────────────┐
│ Tester │ Tracks │ Bitrate                 │ Total Pkt. Loss │ Error                           │
├────────┼────────┼─────────────────────────┼─────────────────┼─────────────────────────────────┤
│ Sub 0  │ 0/2    │ NaNmbps                 │  -              │ could not connect after timeout │
│ Sub 1  │ 2/2    │ 1.6mbps                 │ 1 (0.006%)      │ -                               │
│ Total  │ 2/4    │ 1.6mbps (804.6kbps avg) │ 1 (0.006%)      │ 1                               │
└────────┴────────┴─────────────────────────┴─────────────────┴─────────────────────────────────┘
