Starting load test with 2 video publishers, 2 subscribers, room: ceil-03-1785985066-28929
publishing simulcast video track - yuigv_pub_1
publishing simulcast video track - yuigv_pub_0
Finished connecting to room, waiting 30s
subscribed to track yuigv_3 TR_VCumMiVAuhav8o video 1/1
subscribed to track yuigv_2 TR_VCumMiVAuhav8o video 1/1
subscribed to track yuigv_3 TR_VCnypXKMoku5H7 video 2/2
subscribed to track yuigv_2 TR_VCnypXKMoku5H7 video 2/2

Track loading:
┌────────┬───────────────────┬───────┬───────┬───────────┬───────────┐
│ Tester │ Track             │ Kind  │ Pkts. │ Bitrate   │ Pkt. Loss │
├────────┼───────────────────┼───────┼───────┼───────────┼───────────┤
│ Sub 0  │ TR_VCnypXKMoku5H7 │ video │ 1427  │ 407.5kbps │ 0 (0%)    │
│        │ TR_VCumMiVAuhav8o │ video │ 4382  │ 1.3mbps   │ 0 (0%)    │
│        │                   │       │       │           │           │
│ Sub 1  │ TR_VCnypXKMoku5H7 │ video │ 1442  │ 408.2kbps │ 0 (0%)    │
│        │ TR_VCumMiVAuhav8o │ video │ 4472  │ 1.3mbps   │ 0 (0%)    │
└────────┴───────────────────┴───────┴───────┴───────────┴───────────┘

Subscriber summaries:
┌────────┬────────┬───────────────────────┬─────────────────┬───────┐
│ Tester │ Tracks │ Bitrate               │ Total Pkt. Loss │ Error │
├────────┼────────┼───────────────────────┼─────────────────┼───────┤
│ Sub 0  │ 2/2    │ 1.7mbps               │ 0 (0%)          │ -     │
│ Sub 1  │ 2/2    │ 1.7mbps               │ 0 (0%)          │ -     │
│ Total  │ 4/4    │ 3.4mbps (1.7mbps avg) │ 0 (0%)          │ 0     │
└────────┴────────┴───────────────────────┴─────────────────┴───────┘
