Starting load test with 2 video publishers, 2 subscribers, room: ceil-06-1785985066-28958
publishing simulcast video track - xqnko_pub_1
publishing simulcast video track - xqnko_pub_0
Finished connecting to room, waiting 30s
subscribed to track xqnko_3 TR_VCJ2YGr3vgg7Wj video 1/2
subscribed to track xqnko_2 TR_VCNoz7Q4RZxB2r video 1/2
subscribed to track xqnko_2 TR_VCJ2YGr3vgg7Wj video 2/2
subscribed to track xqnko_3 TR_VCNoz7Q4RZxB2r video 2/2

Track loading:
┌────────┬───────────────────┬───────┬───────┬───────────┬────────────┐
│ Tester │ Track             │ Kind  │ Pkts. │ Bitrate   │ Pkt. Loss  │
├────────┼───────────────────┼───────┼───────┼───────────┼────────────┤
│ Sub 0  │ TR_VCJ2YGr3vgg7Wj │ video │ 867   │ 236.9kbps │ 0 (0%)     │
│        │ TR_VCNoz7Q4RZxB2r │ video │ 2255  │ 672.8kbps │ 0 (0%)     │
│        │                   │       │       │           │            │
│ Sub 1  │ TR_VCJ2YGr3vgg7Wj │ video │ 1919  │ 551.7kbps │ 1 (0.052%) │
│        │ TR_VCNoz7Q4RZxB2r │ video │ 1160  │ 338.7kbps │ 0 (0%)     │
└────────┴───────────────────┴───────┴───────┴───────────┴────────────┘

Subscriber summaries:
┌────────┬────────┬─────────────────────────┬─────────────────┬───────┐
│ Tester │ Tracks │ Bitrate                 │ Total Pkt. Loss │ Error │
├────────┼────────┼─────────────────────────┼─────────────────┼───────┤
│ Sub 0  │ 2/2    │ 909.7kbps               │ 0 (0%)          │ -     │
│ Sub 1  │ 2/2    │ 883.6kbps               │ 1 (0.032%)      │ -     │
│ Total  │ 4/4    │ 1.8mbps (892.9kbps avg) │ 1 (0.016%)      │ 0     │
└────────┴────────┴─────────────────────────┴─────────────────┴───────┘
