Starting load test with 2 video publishers, 2 subscribers, room: ceil-07-1785985066-7480
publishing simulcast video track - fyduq_pub_0
subscribed to track fyduq_2 TR_VCKUH2k7K8vPz3 video 1/1
publishing simulcast video track - fyduq_pub_1
subscribed to track fyduq_2 TR_VCiDNJuR3bzCax video 2/2
could not connect Sub 1: could not connect after timeout
Finished connecting to room, waiting 30s

Track loading:
┌────────┬───────────────────┬───────┬───────┬───────────┬───────────┐
│ Tester │ Track             │ Kind  │ Pkts. │ Bitrate   │ Pkt. Loss │
├────────┼───────────────────┼───────┼───────┼───────────┼───────────┤
│ Sub 0  │ TR_VCiDNJuR3bzCax │ video │ 1147  │ 170.0kbps │ 0 (0%)    │
│        │ TR_VCKUH2k7K8vPz3 │ video │ 26295 │ 1.4mbps   │ 0 (0%)    │
│        │                   │       │       │           │           │
└────────┴───────────────────┴───────┴───────┴───────────┴───────────┘

Subscriber summaries:
┌────────┬────────┬─────────────────────────┬─────────────────┬─────────────────────────────────┐
│ Tester │ Tracks │ Bitrate                 │ Total Pkt. Loss │ Error                           │
├────────┼────────┼─────────────────────────┼─────────────────┼─────────────────────────────────┤
│ Sub 0  │ 2/2    │ 1.5mbps                 │ 0 (0%)          │ -                               │
│ Sub 1  │ 0/2    │ NaNmbps                 │  -              │ could not connect after timeout │
│ Total  │ 2/4    │ 1.5mbps (734.9kbps avg) │ 0 (0%)          │ 1                               │
└────────┴────────┴─────────────────────────┴─────────────────┴─────────────────────────────────┘
