pc ERROR: 2026/08/06 09:58:35 dropping candidate with ufrag hzAFLXWnpitxMZnU because it doesn't match the current ufrags
pc ERROR: 2026/08/06 09:58:35 dropping candidate with ufrag hzAFLXWnpitxMZnU because it doesn't match the current ufrags
pc ERROR: 2026/08/06 09:58:35 dropping candidate with ufrag TnxGLKxPShovJPtF because it doesn't match the current ufrags
pc ERROR: 2026/08/06 09:58:35 dropping candidate with ufrag TnxGLKxPShovJPtF because it doesn't match the current ufrags
pc ERROR: 2026/08/06 09:58:35 dropping candidate with ufrag lAMcqtBaOKdrKuVs because it doesn't match the current ufrags
pc ERROR: 2026/08/06 09:58:35 dropping candidate with ufrag lAMcqtBaOKdrKuVs because it doesn't match the current ufrags
pc ERROR: 2026/08/06 09:58:36 dropping candidate with ufrag OfHqOSVIAfzICXMI because it doesn't match the current ufrags
pc ERROR: 2026/08/06 09:58:36 dropping candidate with ufrag OfHqOSVIAfzICXMI because it doesn't match the current ufrags
pc ERROR: 2026/08/06 09:58:50 dropping candidate with ufrag UmKeQfBSpZDlZtHn because it doesn't match the current ufrags
pc ERROR: 2026/08/06 09:58:50 dropping candidate with ufrag UmKeQfBSpZDlZtHn because it doesn't match the current ufrags
pc ERROR: 2026/08/06 09:58:50 dropping candidate with ufrag GnyteWFfNZwSOpPq because it doesn't match the current ufrags
pc ERROR: 2026/08/06 09:58:50 dropping candidate with ufrag GnyteWFfNZwSOpPq because it doesn't match the current ufrags
pc ERROR: 2026/08/06 09:58:50 dropping candidate with ufrag BiXpFzAWEUQWJmJi because it doesn't match the current ufrags
pc ERROR: 2026/08/06 09:58:50 dropping candidate with ufrag BiXpFzAWEUQWJmJi because it doesn't match the current ufrags
pc ERROR: 2026/08/06 09:58:52 dropping candidate with ufrag RiPgIwziOJhHnpOB because it doesn't match the current ufrags
pc ERROR: 2026/08/06 09:58:52 dropping candidate with ufrag RiPgIwziOJhHnpOB because it doesn't match the current ufrags
pc ERROR: 2026/08/06 09:59:08 dropping candidate with ufrag TtVxAKkdiCThDAGU because it doesn't match the current ufrags
pc ERROR: 2026/08/06 09:59:24 dropping candidate with ufrag MDVzqDpPIiGcKmTt because it doesn't match the current ufrags
pc ERROR: 2026/08/06 09:59:24 dropping candidate with ufrag MDVzqDpPIiGcKmTt because it doesn't match the current ufrags
pc ERROR: 2026/08/06 09:59:40 dropping candidate with ufrag fZlZdiHvunfISSRN because it doesn't match the current ufrags
pc ERROR: 2026/08/06 09:59:56 dropping candidate with ufrag rGnoorqmKCNNHCbh because it doesn't match the current ufrags
pc ERROR: 2026/08/06 09:59:56 dropping candidate with ufrag rGnoorqmKCNNHCbh because it doesn't match the current ufrags
pc ERROR: 2026/08/06 10:00:12 dropping candidate with ufrag HgnIhLPtqDcrXlrK because it doesn't match the current ufrags
pc ERROR: 2026/08/06 10:00:12 dropping candidate with ufrag HgnIhLPtqDcrXlrK because it doesn't match the current ufrags
