Starting load test with 2 video publishers, 2 subscribers, room: ceil-04-1785985066-21494
publishing simulcast video track - tosce_pub_1
publishing simulcast video track - tosce_pub_0
Finished connecting to room, waiting 30s
subscribed to track tosce_2 TR_VCWGnufc7VVYst video 1/2
subscribed to track tosce_3 TR_VCWGnufc7VVYst video 1/2
subscribed to track tosce_3 TR_VCZRgbexDjFtrS video 2/2
subscribed to track tosce_2 TR_VCZRgbexDjFtrS video 2/2

Track loading:
┌────────┬───────────────────┬───────┬───────┬───────────┬───────────┐
│ Tester │ Track             │ Kind  │ Pkts. │ Bitrate   │ Pkt. Loss │
├────────┼───────────────────┼───────┼───────┼───────────┼───────────┤
│ Sub 0  │ TR_VCZRgbexDjFtrS │ video │ 1437  │ 411.5kbps │ 0 (0%)    │
│        │ TR_VCWGnufc7VVYst │ video │ 4399  │ 1.3mbps   │ 0 (0%)    │
│        │                   │       │       │           │           │
│ Sub 1  │ TR_VCWGnufc7VVYst │ video │ 4399  │ 1.3mbps   │ 0 (0%)    │
│        │ TR_VCZRgbexDjFtrS │ video │ 1438  │ 409.9kbps │ 0 (0%)    │
└────────┴───────────────────┴───────┴───────┴───────────┴───────────┘

Subscriber summaries:
┌────────┬────────┬───────────────────────┬─────────────────┬───────┐
│ Tester │ Tracks │ Bitrate               │ Total Pkt. Loss │ Error │
├────────┼────────┼───────────────────────┼─────────────────┼───────┤
│ Sub 0  │ 2/2    │ 1.7mbps               │ 0 (0%)          │ -     │
│ Sub 1  │ 2/2    │ 1.7mbps               │ 0 (0%)          │ -     │
│ Total  │ 4/4    │ 3.4mbps (1.7mbps avg) │ 0 (0%)          │ 0     │
└────────┴────────┴───────────────────────┴─────────────────┴───────┘
