Starting load test with 2 video publishers, 2 subscribers, room: ceil-02-1785985066-9772
publishing simulcast video track - jtkff_pub_1
publishing simulcast video track - jtkff_pub_0
Finished connecting to room, waiting 30s
subscribed to track jtkff_2 TR_VCBu8bJxmQL6Hj video 1/1
subscribed to track jtkff_3 TR_VCBu8bJxmQL6Hj video 1/2
subscribed to track jtkff_3 TR_VCHp3oZtxr5tRP video 2/2
subscribed to track jtkff_2 TR_VCHp3oZtxr5tRP video 2/2

Track loading:
┌────────┬───────────────────┬───────┬───────┬───────────┬───────────┐
│ Tester │ Track             │ Kind  │ Pkts. │ Bitrate   │ Pkt. Loss │
├────────┼───────────────────┼───────┼───────┼───────────┼───────────┤
│ Sub 0  │ TR_VCHp3oZtxr5tRP │ video │ 1445  │ 418.1kbps │ 0 (0%)    │
│        │ TR_VCBu8bJxmQL6Hj │ video │ 4451  │ 1.3mbps   │ 0 (0%)    │
│        │                   │       │       │           │           │
│ Sub 1  │ TR_VCBu8bJxmQL6Hj │ video │ 4449  │ 1.3mbps   │ 0 (0%)    │
│        │ TR_VCHp3oZtxr5tRP │ video │ 1449  │ 413.6kbps │ 0 (0%)    │
└────────┴───────────────────┴───────┴───────┴───────────┴───────────┘

Subscriber summaries:
┌────────┬────────┬───────────────────────┬─────────────────┬───────┐
│ Tester │ Tracks │ Bitrate               │ Total Pkt. Loss │ Error │
├────────┼────────┼───────────────────────┼─────────────────┼───────┤
│ Sub 0  │ 2/2    │ 1.7mbps               │ 0 (0%)          │ -     │
│ Sub 1  │ 2/2    │ 1.7mbps               │ 0 (0%)          │ -     │
│ Total  │ 4/4    │ 3.4mbps (1.7mbps avg) │ 0 (0%)          │ 0     │
└────────┴────────┴───────────────────────┴─────────────────┴───────┘
