Starting load test with 2 video publishers, 2 subscribers, room: ceil-14-1785985268-732
publishing simulcast video track - auiax_pub_1
could not connect Pub 0: could not connect after timeout
could not connect Sub 1: could not connect after timeout
could not connect Sub 0: could not connect after timeout
Finished connecting to room, waiting 30s

Track loading:
┌────────┬───────┬──────┬───────┬─────────┬───────────┐
│ Tester │ Track │ Kind │ Pkts. │ Bitrate │ Pkt. Loss │
├────────┼───────┼──────┼───────┼─────────┼───────────┤
│        │       │      │       │         │           │
└────────┴───────┴──────┴───────┴─────────┴───────────┘

Subscriber summaries:
┌────────┬────────┬───────────────────────┬─────────────────┬─────────────────────────────────┐
│ Tester │ Tracks │ Bitrate               │ Total Pkt. Loss │ Error                           │
├────────┼────────┼───────────────────────┼─────────────────┼─────────────────────────────────┤
│ Sub 0  │ 0/2    │ NaNmbps               │  -              │ could not connect after timeout │
│ Sub 1  │ 0/2    │ NaNmbps               │  -              │ could not connect after timeout │
│ Total  │ 0/4    │ NaNmbps (NaNmbps avg) │  -              │ 2                               │
└────────┴────────┴───────────────────────┴─────────────────┴─────────────────────────────────┘
