Starting load test with 2 video publishers, 2 subscribers, room: ceil-03-1785985267-23102
publishing simulcast video track - qqexp_pub_1
publishing simulcast video track - qqexp_pub_0
Finished connecting to room, waiting 30s
subscribed to track qqexp_2 TR_VCwKc5Zu8efKKq video 1/1
subscribed to track qqexp_3 TR_VCwKc5Zu8efKKq video 1/1
subscribed to track qqexp_3 TR_VCj3Woo7gz9soQ video 2/2
subscribed to track qqexp_2 TR_VCj3Woo7gz9soQ video 2/2

Track loading:
┌────────┬───────────────────┬───────┬───────┬───────────┬───────────┐
│ Tester │ Track             │ Kind  │ Pkts. │ Bitrate   │ Pkt. Loss │
├────────┼───────────────────┼───────┼───────┼───────────┼───────────┤
│ Sub 0  │ TR_VCj3Woo7gz9soQ │ video │ 1100  │ 298.4kbps │ 0 (0%)    │
│        │ TR_VCwKc5Zu8efKKq │ video │ 5887  │ 1.7mbps   │ 0 (0%)    │
│        │                   │       │       │           │           │
│ Sub 1  │ TR_VCj3Woo7gz9soQ │ video │ 768   │ 189.2kbps │ 0 (0%)    │
│        │ TR_VCwKc5Zu8efKKq │ video │ 5885  │ 1.8mbps   │ 0 (0%)    │
└────────┴───────────────────┴───────┴───────┴───────────┴───────────┘

Subscriber summaries:
┌────────┬────────┬───────────────────────┬─────────────────┬───────┐
│ Tester │ Tracks │ Bitrate               │ Total Pkt. Loss │ Error │
├────────┼────────┼───────────────────────┼─────────────────┼───────┤
│ Sub 0  │ 2/2    │ 2.0mbps               │ 0 (0%)          │ -     │
│ Sub 1  │ 2/2    │ 2.0mbps               │ 0 (0%)          │ -     │
│ Total  │ 4/4    │ 4.0mbps (2.0mbps avg) │ 0 (0%)          │ 0     │
└────────┴────────┴───────────────────────┴─────────────────┴───────┘
