Starting load test with 2 video publishers, 2 subscribers, room: ceil-07-1785985267-12136
publishing simulcast video track - tpbhq_pub_0
publishing simulcast video track - tpbhq_pub_1
subscribed to track tpbhq_2 TR_VCBdHPxCbdh3AZ video 1/1
Finished connecting to room, waiting 30s

Track loading:
┌────────┬───────────────────┬───────┬───────┬─────────┬───────────┐
│ Tester │ Track             │ Kind  │ Pkts. │ Bitrate │ Pkt. Loss │
├────────┼───────────────────┼───────┼───────┼─────────┼───────────┤
│ Sub 0  │ TR_VCBdHPxCbdh3AZ │ video │ 5064  │ 1.4mbps │ 0 (0%)    │
│        │                   │       │       │         │           │
└────────┴───────────────────┴───────┴───────┴─────────┴───────────┘

Subscriber summaries:
┌────────┬────────┬─────────────────────────┬─────────────────┬───────┐
│ Tester │ Tracks │ Bitrate                 │ Total Pkt. Loss │ Error │
├────────┼────────┼─────────────────────────┼─────────────────┼───────┤
│ Sub 0  │ 1/2    │ 1.4mbps                 │ 0 (0%)          │ -     │
│ Sub 1  │ 0/2    │ NaNmbps                 │  -              │ -     │
│ Total  │ 1/4    │ 1.4mbps (681.3kbps avg) │ 0 (0%)          │ 0     │
└────────┴────────┴─────────────────────────┴─────────────────┴───────┘
