Starting load test with 2 video publishers, 2 subscribers, room: ceil-05-1785985267-11246
publishing simulcast video track - ovpiy_pub_0
publishing simulcast video track - ovpiy_pub_1
subscribed to track ovpiy_2 TR_VCPFXzzHf5rrAY video 1/1
Finished connecting to room, waiting 30s
subscribed to track ovpiy_2 TR_VCumtyhioPdotc video 2/2

Track loading:
┌────────┬───────────────────┬───────┬───────┬───────────┬────────────┐
│ Tester │ Track             │ Kind  │ Pkts. │ Bitrate   │ Pkt. Loss  │
├────────┼───────────────────┼───────┼───────┼───────────┼────────────┤
│ Sub 0  │ TR_VCPFXzzHf5rrAY │ video │ 3671  │ 1.0mbps   │ 1 (0.027%) │
│        │ TR_VCumtyhioPdotc │ video │ 705   │ 331.9kbps │ 0 (0%)     │
│        │                   │       │       │           │            │
└────────┴───────────────────┴───────┴───────┴───────────┴────────────┘

Subscriber summaries:
┌────────┬────────┬─────────────────────────┬─────────────────┬───────┐
│ Tester │ Tracks │ Bitrate                 │ Total Pkt. Loss │ Error │
├────────┼────────┼─────────────────────────┼─────────────────┼───────┤
│ Sub 0  │ 2/2    │ 1.2mbps                 │ 1 (0.023%)      │ -     │
│ Sub 1  │ 0/2    │ NaNmbps                 │  -              │ -     │
│ Total  │ 2/4    │ 1.2mbps (606.3kbps avg) │ 1 (0.023%)      │ 0     │
└────────┴────────┴─────────────────────────┴─────────────────┴───────┘
