Starting load test with 2 video publishers, 2 subscribers, room: ceil-04-1785985267-17211
publishing simulcast video track - qrbji_pub_0
publishing simulcast video track - qrbji_pub_1
Finished connecting to room, waiting 30s
subscribed to track qrbji_2 TR_VC3QuSsNec9tHZ video 1/1
subscribed to track qrbji_3 TR_VC3QuSsNec9tHZ video 1/2
subscribed to track qrbji_3 TR_VCJ9QsaZbox36u video 2/2
subscribed to track qrbji_2 TR_VCJ9QsaZbox36u video 2/2

Track loading:
┌────────┬───────────────────┬───────┬───────┬─────────┬───────────┐
│ Tester │ Track             │ Kind  │ Pkts. │ Bitrate │ Pkt. Loss │
├────────┼───────────────────┼───────┼───────┼─────────┼───────────┤
│ Sub 0  │ TR_VCJ9QsaZbox36u │ video │ 5711  │ 1.8mbps │ 0 (0%)    │
│        │ TR_VC3QuSsNec9tHZ │ video │ 4456  │ 1.3mbps │ 0 (0%)    │
│        │                   │       │       │         │           │
│ Sub 1  │ TR_VC3QuSsNec9tHZ │ video │ 4452  │ 1.3mbps │ 0 (0%)    │
│        │ TR_VCJ9QsaZbox36u │ video │ 5714  │ 1.8mbps │ 0 (0%)    │
└────────┴───────────────────┴───────┴───────┴─────────┴───────────┘

Subscriber summaries:
┌────────┬────────┬───────────────────────┬─────────────────┬───────┐
│ Tester │ Tracks │ Bitrate               │ Total Pkt. Loss │ Error │
├────────┼────────┼───────────────────────┼─────────────────┼───────┤
│ Sub 0  │ 2/2    │ 3.1mbps               │ 0 (0%)          │ -     │
│ Sub 1  │ 2/2    │ 3.1mbps               │ 0 (0%)          │ -     │
│ Total  │ 4/4    │ 6.2mbps (3.1mbps avg) │ 0 (0%)          │ 0     │
└────────┴────────┴───────────────────────┴─────────────────┴───────┘
