Starting load test with 2 video publishers, 2 subscribers, room: ceil-08-1785985267-5522
publishing simulcast video track - pipqe_pub_1
subscribed to track pipqe_3 TR_VC2ogeVeKjuLyk video 1/1
subscribed to track pipqe_2 TR_VC2ogeVeKjuLyk video 1/1
could not connect Pub 0: could not connect after timeout
Finished connecting to room, waiting 30s

Track loading:
┌────────┬───────────────────┬───────┬───────┬─────────┬───────────┐
│ Tester │ Track             │ Kind  │ Pkts. │ Bitrate │ Pkt. Loss │
├────────┼───────────────────┼───────┼───────┼─────────┼───────────┤
│ Sub 0  │ TR_VC2ogeVeKjuLyk │ video │ 9637  │ 1.4mbps │ 1 (0.01%) │
│        │                   │       │       │         │           │
│ Sub 1  │ TR_VC2ogeVeKjuLyk │ video │ 9637  │ 1.4mbps │ 1 (0.01%) │
└────────┴───────────────────┴───────┴───────┴─────────┴───────────┘

Subscriber summaries:
┌────────┬────────┬───────────────────────┬─────────────────┬───────┐
│ Tester │ Tracks │ Bitrate               │ Total Pkt. Loss │ Error │
├────────┼────────┼───────────────────────┼─────────────────┼───────┤
│ Sub 0  │ 1/2    │ 1.4mbps               │ 1 (0.01%)       │ -     │
│ Sub 1  │ 1/2    │ 1.4mbps               │ 1 (0.01%)       │ -     │
│ Total  │ 2/4    │ 2.7mbps (1.4mbps avg) │ 2 (0.01%)       │ 0     │
└────────┴────────┴───────────────────────┴─────────────────┴───────┘
