pc ERROR: 2026/08/06 10:01:57 dropping candidate with ufrag ukjoQRxuiGoXBCeT because it doesn't match the current ufrags
pc ERROR: 2026/08/06 10:01:57 dropping candidate with ufrag ukjoQRxuiGoXBCeT because it doesn't match the current ufrags
pc ERROR: 2026/08/06 10:02:12 dropping candidate with ufrag vZgAyxkOVzXpxkch because it doesn't match the current ufrags
pc ERROR: 2026/08/06 10:02:12 dropping candidate with ufrag vZgAyxkOVzXpxkch because it doesn't match the current ufrags
pc ERROR: 2026/08/06 10:02:30 dropping candidate with ufrag QzeVGmQJBpdcwXZK because it doesn't match the current ufrags
pc ERROR: 2026/08/06 10:02:30 dropping candidate with ufrag QzeVGmQJBpdcwXZK because it doesn't match the current ufrags
pc ERROR: 2026/08/06 10:02:31 dropping candidate with ufrag YpYZTphCktBDaVdt because it doesn't match the current ufrags
pc ERROR: 2026/08/06 10:02:31 dropping candidate with ufrag YpYZTphCktBDaVdt because it doesn't match the current ufrags
pc ERROR: 2026/08/06 10:02:31 dropping candidate with ufrag sSkPBSZlWwaALmJi because it doesn't match the current ufrags
pc ERROR: 2026/08/06 10:02:31 dropping candidate with ufrag sSkPBSZlWwaALmJi because it doesn't match the current ufrags
pc ERROR: 2026/08/06 10:02:46 dropping candidate with ufrag MuZWaJpNAChieZyv because it doesn't match the current ufrags
pc ERROR: 2026/08/06 10:02:46 dropping candidate with ufrag MuZWaJpNAChieZyv because it doesn't match the current ufrags
pc ERROR: 2026/08/06 10:02:47 dropping candidate with ufrag jkoPjSmhqKSXYdzy because it doesn't match the current ufrags
pc ERROR: 2026/08/06 10:02:47 dropping candidate with ufrag jkoPjSmhqKSXYdzy because it doesn't match the current ufrags
pc ERROR: 2026/08/06 10:02:47 dropping candidate with ufrag nyHbrLMlVBLVqueJ because it doesn't match the current ufrags
pc ERROR: 2026/08/06 10:02:47 dropping candidate with ufrag nyHbrLMlVBLVqueJ because it doesn't match the current ufrags
pc ERROR: 2026/08/06 10:03:02 dropping candidate with ufrag wFjABrhjvxvgMwDV because it doesn't match the current ufrags
pc ERROR: 2026/08/06 10:03:03 dropping candidate with ufrag FCUqhtExrPtAaTPJ because it doesn't match the current ufrags
pc ERROR: 2026/08/06 10:03:03 dropping candidate with ufrag WjyYclbNzYOdwzYZ because it doesn't match the current ufrags
pc ERROR: 2026/08/06 10:03:18 dropping candidate with ufrag gypKkDjwoDeEpDpT because it doesn't match the current ufrags
pc ERROR: 2026/08/06 10:03:18 dropping candidate with ufrag gypKkDjwoDeEpDpT because it doesn't match the current ufrags
pc ERROR: 2026/08/06 10:03:19 dropping candidate with ufrag RhtezeyeIEllNlNw because it doesn't match the current ufrags
pc ERROR: 2026/08/06 10:03:19 dropping candidate with ufrag RhtezeyeIEllNlNw because it doesn't match the current ufrags
pc ERROR: 2026/08/06 10:03:19 dropping candidate with ufrag VHMnryfiJNHAXScV because it doesn't match the current ufrags
pc ERROR: 2026/08/06 10:03:19 dropping candidate with ufrag VHMnryfiJNHAXScV because it doesn't match the current ufrags
pc ERROR: 2026/08/06 10:03:34 dropping candidate with ufrag IioHfCEYqHPdCvzu because it doesn't match the current ufrags
pc ERROR: 2026/08/06 10:03:34 dropping candidate with ufrag IioHfCEYqHPdCvzu because it doesn't match the current ufrags
pc ERROR: 2026/08/06 10:03:35 dropping candidate with ufrag QTcUWLupqFKzEqnA because it doesn't match the current ufrags
pc ERROR: 2026/08/06 10:03:35 dropping candidate with ufrag QTcUWLupqFKzEqnA because it doesn't match the current ufrags
pc ERROR: 2026/08/06 10:03:35 dropping candidate with ufrag TJBDUCiLYuMKdoVd because it doesn't match the current ufrags
pc ERROR: 2026/08/06 10:03:35 dropping candidate with ufrag TJBDUCiLYuMKdoVd because it doesn't match the current ufrags
