Starting load test with 2 video publishers, 2 subscribers, room: ceil-01-1785985267-28575
publishing simulcast video track - wykbl_pub_1
publishing simulcast video track - wykbl_pub_0
Finished connecting to room, waiting 30s
subscribed to track wykbl_3 TR_VCZuGxDPqn2CwS video 1/2
subscribed to track wykbl_3 TR_VCcY89kWviKdtj video 2/2
subscribed to track wykbl_2 TR_VCZuGxDPqn2CwS video 1/2
subscribed to track wykbl_2 TR_VCcY89kWviKdtj video 2/2

Track loading:
┌────────┬───────────────────┬───────┬───────┬───────────┬───────────┐
│ Tester │ Track             │ Kind  │ Pkts. │ Bitrate   │ Pkt. Loss │
├────────┼───────────────────┼───────┼───────┼───────────┼───────────┤
│ Sub 0  │ TR_VCZuGxDPqn2CwS │ video │ 5867  │ 1.8mbps   │ 0 (0%)    │
│        │ TR_VCcY89kWviKdtj │ video │ 1109  │ 291.8kbps │ 0 (0%)    │
│        │                   │       │       │           │           │
│ Sub 1  │ TR_VCcY89kWviKdtj │ video │ 1110  │ 291.3kbps │ 0 (0%)    │
│        │ TR_VCZuGxDPqn2CwS │ video │ 5867  │ 1.8mbps   │ 0 (0%)    │
└────────┴───────────────────┴───────┴───────┴───────────┴───────────┘

Subscriber summaries:
┌────────┬────────┬───────────────────────┬─────────────────┬───────┐
│ Tester │ Tracks │ Bitrate               │ Total Pkt. Loss │ Error │
├────────┼────────┼───────────────────────┼─────────────────┼───────┤
│ Sub 0  │ 2/2    │ 2.1mbps               │ 0 (0%)          │ -     │
│ Sub 1  │ 2/2    │ 2.1mbps               │ 0 (0%)          │ -     │
│ Total  │ 4/4    │ 4.1mbps (2.1mbps avg) │ 0 (0%)          │ 0     │
└────────┴────────┴───────────────────────┴─────────────────┴───────┘
