Starting load test with 2 video publishers, 2 subscribers, room: ceil-23-1785985269-206
publishing simulcast video track - jldec_pub_1
publishing simulcast video track - jldec_pub_0
could not connect Sub 1: could not connect after timeout
Finished connecting to room, waiting 30s
subscribed to track jldec_2 TR_VCebtPoB3JPep6 video 1/2
subscribed to track jldec_2 TR_VCcFarDRuLsMDA video 2/2

Track loading:
┌────────┬───────────────────┬───────┬───────┬───────────┬───────────┐
│ Tester │ Track             │ Kind  │ Pkts. │ Bitrate   │ Pkt. Loss │
├────────┼───────────────────┼───────┼───────┼───────────┼───────────┤
│ Sub 0  │ TR_VCebtPoB3JPep6 │ video │ 4792  │ 1.4mbps   │ 0 (0%)    │
│        │ TR_VCcFarDRuLsMDA │ video │ 1150  │ 309.9kbps │ 0 (0%)    │
│        │                   │       │       │           │           │
└────────┴───────────────────┴───────┴───────┴───────────┴───────────┘

Subscriber summaries:
┌────────┬────────┬─────────────────────────┬─────────────────┬─────────────────────────────────┐
│ Tester │ Tracks │ Bitrate                 │ Total Pkt. Loss │ Error                           │
├────────┼────────┼─────────────────────────┼─────────────────┼─────────────────────────────────┤
│ Sub 0  │ 2/2    │ 1.7mbps                 │ 0 (0%)          │ -                               │
│ Sub 1  │ 0/2    │ NaNmbps                 │  -              │ could not connect after timeout │
│ Total  │ 2/4    │ 1.7mbps (842.2kbps avg) │ 0 (0%)          │ 1                               │
└────────┴────────┴─────────────────────────┴─────────────────┴─────────────────────────────────┘
