pc ERROR: 2026/08/06 10:01:57 dropping candidate with ufrag OzNHdgkpPwgEukWP because it doesn't match the current ufrags
pc ERROR: 2026/08/06 10:01:57 dropping candidate with ufrag OzNHdgkpPwgEukWP because it doesn't match the current ufrags
pc ERROR: 2026/08/06 10:01:57 dropping candidate with ufrag nLTVsEWxBzoWBpuY because it doesn't match the current ufrags
pc ERROR: 2026/08/06 10:01:57 dropping candidate with ufrag nLTVsEWxBzoWBpuY because it doesn't match the current ufrags
pc ERROR: 2026/08/06 10:01:57 dropping candidate with ufrag DiMSiWwtzYyHgesE because it doesn't match the current ufrags
pc ERROR: 2026/08/06 10:01:57 dropping candidate with ufrag DiMSiWwtzYyHgesE because it doesn't match the current ufrags
pc ERROR: 2026/08/06 10:01:57 dropping candidate with ufrag KaIfkyBiCDDyrgfB because it doesn't match the current ufrags
pc ERROR: 2026/08/06 10:01:57 dropping candidate with ufrag KaIfkyBiCDDyrgfB because it doesn't match the current ufrags
pc ERROR: 2026/08/06 10:02:12 dropping candidate with ufrag gCCkqENvZIeblbyf because it doesn't match the current ufrags
pc ERROR: 2026/08/06 10:02:12 dropping candidate with ufrag gCCkqENvZIeblbyf because it doesn't match the current ufrags
pc ERROR: 2026/08/06 10:02:12 dropping candidate with ufrag eeeqSqNeFvDlyFSR because it doesn't match the current ufrags
pc ERROR: 2026/08/06 10:02:12 dropping candidate with ufrag eeeqSqNeFvDlyFSR because it doesn't match the current ufrags
pc ERROR: 2026/08/06 10:02:13 dropping candidate with ufrag lMfurfarXCDnLRvk because it doesn't match the current ufrags
pc ERROR: 2026/08/06 10:02:13 dropping candidate with ufrag lMfurfarXCDnLRvk because it doesn't match the current ufrags
pc ERROR: 2026/08/06 10:02:29 dropping candidate with ufrag yEpOqCfkeEHNkjNB because it doesn't match the current ufrags
pc ERROR: 2026/08/06 10:02:45 dropping candidate with ufrag DviotmXziKkmlOMh because it doesn't match the current ufrags
pc ERROR: 2026/08/06 10:02:45 dropping candidate with ufrag DviotmXziKkmlOMh because it doesn't match the current ufrags
pc ERROR: 2026/08/06 10:03:01 dropping candidate with ufrag MiomXZgBHTmIatzO because it doesn't match the current ufrags
pc ERROR: 2026/08/06 10:03:01 dropping candidate with ufrag MiomXZgBHTmIatzO because it doesn't match the current ufrags
pc ERROR: 2026/08/06 10:03:13 dropping candidate with ufrag LmjaDbIvtvuPIGqZ because it doesn't match the current ufrags
pc ERROR: 2026/08/06 10:03:13 dropping candidate with ufrag LmjaDbIvtvuPIGqZ because it doesn't match the current ufrags
pc ERROR: 2026/08/06 10:03:17 dropping candidate with ufrag AfbcYRFRBKwyKrld because it doesn't match the current ufrags
pc ERROR: 2026/08/06 10:03:33 dropping candidate with ufrag OvVtwtUvyqVxiGMZ because it doesn't match the current ufrags
pc ERROR: 2026/08/06 10:03:33 dropping candidate with ufrag OvVtwtUvyqVxiGMZ because it doesn't match the current ufrags
