Starting load test with 2 video publishers, 2 subscribers, room: ceil-02-1785985267-26393
publishing simulcast video track - hvxqh_pub_1
publishing simulcast video track - hvxqh_pub_0
subscribed to track hvxqh_2 TR_VC2PJKHE7cGU7A video 1/1
Finished connecting to room, waiting 30s
subscribed to track hvxqh_3 TR_VC2PJKHE7cGU7A video 1/1
subscribed to track hvxqh_3 TR_VCZ7yMJE32Ecd2 video 2/2
subscribed to track hvxqh_2 TR_VCZ7yMJE32Ecd2 video 2/2

Track loading:
┌────────┬───────────────────┬───────┬───────┬───────────┬───────────┐
│ Tester │ Track             │ Kind  │ Pkts. │ Bitrate   │ Pkt. Loss │
├────────┼───────────────────┼───────┼───────┼───────────┼───────────┤
│ Sub 0  │ TR_VCZ7yMJE32Ecd2 │ video │ 1430  │ 417.1kbps │ 0 (0%)    │
│        │ TR_VC2PJKHE7cGU7A │ video │ 4519  │ 1.3mbps   │ 0 (0%)    │
│        │                   │       │       │           │           │
│ Sub 1  │ TR_VCZ7yMJE32Ecd2 │ video │ 1432  │ 415.2kbps │ 0 (0%)    │
│        │ TR_VC2PJKHE7cGU7A │ video │ 4510  │ 1.3mbps   │ 0 (0%)    │
└────────┴───────────────────┴───────┴───────┴───────────┴───────────┘

Subscriber summaries:
┌────────┬────────┬───────────────────────┬─────────────────┬───────┐
│ Tester │ Tracks │ Bitrate               │ Total Pkt. Loss │ Error │
├────────┼────────┼───────────────────────┼─────────────────┼───────┤
│ Sub 0  │ 2/2    │ 1.7mbps               │ 0 (0%)          │ -     │
│ Sub 1  │ 2/2    │ 1.7mbps               │ 0 (0%)          │ -     │
│ Total  │ 4/4    │ 3.3mbps (1.7mbps avg) │ 0 (0%)          │ 0     │
└────────┴────────┴───────────────────────┴─────────────────┴───────┘
