Starting load test with 2 video publishers, 2 subscribers, room: ceil-06-1785985267-24341
publishing simulcast video track - loiyz_pub_1
publishing simulcast video track - loiyz_pub_0
subscribed to track loiyz_2 TR_VCuaFModo8aiPj video 1/2
subscribed to track loiyz_2 TR_VC5eRhtHc5Canh video 2/2
Finished connecting to room, waiting 30s

Track loading:
┌────────┬───────────────────┬───────┬───────┬───────────┬────────────┐
│ Tester │ Track             │ Kind  │ Pkts. │ Bitrate   │ Pkt. Loss  │
├────────┼───────────────────┼───────┼───────┼───────────┼────────────┤
│ Sub 0  │ TR_VC5eRhtHc5Canh │ video │ 1672  │ 228.4kbps │ 1 (0.06%)  │
│        │ TR_VCuaFModo8aiPj │ video │ 7277  │ 1.0mbps   │ 1 (0.014%) │
│        │                   │       │       │           │            │
└────────┴───────────────────┴───────┴───────┴───────────┴────────────┘

Subscriber summaries:
┌────────┬────────┬─────────────────────────┬─────────────────┬───────┐
│ Tester │ Tracks │ Bitrate                 │ Total Pkt. Loss │ Error │
├────────┼────────┼─────────────────────────┼─────────────────┼───────┤
│ Sub 0  │ 2/2    │ 1.3mbps                 │ 2 (0.022%)      │ -     │
│ Sub 1  │ 0/2    │ NaNmbps                 │  -              │ -     │
│ Total  │ 2/4    │ 1.3mbps (635.1kbps avg) │ 2 (0.022%)      │ 0     │
└────────┴────────┴─────────────────────────┴─────────────────┴───────┘
