Starting load test with 2 video publishers, 2 subscribers, room: ceil-02-1785983992-24058
publishing simulcast video track - gfhzl_pub_1
publishing simulcast video track - gfhzl_pub_0
Finished connecting to room, waiting 30s
subscribed to track gfhzl_3 TR_VCTMtgE9uCpAEG video 1/2
subscribed to track gfhzl_2 TR_VCTMtgE9uCpAEG video 1/2
subscribed to track gfhzl_3 TR_VCYZnfhFXQxJrN video 2/2
subscribed to track gfhzl_2 TR_VCYZnfhFXQxJrN video 2/2

Track loading:
┌────────┬───────────────────┬───────┬───────┬───────────┬───────────┐
│ Tester │ Track             │ Kind  │ Pkts. │ Bitrate   │ Pkt. Loss │
├────────┼───────────────────┼───────┼───────┼───────────┼───────────┤
│ Sub 0  │ TR_VCTMtgE9uCpAEG │ video │ 4453  │ 1.3mbps   │ 0 (0%)    │
│        │ TR_VCYZnfhFXQxJrN │ video │ 1452  │ 402.8kbps │ 0 (0%)    │
│        │                   │       │       │           │           │
│ Sub 1  │ TR_VCTMtgE9uCpAEG │ video │ 4453  │ 1.3mbps   │ 0 (0%)    │
│        │ TR_VCYZnfhFXQxJrN │ video │ 1452  │ 402.7kbps │ 0 (0%)    │
└────────┴───────────────────┴───────┴───────┴───────────┴───────────┘

Subscriber summaries:
┌────────┬────────┬───────────────────────┬─────────────────┬───────┐
│ Tester │ Tracks │ Bitrate               │ Total Pkt. Loss │ Error │
├────────┼────────┼───────────────────────┼─────────────────┼───────┤
│ Sub 0  │ 2/2    │ 1.7mbps               │ 0 (0%)          │ -     │
│ Sub 1  │ 2/2    │ 1.7mbps               │ 0 (0%)          │ -     │
│ Total  │ 4/4    │ 3.3mbps (1.7mbps avg) │ 0 (0%)          │ 0     │
└────────┴────────┴───────────────────────┴─────────────────┴───────┘
