Starting load test with 2 video publishers, 2 subscribers, room: ceil-00-1785983992-27723
publishing simulcast video track - lufir_pub_0
publishing simulcast video track - lufir_pub_1
Finished connecting to room, waiting 30s
subscribed to track lufir_2 TR_VCKoZC5opg89sP video 1/2
subscribed to track lufir_3 TR_VCKoZC5opg89sP video 1/2
subscribed to track lufir_2 TR_VCPgR2iLfX25y5 video 2/2
subscribed to track lufir_3 TR_VCPgR2iLfX25y5 video 2/2

Track loading:
┌────────┬───────────────────┬───────┬───────┬───────────┬───────────┐
│ Tester │ Track             │ Kind  │ Pkts. │ Bitrate   │ Pkt. Loss │
├────────┼───────────────────┼───────┼───────┼───────────┼───────────┤
│ Sub 0  │ TR_VCPgR2iLfX25y5 │ video │ 1452  │ 402.1kbps │ 0 (0%)    │
│        │ TR_VCKoZC5opg89sP │ video │ 4455  │ 1.3mbps   │ 0 (0%)    │
│        │                   │       │       │           │           │
│ Sub 1  │ TR_VCKoZC5opg89sP │ video │ 4454  │ 1.3mbps   │ 0 (0%)    │
│        │ TR_VCPgR2iLfX25y5 │ video │ 1451  │ 402.2kbps │ 0 (0%)    │
└────────┴───────────────────┴───────┴───────┴───────────┴───────────┘

Subscriber summaries:
┌────────┬────────┬───────────────────────┬─────────────────┬───────┐
│ Tester │ Tracks │ Bitrate               │ Total Pkt. Loss │ Error │
├────────┼────────┼───────────────────────┼─────────────────┼───────┤
│ Sub 0  │ 2/2    │ 1.7mbps               │ 0 (0%)          │ -     │
│ Sub 1  │ 2/2    │ 1.7mbps               │ 0 (0%)          │ -     │
│ Total  │ 4/4    │ 3.3mbps (1.7mbps avg) │ 0 (0%)          │ 0     │
└────────┴────────┴───────────────────────┴─────────────────┴───────┘
