Starting load test with 2 video publishers, 2 subscribers, room: ceil-01-1785983992-4682
publishing simulcast video track - kgepw_pub_0
publishing simulcast video track - kgepw_pub_1
Finished connecting to room, waiting 30s
subscribed to track kgepw_2 TR_VCddei66q5GdiU video 1/2
subscribed to track kgepw_3 TR_VCddei66q5GdiU video 1/2
subscribed to track kgepw_2 TR_VCazyuu8cxTfxu video 2/2
subscribed to track kgepw_3 TR_VCazyuu8cxTfxu video 2/2

Track loading:
┌────────┬───────────────────┬───────┬───────┬───────────┬────────────┐
│ Tester │ Track             │ Kind  │ Pkts. │ Bitrate   │ Pkt. Loss  │
├────────┼───────────────────┼───────┼───────┼───────────┼────────────┤
│ Sub 0  │ TR_VCazyuu8cxTfxu │ video │ 1452  │ 402.0kbps │ 0 (0%)     │
│        │ TR_VCddei66q5GdiU │ video │ 4246  │ 1.2mbps   │ 3 (0.071%) │
│        │                   │       │       │           │            │
│ Sub 1  │ TR_VCddei66q5GdiU │ video │ 4246  │ 1.2mbps   │ 3 (0.071%) │
│        │ TR_VCazyuu8cxTfxu │ video │ 1452  │ 402.5kbps │ 0 (0%)     │
└────────┴───────────────────┴───────┴───────┴───────────┴────────────┘

Subscriber summaries:
┌────────┬────────┬───────────────────────┬─────────────────┬───────┐
│ Tester │ Tracks │ Bitrate               │ Total Pkt. Loss │ Error │
├────────┼────────┼───────────────────────┼─────────────────┼───────┤
│ Sub 0  │ 2/2    │ 1.6mbps               │ 3 (0.053%)      │ -     │
│ Sub 1  │ 2/2    │ 1.6mbps               │ 3 (0.053%)      │ -     │
│ Total  │ 4/4    │ 3.2mbps (1.6mbps avg) │ 6 (0.053%)      │ 0     │
└────────┴────────┴───────────────────────┴─────────────────┴───────┘
