Starting load test with 2 video publishers, 2 subscribers, room: ceil-03-1785985470-21870
publishing simulcast video track - lqtaw_pub_1
publishing simulcast video track - lqtaw_pub_0
subscribed to track lqtaw_3 TR_VCERQtighDK6Er video 1/1
Finished connecting to room, waiting 30s
subscribed to track lqtaw_2 TR_VCERQtighDK6Er video 1/1
subscribed to track lqtaw_2 TR_VCVmouEdDo7xTA video 2/2
subscribed to track lqtaw_3 TR_VCVmouEdDo7xTA video 2/2

Track loading:
┌────────┬───────────────────┬───────┬───────┬───────────┬────────────┐
│ Tester │ Track             │ Kind  │ Pkts. │ Bitrate   │ Pkt. Loss  │
├────────┼───────────────────┼───────┼───────┼───────────┼────────────┤
│ Sub 0  │ TR_VCERQtighDK6Er │ video │ 2024  │ 574.9kbps │ 1 (0.049%) │
│        │ TR_VCVmouEdDo7xTA │ video │ 1204  │ 351.6kbps │ 0 (0%)     │
│        │                   │       │       │           │            │
│ Sub 1  │ TR_VCERQtighDK6Er │ video │ 4523  │ 1.3mbps   │ 0 (0%)     │
│        │ TR_VCVmouEdDo7xTA │ video │ 1433  │ 413.9kbps │ 0 (0%)     │
└────────┴───────────────────┴───────┴───────┴───────────┴────────────┘

Subscriber summaries:
┌────────┬────────┬───────────────────────┬─────────────────┬───────┐
│ Tester │ Tracks │ Bitrate               │ Total Pkt. Loss │ Error │
├────────┼────────┼───────────────────────┼─────────────────┼───────┤
│ Sub 0  │ 2/2    │ 914.1kbps             │ 1 (0.031%)      │ -     │
│ Sub 1  │ 2/2    │ 1.7mbps               │ 0 (0%)          │ -     │
│ Total  │ 4/4    │ 2.6mbps (1.3mbps avg) │ 1 (0.011%)      │ 0     │
└────────┴────────┴───────────────────────┴─────────────────┴───────┘
