Starting load test with 2 video publishers, 2 subscribers, room: ceil-26-1785985472-9815
publishing simulcast video track - pzumt_pub_1
publishing simulcast video track - pzumt_pub_0
could not connect Sub 1: could not connect after timeout
Finished connecting to room, waiting 30s
subscribed to track pzumt_2 TR_VCN4YxrLdrNu5G video 1/2
subscribed to track pzumt_2 TR_VCadqmwqL8JVVL video 2/2

Track loading:
┌────────┬───────────────────┬───────┬───────┬───────────┬───────────┐
│ Tester │ Track             │ Kind  │ Pkts. │ Bitrate   │ Pkt. Loss │
├────────┼───────────────────┼───────┼───────┼───────────┼───────────┤
│ Sub 0  │ TR_VCadqmwqL8JVVL │ video │ 417   │ 206.7kbps │ 0 (0%)    │
│        │ TR_VCN4YxrLdrNu5G │ video │ 2221  │ 1.2mbps   │ 0 (0%)    │
│        │                   │       │       │           │           │
└────────┴───────────────────┴───────┴───────┴───────────┴───────────┘

Subscriber summaries:
┌────────┬────────┬─────────────────────────┬─────────────────┬─────────────────────────────────┐
│ Tester │ Tracks │ Bitrate                 │ Total Pkt. Loss │ Error                           │
├────────┼────────┼─────────────────────────┼─────────────────┼─────────────────────────────────┤
│ Sub 0  │ 2/2    │ 1.4mbps                 │ 0 (0%)          │ -                               │
│ Sub 1  │ 0/2    │ NaNmbps                 │  -              │ could not connect after timeout │
│ Total  │ 2/4    │ 1.4mbps (716.8kbps avg) │ 0 (0%)          │ 1                               │
└────────┴────────┴─────────────────────────┴─────────────────┴─────────────────────────────────┘
