pc ERROR: 2026/08/06 10:05:52 dropping candidate with ufrag IqUtQQLYKXfiizhW because it doesn't match the current ufrags
pc ERROR: 2026/08/06 10:05:52 dropping candidate with ufrag IqUtQQLYKXfiizhW because it doesn't match the current ufrags
pc ERROR: 2026/08/06 10:05:53 dropping candidate with ufrag VdgGKtFKeAoxyLAg because it doesn't match the current ufrags
pc ERROR: 2026/08/06 10:05:53 dropping candidate with ufrag VdgGKtFKeAoxyLAg because it doesn't match the current ufrags
pc ERROR: 2026/08/06 10:05:53 dropping candidate with ufrag zvHnSzztWKClFUdP because it doesn't match the current ufrags
pc ERROR: 2026/08/06 10:05:53 dropping candidate with ufrag zvHnSzztWKClFUdP because it doesn't match the current ufrags
pc ERROR: 2026/08/06 10:05:54 dropping candidate with ufrag EKAKQescUchbcTsy because it doesn't match the current ufrags
pc ERROR: 2026/08/06 10:05:54 dropping candidate with ufrag EKAKQescUchbcTsy because it doesn't match the current ufrags
pc ERROR: 2026/08/06 10:06:07 dropping candidate with ufrag wGKcyeKZNAFdWbJu because it doesn't match the current ufrags
pc ERROR: 2026/08/06 10:06:07 dropping candidate with ufrag wGKcyeKZNAFdWbJu because it doesn't match the current ufrags
pc ERROR: 2026/08/06 10:06:08 dropping candidate with ufrag kDefvBfVPXQPeneB because it doesn't match the current ufrags
pc ERROR: 2026/08/06 10:06:08 dropping candidate with ufrag kDefvBfVPXQPeneB because it doesn't match the current ufrags
pc ERROR: 2026/08/06 10:06:08 dropping candidate with ufrag RmqkQBcgXVbskvdi because it doesn't match the current ufrags
pc ERROR: 2026/08/06 10:06:08 dropping candidate with ufrag RmqkQBcgXVbskvdi because it doesn't match the current ufrags
pc ERROR: 2026/08/06 10:06:10 dropping candidate with ufrag zMbDbUDYVWPNQfXo because it doesn't match the current ufrags
pc ERROR: 2026/08/06 10:06:10 dropping candidate with ufrag zMbDbUDYVWPNQfXo because it doesn't match the current ufrags
pc ERROR: 2026/08/06 10:06:26 dropping candidate with ufrag JYrQuAlkUxzvvMcw because it doesn't match the current ufrags
pc ERROR: 2026/08/06 10:06:26 dropping candidate with ufrag JYrQuAlkUxzvvMcw because it doesn't match the current ufrags
pc ERROR: 2026/08/06 10:06:42 dropping candidate with ufrag vxPJgoKPbJYhrKUN because it doesn't match the current ufrags
pc ERROR: 2026/08/06 10:06:42 dropping candidate with ufrag vxPJgoKPbJYhrKUN because it doesn't match the current ufrags
pc ERROR: 2026/08/06 10:06:58 dropping candidate with ufrag VYjXmPFnXLgqLpfk because it doesn't match the current ufrags
