Starting load test with 2 video publishers, 2 subscribers, room: ceil-01-1785985470-2455
publishing simulcast video track - yoexw_pub_0
publishing simulcast video track - yoexw_pub_1
Finished connecting to room, waiting 30s
subscribed to track yoexw_2 TR_VC8hRYxMpeXnDj video 1/1
subscribed to track yoexw_3 TR_VC8hRYxMpeXnDj video 1/2
subscribed to track yoexw_2 TR_VCZmBT9rSBkk3G video 2/2
subscribed to track yoexw_3 TR_VCZmBT9rSBkk3G video 2/2

Track loading:
┌────────┬───────────────────┬───────┬───────┬───────────┬───────────┐
│ Tester │ Track             │ Kind  │ Pkts. │ Bitrate   │ Pkt. Loss │
├────────┼───────────────────┼───────┼───────┼───────────┼───────────┤
│ Sub 0  │ TR_VC8hRYxMpeXnDj │ video │ 4446  │ 1.3mbps   │ 0 (0%)    │
│        │ TR_VCZmBT9rSBkk3G │ video │ 1434  │ 410.5kbps │ 0 (0%)    │
│        │                   │       │       │           │           │
│ Sub 1  │ TR_VC8hRYxMpeXnDj │ video │ 4441  │ 1.3mbps   │ 0 (0%)    │
│        │ TR_VCZmBT9rSBkk3G │ video │ 1432  │ 414.8kbps │ 0 (0%)    │
└────────┴───────────────────┴───────┴───────┴───────────┴───────────┘

Subscriber summaries:
┌────────┬────────┬───────────────────────┬─────────────────┬───────┐
│ Tester │ Tracks │ Bitrate               │ Total Pkt. Loss │ Error │
├────────┼────────┼───────────────────────┼─────────────────┼───────┤
│ Sub 0  │ 2/2    │ 1.7mbps               │ 0 (0%)          │ -     │
│ Sub 1  │ 2/2    │ 1.7mbps               │ 0 (0%)          │ -     │
│ Total  │ 4/4    │ 3.4mbps (1.7mbps avg) │ 0 (0%)          │ 0     │
└────────┴────────┴───────────────────────┴─────────────────┴───────┘
