Starting load test with 2 video publishers, 2 subscribers, room: ceil-05-1785985470-5774
publishing simulcast video track - egclp_pub_1
publishing simulcast video track - egclp_pub_0
Finished connecting to room, waiting 30s
subscribed to track egclp_3 TR_VCBXGwsn4br24Y video 1/2
subscribed to track egclp_2 TR_VCBXGwsn4br24Y video 1/2
subscribed to track egclp_3 TR_VCW9k5nSpgsEwy video 2/2
subscribed to track egclp_2 TR_VCW9k5nSpgsEwy video 2/2

Track loading:
┌────────┬───────────────────┬───────┬───────┬───────────┬───────────┐
│ Tester │ Track             │ Kind  │ Pkts. │ Bitrate   │ Pkt. Loss │
├────────┼───────────────────┼───────┼───────┼───────────┼───────────┤
│ Sub 0  │ TR_VCBXGwsn4br24Y │ video │ 1898  │ 561.0kbps │ 0 (0%)    │
│        │ TR_VCW9k5nSpgsEwy │ video │ 1124  │ 335.3kbps │ 0 (0%)    │
│        │                   │       │       │           │           │
│ Sub 1  │ TR_VCBXGwsn4br24Y │ video │ 4399  │ 1.3mbps   │ 0 (0%)    │
│        │ TR_VCW9k5nSpgsEwy │ video │ 1431  │ 415.5kbps │ 0 (0%)    │
└────────┴───────────────────┴───────┴───────┴───────────┴───────────┘

Subscriber summaries:
┌────────┬────────┬───────────────────────┬─────────────────┬───────┐
│ Tester │ Tracks │ Bitrate               │ Total Pkt. Loss │ Error │
├────────┼────────┼───────────────────────┼─────────────────┼───────┤
│ Sub 0  │ 2/2    │ 894.3kbps             │ 0 (0%)          │ -     │
│ Sub 1  │ 2/2    │ 1.7mbps               │ 0 (0%)          │ -     │
│ Total  │ 4/4    │ 2.6mbps (1.3mbps avg) │ 0 (0%)          │ 0     │
└────────┴────────┴───────────────────────┴─────────────────┴───────┘
