Starting load test with 2 video publishers, 2 subscribers, room: ceil-13-1785985470-5307
publishing simulcast video track - sljbp_pub_1
publishing simulcast video track - sljbp_pub_0
subscribed to track sljbp_3 TR_VCFp7iky7kfmsV video 1/1
subscribed to track sljbp_3 TR_VCSsckBunQCX94 video 2/2
could not connect Sub 0: could not connect after timeout
Finished connecting to room, waiting 30s

Track loading:
┌────────┬───────────────────┬───────┬───────┬───────────┬───────────┐
│ Tester │ Track             │ Kind  │ Pkts. │ Bitrate   │ Pkt. Loss │
├────────┼───────────────────┼───────┼───────┼───────────┼───────────┤
│        │                   │       │       │           │           │
│ Sub 1  │ TR_VCFp7iky7kfmsV │ video │ 15397 │ 1.4mbps   │ 0 (0%)    │
│        │ TR_VCSsckBunQCX94 │ video │ 1761  │ 163.2kbps │ 0 (0%)    │
└────────┴───────────────────┴───────┴───────┴───────────┴───────────┘

Subscriber summaries:
┌────────┬────────┬─────────────────────────┬─────────────────┬─────────────────────────────────┐
│ Tester │ Tracks │ Bitrate                 │ Total Pkt. Loss │ Error                           │
├────────┼────────┼─────────────────────────┼─────────────────┼─────────────────────────────────┤
│ Sub 0  │ 0/2    │ NaNmbps                 │  -              │ could not connect after timeout │
│ Sub 1  │ 2/2    │ 1.6mbps                 │ 0 (0%)          │ -                               │
│ Total  │ 2/4    │ 1.6mbps (778.0kbps avg) │ 0 (0%)          │ 1                               │
└────────┴────────┴─────────────────────────┴─────────────────┴─────────────────────────────────┘
