Starting load test with 2 video publishers, 2 subscribers, room: ceil-20-1785985471-20737
publishing simulcast video track - kefhs_pub_1
subscribed to track kefhs_2 TR_VCkNRDZFjG6uau video 1/1
subscribed to track kefhs_3 TR_VCkNRDZFjG6uau video 1/1
could not connect Pub 0: could not connect after timeout
Finished connecting to room, waiting 30s

Track loading:
┌────────┬───────────────────┬───────┬───────┬───────────┬───────────┐
│ Tester │ Track             │ Kind  │ Pkts. │ Bitrate   │ Pkt. Loss │
├────────┼───────────────────┼───────┼───────┼───────────┼───────────┤
│ Sub 0  │ TR_VCkNRDZFjG6uau │ video │ 7717  │ 1.4mbps   │ 0 (0%)    │
│        │                   │       │       │           │           │
│ Sub 1  │ TR_VCkNRDZFjG6uau │ video │ 2393  │ 439.7kbps │ 0 (0%)    │
└────────┴───────────────────┴───────┴───────┴───────────┴───────────┘

Subscriber summaries:
┌────────┬────────┬─────────────────────────┬─────────────────┬───────┐
│ Tester │ Tracks │ Bitrate                 │ Total Pkt. Loss │ Error │
├────────┼────────┼─────────────────────────┼─────────────────┼───────┤
│ Sub 0  │ 1/2    │ 1.4mbps                 │ 0 (0%)          │ -     │
│ Sub 1  │ 1/2    │ 439.7kbps               │ 0 (0%)          │ -     │
│ Total  │ 2/4    │ 1.8mbps (923.1kbps avg) │ 0 (0%)          │ 0     │
└────────┴────────┴─────────────────────────┴─────────────────┴───────┘
