Starting load test with 2 video publishers, 2 subscribers, room: ceil-02-1785985470-25315
publishing simulcast video track - sctnj_pub_0
publishing simulcast video track - sctnj_pub_1
Finished connecting to room, waiting 30s
subscribed to track sctnj_3 TR_VCKQyKG89UqH6B video 1/2
subscribed to track sctnj_3 TR_VCPyfLuMsiP4Uw video 2/2
subscribed to track sctnj_2 TR_VCPyfLuMsiP4Uw video 1/2
subscribed to track sctnj_2 TR_VCKQyKG89UqH6B video 2/2

Track loading:
┌────────┬───────────────────┬───────┬───────┬───────────┬───────────┐
│ Tester │ Track             │ Kind  │ Pkts. │ Bitrate   │ Pkt. Loss │
├────────┼───────────────────┼───────┼───────┼───────────┼───────────┤
│ Sub 0  │ TR_VCKQyKG89UqH6B │ video │ 1101  │ 296.1kbps │ 0 (0%)    │
│        │ TR_VCPyfLuMsiP4Uw │ video │ 5836  │ 1.8mbps   │ 0 (0%)    │
│        │                   │       │       │           │           │
│ Sub 1  │ TR_VCKQyKG89UqH6B │ video │ 4375  │ 1.3mbps   │ 0 (0%)    │
│        │ TR_VCPyfLuMsiP4Uw │ video │ 1449  │ 410.6kbps │ 0 (0%)    │
└────────┴───────────────────┴───────┴───────┴───────────┴───────────┘

Subscriber summaries:
┌────────┬────────┬───────────────────────┬─────────────────┬───────┐
│ Tester │ Tracks │ Bitrate               │ Total Pkt. Loss │ Error │
├────────┼────────┼───────────────────────┼─────────────────┼───────┤
│ Sub 0  │ 2/2    │ 2.1mbps               │ 0 (0%)          │ -     │
│ Sub 1  │ 2/2    │ 1.7mbps               │ 0 (0%)          │ -     │
│ Total  │ 4/4    │ 3.7mbps (1.9mbps avg) │ 0 (0%)          │ 0     │
└────────┴────────┴───────────────────────┴─────────────────┴───────┘
