pc ERROR: 2026/08/06 10:05:19 dropping candidate with ufrag xnnvUfHCLeAIUxRb because it doesn't match the current ufrags
pc ERROR: 2026/08/06 10:05:19 dropping candidate with ufrag xnnvUfHCLeAIUxRb because it doesn't match the current ufrags
pc ERROR: 2026/08/06 10:05:20 dropping candidate with ufrag dCKrnxqgkejUMQhz because it doesn't match the current ufrags
pc ERROR: 2026/08/06 10:05:20 dropping candidate with ufrag dCKrnxqgkejUMQhz because it doesn't match the current ufrags
pc ERROR: 2026/08/06 10:05:20 dropping candidate with ufrag QQXROnZpuTPvlkZm because it doesn't match the current ufrags
pc ERROR: 2026/08/06 10:05:20 dropping candidate with ufrag QQXROnZpuTPvlkZm because it doesn't match the current ufrags
pc ERROR: 2026/08/06 10:05:20 dropping candidate with ufrag JMpczOcBVcaLpYMd because it doesn't match the current ufrags
pc ERROR: 2026/08/06 10:05:20 dropping candidate with ufrag JMpczOcBVcaLpYMd because it doesn't match the current ufrags
pc ERROR: 2026/08/06 10:05:35 dropping candidate with ufrag timRTpZYgdYBFqgo because it doesn't match the current ufrags
pc ERROR: 2026/08/06 10:05:35 dropping candidate with ufrag timRTpZYgdYBFqgo because it doesn't match the current ufrags
pc ERROR: 2026/08/06 10:05:35 dropping candidate with ufrag QWsIwTuoXSfhyozj because it doesn't match the current ufrags
pc ERROR: 2026/08/06 10:05:35 dropping candidate with ufrag QWsIwTuoXSfhyozj because it doesn't match the current ufrags
pc ERROR: 2026/08/06 10:05:36 dropping candidate with ufrag AdsxPDvLrrubJGKd because it doesn't match the current ufrags
pc ERROR: 2026/08/06 10:05:36 dropping candidate with ufrag AdsxPDvLrrubJGKd because it doesn't match the current ufrags
pc ERROR: 2026/08/06 10:05:52 dropping candidate with ufrag MwVXHvzJJNYqMVEi because it doesn't match the current ufrags
pc ERROR: 2026/08/06 10:05:52 dropping candidate with ufrag MwVXHvzJJNYqMVEi because it doesn't match the current ufrags
pc ERROR: 2026/08/06 10:06:08 dropping candidate with ufrag WStqxeOicXVkTevl because it doesn't match the current ufrags
pc ERROR: 2026/08/06 10:06:08 dropping candidate with ufrag WStqxeOicXVkTevl because it doesn't match the current ufrags
pc ERROR: 2026/08/06 10:06:24 dropping candidate with ufrag GTBwoxUEjWRUxDje because it doesn't match the current ufrags
pc ERROR: 2026/08/06 10:06:24 dropping candidate with ufrag GTBwoxUEjWRUxDje because it doesn't match the current ufrags
pc ERROR: 2026/08/06 10:06:40 dropping candidate with ufrag GWLQZgklCPVsostG because it doesn't match the current ufrags
pc ERROR: 2026/08/06 10:06:40 dropping candidate with ufrag GWLQZgklCPVsostG because it doesn't match the current ufrags
pc ERROR: 2026/08/06 10:06:56 dropping candidate with ufrag jDggiRvELIQhcpnu because it doesn't match the current ufrags
pc ERROR: 2026/08/06 10:06:56 dropping candidate with ufrag jDggiRvELIQhcpnu because it doesn't match the current ufrags
