Starting load test with 2 video publishers, 2 subscribers, room: ceil-08-1785985470-23031
publishing simulcast video track - horsy_pub_1
subscribed to track horsy_2 TR_VCxhJcFJaA4bxW video 1/1
subscribed to track horsy_3 TR_VCxhJcFJaA4bxW video 1/1
could not connect Pub 0: could not connect after timeout
Finished connecting to room, waiting 30s

Track loading:
┌────────┬───────────────────┬───────┬───────┬─────────┬────────────┐
│ Tester │ Track             │ Kind  │ Pkts. │ Bitrate │ Pkt. Loss  │
├────────┼───────────────────┼───────┼───────┼─────────┼────────────┤
│ Sub 0  │ TR_VCxhJcFJaA4bxW │ video │ 13039 │ 1.4mbps │ 1 (0.008%) │
│        │                   │       │       │         │            │
│ Sub 1  │ TR_VCxhJcFJaA4bxW │ video │ 13039 │ 1.4mbps │ 1 (0.008%) │
└────────┴───────────────────┴───────┴───────┴─────────┴────────────┘

Subscriber summaries:
┌────────┬────────┬───────────────────────┬─────────────────┬───────┐
│ Tester │ Tracks │ Bitrate               │ Total Pkt. Loss │ Error │
├────────┼────────┼───────────────────────┼─────────────────┼───────┤
│ Sub 0  │ 1/2    │ 1.4mbps               │ 1 (0.008%)      │ -     │
│ Sub 1  │ 1/2    │ 1.4mbps               │ 1 (0.008%)      │ -     │
│ Total  │ 2/4    │ 2.8mbps (1.4mbps avg) │ 2 (0.008%)      │ 0     │
└────────┴────────┴───────────────────────┴─────────────────┴───────┘
