pc ERROR: 2026/08/06 10:05:53 dropping candidate with ufrag xAeJFqJndpiKaXkJ because it doesn't match the current ufrags
pc ERROR: 2026/08/06 10:05:53 dropping candidate with ufrag xAeJFqJndpiKaXkJ because it doesn't match the current ufrags
pc ERROR: 2026/08/06 10:06:08 dropping candidate with ufrag XFzihHrzzHtBKkGm because it doesn't match the current ufrags
pc ERROR: 2026/08/06 10:06:08 dropping candidate with ufrag XFzihHrzzHtBKkGm because it doesn't match the current ufrags
pc ERROR: 2026/08/06 10:06:25 dropping candidate with ufrag JXgQejGSrxgTekmN because it doesn't match the current ufrags
pc ERROR: 2026/08/06 10:06:25 dropping candidate with ufrag JXgQejGSrxgTekmN because it doesn't match the current ufrags
pc ERROR: 2026/08/06 10:06:26 dropping candidate with ufrag xkyYLKHFeKtecOpz because it doesn't match the current ufrags
pc ERROR: 2026/08/06 10:06:26 dropping candidate with ufrag xkyYLKHFeKtecOpz because it doesn't match the current ufrags
pc ERROR: 2026/08/06 10:06:26 dropping candidate with ufrag IevvByNJdXFYShOn because it doesn't match the current ufrags
pc ERROR: 2026/08/06 10:06:26 dropping candidate with ufrag IevvByNJdXFYShOn because it doesn't match the current ufrags
pc ERROR: 2026/08/06 10:06:40 dropping candidate with ufrag QQQKDvirUNdwvIgX because it doesn't match the current ufrags
pc ERROR: 2026/08/06 10:06:40 dropping candidate with ufrag QQQKDvirUNdwvIgX because it doesn't match the current ufrags
pc ERROR: 2026/08/06 10:06:41 dropping candidate with ufrag HrIEwoMgDwfZZGvS because it doesn't match the current ufrags
pc ERROR: 2026/08/06 10:06:41 dropping candidate with ufrag HrIEwoMgDwfZZGvS because it doesn't match the current ufrags
pc ERROR: 2026/08/06 10:06:42 dropping candidate with ufrag ZmrDQAYJhuQrpggh because it doesn't match the current ufrags
pc ERROR: 2026/08/06 10:06:42 dropping candidate with ufrag ZmrDQAYJhuQrpggh because it doesn't match the current ufrags
pc ERROR: 2026/08/06 10:06:58 dropping candidate with ufrag pHAedZfHqxcHczJm because it doesn't match the current ufrags
pc ERROR: 2026/08/06 10:06:58 dropping candidate with ufrag pHAedZfHqxcHczJm because it doesn't match the current ufrags
pc ERROR: 2026/08/06 10:07:12 dropping candidate with ufrag zjmEMIFSIpuxbjRg because it doesn't match the current ufrags
pc ERROR: 2026/08/06 10:07:12 dropping candidate with ufrag zjmEMIFSIpuxbjRg because it doesn't match the current ufrags
