Starting load test with 2 video publishers, 2 subscribers, room: ceil-25-1785985471-28974
publishing simulcast video track - onyyh_pub_1
publishing simulcast video track - onyyh_pub_0
could not connect Sub 1: could not connect after timeout
Finished connecting to room, waiting 30s
subscribed to track onyyh_2 TR_VCRFeBXYts6Gw8 video 1/2
subscribed to track onyyh_2 TR_VCqB2x2HrpSycx video 2/2

Track loading:
┌────────┬───────────────────┬───────┬───────┬───────────┬───────────┐
│ Tester │ Track             │ Kind  │ Pkts. │ Bitrate   │ Pkt. Loss │
├────────┼───────────────────┼───────┼───────┼───────────┼───────────┤
│ Sub 0  │ TR_VCRFeBXYts6Gw8 │ video │ 3173  │ 1.8mbps   │ 0 (0%)    │
│        │ TR_VCqB2x2HrpSycx │ video │ 257   │ 106.0kbps │ 0 (0%)    │
│        │                   │       │       │           │           │
└────────┴───────────────────┴───────┴───────┴───────────┴───────────┘

Subscriber summaries:
┌────────┬────────┬─────────────────────────┬─────────────────┬─────────────────────────────────┐
│ Tester │ Tracks │ Bitrate                 │ Total Pkt. Loss │ Error                           │
├────────┼────────┼─────────────────────────┼─────────────────┼─────────────────────────────────┤
│ Sub 0  │ 2/2    │ 2.0mbps                 │ 0 (0%)          │ -                               │
│ Sub 1  │ 0/2    │ NaNmbps                 │  -              │ could not connect after timeout │
│ Total  │ 2/4    │ 2.0mbps (976.8kbps avg) │ 0 (0%)          │ 1                               │
└────────┴────────┴─────────────────────────┴─────────────────┴─────────────────────────────────┘
