Starting load test with 2 video publishers, 2 subscribers, room: ceil-04-1785985470-1752
publishing simulcast video track - snefg_pub_0
publishing simulcast video track - snefg_pub_1
Finished connecting to room, waiting 30s
subscribed to track snefg_3 TR_VCbe4pRQXQyCqJ video 1/2
subscribed to track snefg_2 TR_VCbe4pRQXQyCqJ video 1/2
subscribed to track snefg_2 TR_VCgJxx2F7Fs5Mi video 2/2
subscribed to track snefg_3 TR_VCgJxx2F7Fs5Mi video 2/2

Track loading:
┌────────┬───────────────────┬───────┬───────┬───────────┬───────────┐
│ Tester │ Track             │ Kind  │ Pkts. │ Bitrate   │ Pkt. Loss │
├────────┼───────────────────┼───────┼───────┼───────────┼───────────┤
│ Sub 0  │ TR_VCgJxx2F7Fs5Mi │ video │ 1446  │ 415.9kbps │ 0 (0%)    │
│        │ TR_VCbe4pRQXQyCqJ │ video │ 4400  │ 1.3mbps   │ 0 (0%)    │
│        │                   │       │       │           │           │
│ Sub 1  │ TR_VCgJxx2F7Fs5Mi │ video │ 1446  │ 415.9kbps │ 0 (0%)    │
│        │ TR_VCbe4pRQXQyCqJ │ video │ 4400  │ 1.3mbps   │ 0 (0%)    │
└────────┴───────────────────┴───────┴───────┴───────────┴───────────┘

Subscriber summaries:
┌────────┬────────┬───────────────────────┬─────────────────┬───────┐
│ Tester │ Tracks │ Bitrate               │ Total Pkt. Loss │ Error │
├────────┼────────┼───────────────────────┼─────────────────┼───────┤
│ Sub 0  │ 2/2    │ 1.7mbps               │ 0 (0%)          │ -     │
│ Sub 1  │ 2/2    │ 1.7mbps               │ 0 (0%)          │ -     │
│ Total  │ 4/4    │ 3.4mbps (1.7mbps avg) │ 0 (0%)          │ 0     │
└────────┴────────┴───────────────────────┴─────────────────┴───────┘
