Starting load test with 2 video publishers, 2 subscribers, room: ceil-07-1785985470-22236
publishing simulcast video track - xgkpi_pub_0
publishing simulcast video track - xgkpi_pub_1
Finished connecting to room, waiting 30s
subscribed to track xgkpi_2 TR_VCHkFiuArKfidu video 1/1
subscribed to track xgkpi_3 TR_VCHkFiuArKfidu video 1/1
subscribed to track xgkpi_3 TR_VCDFiJKwYazYtA video 2/2
subscribed to track xgkpi_2 TR_VCDFiJKwYazYtA video 2/2

Track loading:
┌────────┬───────────────────┬───────┬───────┬───────────┬────────────┐
│ Tester │ Track             │ Kind  │ Pkts. │ Bitrate   │ Pkt. Loss  │
├────────┼───────────────────┼───────┼───────┼───────────┼────────────┤
│ Sub 0  │ TR_VCHkFiuArKfidu │ video │ 2374  │ 697.4kbps │ 1 (0.042%) │
│        │ TR_VCDFiJKwYazYtA │ video │ 29    │ 89.1kbps  │ 0 (0%)     │
│        │                   │       │       │           │            │
│ Sub 1  │ TR_VCDFiJKwYazYtA │ video │ 40    │ 132.7kbps │ 0 (0%)     │
│        │ TR_VCHkFiuArKfidu │ video │ 2426  │ 712.4kbps │ 1 (0.041%) │
└────────┴───────────────────┴───────┴───────┴───────────┴────────────┘

Subscriber summaries:
┌────────┬────────┬─────────────────────────┬─────────────────┬───────┐
│ Tester │ Tracks │ Bitrate                 │ Total Pkt. Loss │ Error │
├────────┼────────┼─────────────────────────┼─────────────────┼───────┤
│ Sub 0  │ 2/2    │ 703.0kbps               │ 1 (0.042%)      │ -     │
│ Sub 1  │ 2/2    │ 721.0kbps               │ 1 (0.041%)      │ -     │
│ Total  │ 4/4    │ 1.4mbps (711.9kbps avg) │ 2 (0.041%)      │ 0     │
└────────┴────────┴─────────────────────────┴─────────────────┴───────┘
