Starting load test with 2 video publishers, 2 subscribers, room: ceil-00-1785985470-6453
publishing simulcast video track - pfaum_pub_0
publishing simulcast video track - pfaum_pub_1
Finished connecting to room, waiting 30s
subscribed to track pfaum_2 TR_VCB6R7ZK2BRLYK video 1/2
subscribed to track pfaum_3 TR_VCB6R7ZK2BRLYK video 1/2
subscribed to track pfaum_3 TR_VCLF927o3xpq4a video 2/2
subscribed to track pfaum_2 TR_VCLF927o3xpq4a video 2/2

Track loading:
┌────────┬───────────────────┬───────┬───────┬───────────┬────────────┐
│ Tester │ Track             │ Kind  │ Pkts. │ Bitrate   │ Pkt. Loss  │
├────────┼───────────────────┼───────┼───────┼───────────┼────────────┤
│ Sub 0  │ TR_VCB6R7ZK2BRLYK │ video │ 4418  │ 1.3mbps   │ 1 (0.023%) │
│        │ TR_VCLF927o3xpq4a │ video │ 1422  │ 401.9kbps │ 0 (0%)     │
│        │                   │       │       │           │            │
│ Sub 1  │ TR_VCLF927o3xpq4a │ video │ 1435  │ 405.5kbps │ 0 (0%)     │
│        │ TR_VCB6R7ZK2BRLYK │ video │ 4416  │ 1.3mbps   │ 1 (0.023%) │
└────────┴───────────────────┴───────┴───────┴───────────┴────────────┘

Subscriber summaries:
┌────────┬────────┬───────────────────────┬─────────────────┬───────┐
│ Tester │ Tracks │ Bitrate               │ Total Pkt. Loss │ Error │
├────────┼────────┼───────────────────────┼─────────────────┼───────┤
│ Sub 0  │ 2/2    │ 1.7mbps               │ 1 (0.017%)      │ -     │
│ Sub 1  │ 2/2    │ 1.7mbps               │ 1 (0.017%)      │ -     │
│ Total  │ 4/4    │ 3.3mbps (1.7mbps avg) │ 2 (0.017%)      │ 0     │
└────────┴────────┴───────────────────────┴─────────────────┴───────┘
