pc ERROR: 2026/08/06 10:05:19 dropping candidate with ufrag NbzucEVpnGzsWKbz because it doesn't match the current ufrags
pc ERROR: 2026/08/06 10:05:19 dropping candidate with ufrag NbzucEVpnGzsWKbz because it doesn't match the current ufrags
pc ERROR: 2026/08/06 10:05:19 dropping candidate with ufrag IQcscFQnLIZFYGaj because it doesn't match the current ufrags
pc ERROR: 2026/08/06 10:05:19 dropping candidate with ufrag IQcscFQnLIZFYGaj because it doesn't match the current ufrags
pc ERROR: 2026/08/06 10:05:20 dropping candidate with ufrag wvunVxyZKFnpXPCY because it doesn't match the current ufrags
pc ERROR: 2026/08/06 10:05:20 dropping candidate with ufrag wvunVxyZKFnpXPCY because it doesn't match the current ufrags
pc ERROR: 2026/08/06 10:05:21 dropping candidate with ufrag jdLhngixTXHrDLTt because it doesn't match the current ufrags
pc ERROR: 2026/08/06 10:05:21 dropping candidate with ufrag jdLhngixTXHrDLTt because it doesn't match the current ufrags
pc ERROR: 2026/08/06 10:05:34 dropping candidate with ufrag EGALPvbiwssnWhGa because it doesn't match the current ufrags
pc ERROR: 2026/08/06 10:05:34 dropping candidate with ufrag EGALPvbiwssnWhGa because it doesn't match the current ufrags
pc ERROR: 2026/08/06 10:05:34 dropping candidate with ufrag rMIzTRasmjpPKEzD because it doesn't match the current ufrags
pc ERROR: 2026/08/06 10:05:34 dropping candidate with ufrag rMIzTRasmjpPKEzD because it doesn't match the current ufrags
pc ERROR: 2026/08/06 10:05:35 dropping candidate with ufrag RyEyXNbclNnDCZuu because it doesn't match the current ufrags
pc ERROR: 2026/08/06 10:05:35 dropping candidate with ufrag RyEyXNbclNnDCZuu because it doesn't match the current ufrags
pc ERROR: 2026/08/06 10:05:37 dropping candidate with ufrag EujoObHkWYUrGZeF because it doesn't match the current ufrags
pc ERROR: 2026/08/06 10:05:37 dropping candidate with ufrag EujoObHkWYUrGZeF because it doesn't match the current ufrags
pc ERROR: 2026/08/06 10:05:53 dropping candidate with ufrag aegzCwEWQeZjCFjG because it doesn't match the current ufrags
pc ERROR: 2026/08/06 10:06:09 dropping candidate with ufrag zpVNrHqRrswGhxRo because it doesn't match the current ufrags
pc ERROR: 2026/08/06 10:06:09 dropping candidate with ufrag zpVNrHqRrswGhxRo because it doesn't match the current ufrags
pc ERROR: 2026/08/06 10:06:25 dropping candidate with ufrag tKWwvWOIOOleCclF because it doesn't match the current ufrags
pc ERROR: 2026/08/06 10:06:41 dropping candidate with ufrag YNDQnnGAAZogVFaM because it doesn't match the current ufrags
pc ERROR: 2026/08/06 10:06:41 dropping candidate with ufrag YNDQnnGAAZogVFaM because it doesn't match the current ufrags
pc ERROR: 2026/08/06 10:06:57 dropping candidate with ufrag ucyAnvbbrKcZFWDO because it doesn't match the current ufrags
pc ERROR: 2026/08/06 10:06:57 dropping candidate with ufrag ucyAnvbbrKcZFWDO because it doesn't match the current ufrags
