Starting load test with 2 video publishers, 2 subscribers, room: ceil-21-1785985471-29462
publishing simulcast video track - hfwvf_pub_0
publishing simulcast video track - hfwvf_pub_1
could not connect Sub 0: could not connect after timeout
Finished connecting to room, waiting 30s
subscribed to track hfwvf_3 TR_VCaYREyoPAQ8hu video 1/2
subscribed to track hfwvf_3 TR_VCRFTxazcBy2J4 video 2/2

Track loading:
┌────────┬───────────────────┬───────┬───────┬───────────┬───────────┐
│ Tester │ Track             │ Kind  │ Pkts. │ Bitrate   │ Pkt. Loss │
├────────┼───────────────────┼───────┼───────┼───────────┼───────────┤
│        │                   │       │       │           │           │
│ Sub 1  │ TR_VCRFTxazcBy2J4 │ video │ 254   │ 108.8kbps │ 0 (0%)    │
│        │ TR_VCaYREyoPAQ8hu │ video │ 3165  │ 1.9mbps   │ 0 (0%)    │
└────────┴───────────────────┴───────┴───────┴───────────┴───────────┘

Subscriber summaries:
┌────────┬────────┬─────────────────────────┬─────────────────┬─────────────────────────────────┐
│ Tester │ Tracks │ Bitrate                 │ Total Pkt. Loss │ Error                           │
├────────┼────────┼─────────────────────────┼─────────────────┼─────────────────────────────────┤
│ Sub 0  │ 0/2    │ NaNmbps                 │  -              │ could not connect after timeout │
│ Sub 1  │ 2/2    │ 2.0mbps                 │ 0 (0%)          │ -                               │
│ Total  │ 2/4    │ 2.0mbps (997.1kbps avg) │ 0 (0%)          │ 1                               │
└────────┴────────┴─────────────────────────┴─────────────────┴─────────────────────────────────┘
