Starting load test with 2 video publishers, 2 subscribers, room: ceil-23-1785985471-1500
publishing simulcast video track - kliff_pub_0
could not connect Pub 1: could not connect after timeout
could not connect Sub 1: could not connect after timeout
Finished connecting to room, waiting 30s
subscribed to track kliff_2 TR_VCHMAGksnRz7qG video 1/1

Track loading:
┌────────┬───────────────────┬───────┬───────┬─────────┬───────────┐
│ Tester │ Track             │ Kind  │ Pkts. │ Bitrate │ Pkt. Loss │
├────────┼───────────────────┼───────┼───────┼─────────┼───────────┤
│ Sub 0  │ TR_VCHMAGksnRz7qG │ video │ 2233  │ 1.3mbps │ 0 (0%)    │
│        │                   │       │       │         │           │
└────────┴───────────────────┴───────┴───────┴─────────┴───────────┘

Subscriber summaries:
┌────────┬────────┬─────────────────────────┬─────────────────┬─────────────────────────────────┐
│ Tester │ Tracks │ Bitrate                 │ Total Pkt. Loss │ Error                           │
├────────┼────────┼─────────────────────────┼─────────────────┼─────────────────────────────────┤
│ Sub 0  │ 1/2    │ 1.3mbps                 │ 0 (0%)          │ -                               │
│ Sub 1  │ 0/2    │ NaNmbps                 │  -              │ could not connect after timeout │
│ Total  │ 1/4    │ 1.3mbps (627.7kbps avg) │ 0 (0%)          │ 1                               │
└────────┴────────┴─────────────────────────┴─────────────────┴─────────────────────────────────┘
