Starting load test with 2 video publishers, 2 subscribers, room: ceil-17-1785985470-25873
publishing simulcast video track - vqand_pub_1
publishing simulcast video track - vqand_pub_0
subscribed to track vqand_2 TR_VCinCtiEyhNjr8 video 1/2
could not connect Sub 1: could not connect after timeout
Finished connecting to room, waiting 30s

Track loading:
┌────────┬───────────────────┬───────┬───────┬─────────┬───────────┐
│ Tester │ Track             │ Kind  │ Pkts. │ Bitrate │ Pkt. Loss │
├────────┼───────────────────┼───────┼───────┼─────────┼───────────┤
│ Sub 0  │ TR_VCinCtiEyhNjr8 │ video │ 13605 │ 2.0mbps │ 0 (0%)    │
│        │                   │       │       │         │           │
└────────┴───────────────────┴───────┴───────┴─────────┴───────────┘

Subscriber summaries:
┌────────┬────────┬─────────────────────────┬─────────────────┬─────────────────────────────────┐
│ Tester │ Tracks │ Bitrate                 │ Total Pkt. Loss │ Error                           │
├────────┼────────┼─────────────────────────┼─────────────────┼─────────────────────────────────┤
│ Sub 0  │ 1/2    │ 2.0mbps                 │ 0 (0%)          │ -                               │
│ Sub 1  │ 0/2    │ NaNmbps                 │  -              │ could not connect after timeout │
│ Total  │ 1/4    │ 2.0mbps (984.9kbps avg) │ 0 (0%)          │ 1                               │
└────────┴────────┴─────────────────────────┴─────────────────┴─────────────────────────────────┘
