Starting load test with 2 video publishers, 2 subscribers, room: ceil-03-1785984029-18910
publishing simulcast video track - jhdic_pub_1
publishing simulcast video track - jhdic_pub_0
Finished connecting to room, waiting 30s
subscribed to track jhdic_2 TR_VC6MmeJuqViU23 video 1/2
subscribed to track jhdic_3 TR_VC6MmeJuqViU23 video 1/2
subscribed to track jhdic_3 TR_VCj6UZThtsmoTS video 2/2
subscribed to track jhdic_2 TR_VCj6UZThtsmoTS video 2/2

Track loading:
┌────────┬───────────────────┬───────┬───────┬───────────┬───────────┐
│ Tester │ Track             │ Kind  │ Pkts. │ Bitrate   │ Pkt. Loss │
├────────┼───────────────────┼───────┼───────┼───────────┼───────────┤
│ Sub 0  │ TR_VCj6UZThtsmoTS │ video │ 1444  │ 401.9kbps │ 0 (0%)    │
│        │ TR_VC6MmeJuqViU23 │ video │ 4413  │ 1.3mbps   │ 0 (0%)    │
│        │                   │       │       │           │           │
│ Sub 1  │ TR_VC6MmeJuqViU23 │ video │ 4413  │ 1.3mbps   │ 0 (0%)    │
│        │ TR_VCj6UZThtsmoTS │ video │ 1444  │ 401.3kbps │ 0 (0%)    │
└────────┴───────────────────┴───────┴───────┴───────────┴───────────┘

Subscriber summaries:
┌────────┬────────┬───────────────────────┬─────────────────┬───────┐
│ Tester │ Tracks │ Bitrate               │ Total Pkt. Loss │ Error │
├────────┼────────┼───────────────────────┼─────────────────┼───────┤
│ Sub 0  │ 2/2    │ 1.7mbps               │ 0 (0%)          │ -     │
│ Sub 1  │ 2/2    │ 1.7mbps               │ 0 (0%)          │ -     │
│ Total  │ 4/4    │ 3.3mbps (1.7mbps avg) │ 0 (0%)          │ 0     │
└────────┴────────┴───────────────────────┴─────────────────┴───────┘
