Starting load test with 2 video publishers, 2 subscribers, room: ceil-00-1785984029-7341
publishing simulcast video track - lropx_pub_0
publishing simulcast video track - lropx_pub_1
Finished connecting to room, waiting 30s
subscribed to track lropx_2 TR_VCpNZ2XRstenfY video 1/2
subscribed to track lropx_3 TR_VCpNZ2XRstenfY video 1/2
subscribed to track lropx_2 TR_VCJzeLPnvU4GVf video 2/2
subscribed to track lropx_3 TR_VCJzeLPnvU4GVf video 2/2

Track loading:
┌────────┬───────────────────┬───────┬───────┬───────────┬───────────┐
│ Tester │ Track             │ Kind  │ Pkts. │ Bitrate   │ Pkt. Loss │
├────────┼───────────────────┼───────┼───────┼───────────┼───────────┤
│ Sub 0  │ TR_VCpNZ2XRstenfY │ video │ 4456  │ 1.3mbps   │ 0 (0%)    │
│        │ TR_VCJzeLPnvU4GVf │ video │ 1463  │ 406.4kbps │ 0 (0%)    │
│        │                   │       │       │           │           │
│ Sub 1  │ TR_VCJzeLPnvU4GVf │ video │ 1463  │ 406.4kbps │ 0 (0%)    │
│        │ TR_VCpNZ2XRstenfY │ video │ 4456  │ 1.3mbps   │ 0 (0%)    │
└────────┴───────────────────┴───────┴───────┴───────────┴───────────┘

Subscriber summaries:
┌────────┬────────┬───────────────────────┬─────────────────┬───────┐
│ Tester │ Tracks │ Bitrate               │ Total Pkt. Loss │ Error │
├────────┼────────┼───────────────────────┼─────────────────┼───────┤
│ Sub 0  │ 2/2    │ 1.7mbps               │ 0 (0%)          │ -     │
│ Sub 1  │ 2/2    │ 1.7mbps               │ 0 (0%)          │ -     │
│ Total  │ 4/4    │ 3.4mbps (1.7mbps avg) │ 0 (0%)          │ 0     │
└────────┴────────┴───────────────────────┴─────────────────┴───────┘
