Starting load test with 2 video publishers, 2 subscribers, room: ceil-01-1785984029-31229
publishing simulcast video track - fgfmu_pub_1
publishing simulcast video track - fgfmu_pub_0
Finished connecting to room, waiting 30s
subscribed to track fgfmu_2 TR_VCbEo2fTEiyV32 video 1/2
subscribed to track fgfmu_3 TR_VCbEo2fTEiyV32 video 1/2
subscribed to track fgfmu_2 TR_VCJcKaJt8863ig video 2/2
subscribed to track fgfmu_3 TR_VCJcKaJt8863ig video 2/2

Track loading:
┌────────┬───────────────────┬───────┬───────┬───────────┬────────────┐
│ Tester │ Track             │ Kind  │ Pkts. │ Bitrate   │ Pkt. Loss  │
├────────┼───────────────────┼───────┼───────┼───────────┼────────────┤
│ Sub 0  │ TR_VCJcKaJt8863ig │ video │ 1445  │ 400.1kbps │ 0 (0%)     │
│        │ TR_VCbEo2fTEiyV32 │ video │ 4383  │ 1.3mbps   │ 1 (0.023%) │
│        │                   │       │       │           │            │
│ Sub 1  │ TR_VCJcKaJt8863ig │ video │ 1443  │ 403.0kbps │ 0 (0%)     │
│        │ TR_VCbEo2fTEiyV32 │ video │ 4383  │ 1.3mbps   │ 1 (0.023%) │
└────────┴───────────────────┴───────┴───────┴───────────┴────────────┘

Subscriber summaries:
┌────────┬────────┬───────────────────────┬─────────────────┬───────┐
│ Tester │ Tracks │ Bitrate               │ Total Pkt. Loss │ Error │
├────────┼────────┼───────────────────────┼─────────────────┼───────┤
│ Sub 0  │ 2/2    │ 1.7mbps               │ 1 (0.017%)      │ -     │
│ Sub 1  │ 2/2    │ 1.7mbps               │ 1 (0.017%)      │ -     │
│ Total  │ 4/4    │ 3.3mbps (1.7mbps avg) │ 2 (0.017%)      │ 0     │
└────────┴────────┴───────────────────────┴─────────────────┴───────┘
