Starting load test with 2 video publishers, 2 subscribers, room: ceil-04-1785984029-12367
publishing simulcast video track - xivjv_pub_1
publishing simulcast video track - xivjv_pub_0
Finished connecting to room, waiting 30s
subscribed to track xivjv_3 TR_VC6JSc4DKRTu2k video 1/2
subscribed to track xivjv_2 TR_VC6JSc4DKRTu2k video 1/2
subscribed to track xivjv_2 TR_VCJ85bfFuh3Jfv video 2/2
subscribed to track xivjv_3 TR_VCJ85bfFuh3Jfv video 2/2

Track loading:
┌────────┬───────────────────┬───────┬───────┬───────────┬───────────┐
│ Tester │ Track             │ Kind  │ Pkts. │ Bitrate   │ Pkt. Loss │
├────────┼───────────────────┼───────┼───────┼───────────┼───────────┤
│ Sub 0  │ TR_VC6JSc4DKRTu2k │ video │ 4445  │ 1.3mbps   │ 0 (0%)    │
│        │ TR_VCJ85bfFuh3Jfv │ video │ 1444  │ 401.4kbps │ 0 (0%)    │
│        │                   │       │       │           │           │
│ Sub 1  │ TR_VC6JSc4DKRTu2k │ video │ 4445  │ 1.3mbps   │ 0 (0%)    │
│        │ TR_VCJ85bfFuh3Jfv │ video │ 1444  │ 401.5kbps │ 0 (0%)    │
└────────┴───────────────────┴───────┴───────┴───────────┴───────────┘

Subscriber summaries:
┌────────┬────────┬───────────────────────┬─────────────────┬───────┐
│ Tester │ Tracks │ Bitrate               │ Total Pkt. Loss │ Error │
├────────┼────────┼───────────────────────┼─────────────────┼───────┤
│ Sub 0  │ 2/2    │ 1.7mbps               │ 0 (0%)          │ -     │
│ Sub 1  │ 2/2    │ 1.7mbps               │ 0 (0%)          │ -     │
│ Total  │ 4/4    │ 3.3mbps (1.7mbps avg) │ 0 (0%)          │ 0     │
└────────┴────────┴───────────────────────┴─────────────────┴───────┘
