Starting load test with 2 video publishers, 2 subscribers, room: ceil-02-1785984029-18619
publishing simulcast video track - vqzix_pub_1
publishing simulcast video track - vqzix_pub_0
Finished connecting to room, waiting 30s
subscribed to track vqzix_2 TR_VC8qEF9R3HgRXG video 1/1
subscribed to track vqzix_3 TR_VC8qEF9R3HgRXG video 1/2
subscribed to track vqzix_2 TR_VCwGdJTZ7o535N video 2/2
subscribed to track vqzix_3 TR_VCwGdJTZ7o535N video 2/2

Track loading:
┌────────┬───────────────────┬───────┬───────┬───────────┬────────────┐
│ Tester │ Track             │ Kind  │ Pkts. │ Bitrate   │ Pkt. Loss  │
├────────┼───────────────────┼───────┼───────┼───────────┼────────────┤
│ Sub 0  │ TR_VCwGdJTZ7o535N │ video │ 1446  │ 401.2kbps │ 0 (0%)     │
│        │ TR_VC8qEF9R3HgRXG │ video │ 4394  │ 1.3mbps   │ 1 (0.023%) │
│        │                   │       │       │           │            │
│ Sub 1  │ TR_VC8qEF9R3HgRXG │ video │ 4392  │ 1.3mbps   │ 1 (0.023%) │
│        │ TR_VCwGdJTZ7o535N │ video │ 1445  │ 401.8kbps │ 0 (0%)     │
└────────┴───────────────────┴───────┴───────┴───────────┴────────────┘

Subscriber summaries:
┌────────┬────────┬───────────────────────┬─────────────────┬───────┐
│ Tester │ Tracks │ Bitrate               │ Total Pkt. Loss │ Error │
├────────┼────────┼───────────────────────┼─────────────────┼───────┤
│ Sub 0  │ 2/2    │ 1.6mbps               │ 1 (0.017%)      │ -     │
│ Sub 1  │ 2/2    │ 1.7mbps               │ 1 (0.017%)      │ -     │
│ Total  │ 4/4    │ 3.3mbps (1.6mbps avg) │ 2 (0.017%)      │ 0     │
└────────┴────────┴───────────────────────┴─────────────────┴───────┘
