Starting load test with 2 video publishers, 2 subscribers, room: ceil-00-1785984067-27189
publishing simulcast video track - gvhak_pub_1
publishing simulcast video track - gvhak_pub_0
Finished connecting to room, waiting 30s
subscribed to track gvhak_3 TR_VCHf24JCgWp3Sv video 1/2
subscribed to track gvhak_2 TR_VCHf24JCgWp3Sv video 1/2
subscribed to track gvhak_2 TR_VCUtmgrno5wJzF video 2/2
subscribed to track gvhak_3 TR_VCUtmgrno5wJzF video 2/2

Track loading:
┌────────┬───────────────────┬───────┬───────┬───────────┬───────────┐
│ Tester │ Track             │ Kind  │ Pkts. │ Bitrate   │ Pkt. Loss │
├────────┼───────────────────┼───────┼───────┼───────────┼───────────┤
│ Sub 0  │ TR_VCHf24JCgWp3Sv │ video │ 4454  │ 1.3mbps   │ 0 (0%)    │
│        │ TR_VCUtmgrno5wJzF │ video │ 1440  │ 405.6kbps │ 0 (0%)    │
│        │                   │       │       │           │           │
│ Sub 1  │ TR_VCHf24JCgWp3Sv │ video │ 4455  │ 1.3mbps   │ 0 (0%)    │
│        │ TR_VCUtmgrno5wJzF │ video │ 1440  │ 405.7kbps │ 0 (0%)    │
└────────┴───────────────────┴───────┴───────┴───────────┴───────────┘

Subscriber summaries:
┌────────┬────────┬───────────────────────┬─────────────────┬───────┐
│ Tester │ Tracks │ Bitrate               │ Total Pkt. Loss │ Error │
├────────┼────────┼───────────────────────┼─────────────────┼───────┤
│ Sub 0  │ 2/2    │ 1.7mbps               │ 0 (0%)          │ -     │
│ Sub 1  │ 2/2    │ 1.7mbps               │ 0 (0%)          │ -     │
│ Total  │ 4/4    │ 3.4mbps (1.7mbps avg) │ 0 (0%)          │ 0     │
└────────┴────────┴───────────────────────┴─────────────────┴───────┘
