Starting load test with 2 video publishers, 2 subscribers, room: ceil-06-1785984068-10515
publishing simulcast video track - mgzyi_pub_0
subscribed to track mgzyi_3 TR_VCtF8XWpZZXLJy video 1/1
subscribed to track mgzyi_2 TR_VCtF8XWpZZXLJy video 1/1
could not connect Pub 1: could not connect after timeout
Finished connecting to room, waiting 30s

Track loading:
┌────────┬───────────────────┬───────┬───────┬─────────┬───────────┐
│ Tester │ Track             │ Kind  │ Pkts. │ Bitrate │ Pkt. Loss │
├────────┼───────────────────┼───────┼───────┼─────────┼───────────┤
│ Sub 0  │ TR_VCtF8XWpZZXLJy │ video │ 18101 │ 1.4mbps │ 0 (0%)    │
│        │                   │       │       │         │           │
│ Sub 1  │ TR_VCtF8XWpZZXLJy │ video │ 18101 │ 1.4mbps │ 0 (0%)    │
└────────┴───────────────────┴───────┴───────┴─────────┴───────────┘

Subscriber summaries:
┌────────┬────────┬───────────────────────┬─────────────────┬───────┐
│ Tester │ Tracks │ Bitrate               │ Total Pkt. Loss │ Error │
├────────┼────────┼───────────────────────┼─────────────────┼───────┤
│ Sub 0  │ 1/2    │ 1.4mbps               │ 0 (0%)          │ -     │
│ Sub 1  │ 1/2    │ 1.4mbps               │ 0 (0%)          │ -     │
│ Total  │ 2/4    │ 2.8mbps (1.4mbps avg) │ 0 (0%)          │ 0     │
└────────┴────────┴───────────────────────┴─────────────────┴───────┘
