pc ERROR: 2026/08/06 09:41:24 dropping candidate with ufrag tjzYLkhTICmEyhfx because it doesn't match the current ufrags
pc ERROR: 2026/08/06 09:41:24 dropping candidate with ufrag tjzYLkhTICmEyhfx because it doesn't match the current ufrags
pc ERROR: 2026/08/06 09:41:24 dropping candidate with ufrag jWrYZuYcCUJwwGbE because it doesn't match the current ufrags
pc ERROR: 2026/08/06 09:41:24 dropping candidate with ufrag jWrYZuYcCUJwwGbE because it doesn't match the current ufrags
pc ERROR: 2026/08/06 09:41:56 dropping candidate with ufrag PVujWhJGlUmauovY because it doesn't match the current ufrags
pc ERROR: 2026/08/06 09:41:56 dropping candidate with ufrag PVujWhJGlUmauovY because it doesn't match the current ufrags
pc ERROR: 2026/08/06 09:41:57 dropping candidate with ufrag sDZkLxmoETZRIbdS because it doesn't match the current ufrags
pc ERROR: 2026/08/06 09:41:57 dropping candidate with ufrag sDZkLxmoETZRIbdS because it doesn't match the current ufrags
pc ERROR: 2026/08/06 09:42:11 dropping candidate with ufrag bJQmLKMJdmGkoOgR because it doesn't match the current ufrags
pc ERROR: 2026/08/06 09:42:11 dropping candidate with ufrag bJQmLKMJdmGkoOgR because it doesn't match the current ufrags
pc ERROR: 2026/08/06 09:42:13 dropping candidate with ufrag JaHKkNPWVESFeRRa because it doesn't match the current ufrags
pc ERROR: 2026/08/06 09:42:13 dropping candidate with ufrag JaHKkNPWVESFeRRa because it doesn't match the current ufrags
pc ERROR: 2026/08/06 09:42:29 dropping candidate with ufrag SowJbhhVkHItmYqN because it doesn't match the current ufrags
pc ERROR: 2026/08/06 09:42:29 dropping candidate with ufrag SowJbhhVkHItmYqN because it doesn't match the current ufrags
pc ERROR: 2026/08/06 09:42:45 dropping candidate with ufrag tqsmogcJjcnPtkdB because it doesn't match the current ufrags
pc ERROR: 2026/08/06 09:42:45 dropping candidate with ufrag tqsmogcJjcnPtkdB because it doesn't match the current ufrags
pc ERROR: 2026/08/06 09:43:01 dropping candidate with ufrag ONAlMhbHaOVjnPFX because it doesn't match the current ufrags
pc ERROR: 2026/08/06 09:43:01 dropping candidate with ufrag ONAlMhbHaOVjnPFX because it doesn't match the current ufrags
pc ERROR: 2026/08/06 09:43:17 dropping candidate with ufrag MadXFrlooKXioAzz because it doesn't match the current ufrags
pc ERROR: 2026/08/06 09:43:17 dropping candidate with ufrag MadXFrlooKXioAzz because it doesn't match the current ufrags
pc ERROR: 2026/08/06 09:43:33 dropping candidate with ufrag iduDiyNYFSvhnzjs because it doesn't match the current ufrags
pc ERROR: 2026/08/06 09:43:33 dropping candidate with ufrag iduDiyNYFSvhnzjs because it doesn't match the current ufrags
