Starting load test with 2 video publishers, 2 subscribers, room: ceil-03-1785984068-5926
publishing simulcast video track - gpsuc_pub_0
publishing simulcast video track - gpsuc_pub_1
Finished connecting to room, waiting 30s
subscribed to track gpsuc_2 TR_VCXoFQBoMWLHg2 video 1/2
subscribed to track gpsuc_3 TR_VCXoFQBoMWLHg2 video 1/2
subscribed to track gpsuc_3 TR_VCYa9y82fJ9eZs video 2/2
subscribed to track gpsuc_2 TR_VCYa9y82fJ9eZs video 2/2

Track loading:
┌────────┬───────────────────┬───────┬───────┬───────────┬───────────┐
│ Tester │ Track             │ Kind  │ Pkts. │ Bitrate   │ Pkt. Loss │
├────────┼───────────────────┼───────┼───────┼───────────┼───────────┤
│ Sub 0  │ TR_VCYa9y82fJ9eZs │ video │ 1440  │ 405.1kbps │ 0 (0%)    │
│        │ TR_VCXoFQBoMWLHg2 │ video │ 4388  │ 1.3mbps   │ 0 (0%)    │
│        │                   │       │       │           │           │
│ Sub 1  │ TR_VCYa9y82fJ9eZs │ video │ 1441  │ 404.6kbps │ 0 (0%)    │
│        │ TR_VCXoFQBoMWLHg2 │ video │ 4388  │ 1.3mbps   │ 0 (0%)    │
└────────┴───────────────────┴───────┴───────┴───────────┴───────────┘

Subscriber summaries:
┌────────┬────────┬───────────────────────┬─────────────────┬───────┐
│ Tester │ Tracks │ Bitrate               │ Total Pkt. Loss │ Error │
├────────┼────────┼───────────────────────┼─────────────────┼───────┤
│ Sub 0  │ 2/2    │ 1.7mbps               │ 0 (0%)          │ -     │
│ Sub 1  │ 2/2    │ 1.7mbps               │ 0 (0%)          │ -     │
│ Total  │ 4/4    │ 3.3mbps (1.7mbps avg) │ 0 (0%)          │ 0     │
└────────┴────────┴───────────────────────┴─────────────────┴───────┘
