Starting load test with 2 video publishers, 2 subscribers, room: ceil-05-1785984068-18003
publishing simulcast video track - cywcz_pub_0
publishing simulcast video track - cywcz_pub_1
Finished connecting to room, waiting 30s
subscribed to track cywcz_3 TR_VCG5k8YuFCn4mF video 1/2
subscribed to track cywcz_2 TR_VCG5k8YuFCn4mF video 1/2
subscribed to track cywcz_3 TR_VCcvYFUvfp79Yf video 2/2
subscribed to track cywcz_2 TR_VCcvYFUvfp79Yf video 2/2

Track loading:
┌────────┬───────────────────┬───────┬───────┬───────────┬───────────┐
│ Tester │ Track             │ Kind  │ Pkts. │ Bitrate   │ Pkt. Loss │
├────────┼───────────────────┼───────┼───────┼───────────┼───────────┤
│ Sub 0  │ TR_VCcvYFUvfp79Yf │ video │ 902   │ 241.2kbps │ 0 (0%)    │
│        │ TR_VCG5k8YuFCn4mF │ video │ 2534  │ 742.3kbps │ 0 (0%)    │
│        │                   │       │       │           │           │
│ Sub 1  │ TR_VCcvYFUvfp79Yf │ video │ 1112  │ 288.1kbps │ 0 (0%)    │
│        │ TR_VCG5k8YuFCn4mF │ video │ 5918  │ 1.7mbps   │ 0 (0%)    │
└────────┴───────────────────┴───────┴───────┴───────────┴───────────┘

Subscriber summaries:
┌────────┬────────┬───────────────────────┬─────────────────┬───────┐
│ Tester │ Tracks │ Bitrate               │ Total Pkt. Loss │ Error │
├────────┼────────┼───────────────────────┼─────────────────┼───────┤
│ Sub 0  │ 2/2    │ 981.8kbps             │ 0 (0%)          │ -     │
│ Sub 1  │ 2/2    │ 2.0mbps               │ 0 (0%)          │ -     │
│ Total  │ 4/4    │ 3.0mbps (1.5mbps avg) │ 0 (0%)          │ 0     │
└────────┴────────┴───────────────────────┴─────────────────┴───────┘
