Starting load test with 2 video publishers, 2 subscribers, room: ceil-04-1785984068-24611
publishing simulcast video track - okxxs_pub_0
publishing simulcast video track - okxxs_pub_1
subscribed to track okxxs_2 TR_VCBMFtAUVnMosq video 1/1
subscribed to track okxxs_2 TR_VChAoQhcU8tMwc video 2/2
Finished connecting to room, waiting 30s

Track loading:
┌────────┬───────────────────┬───────┬───────┬───────────┬────────────┐
│ Tester │ Track             │ Kind  │ Pkts. │ Bitrate   │ Pkt. Loss  │
├────────┼───────────────────┼───────┼───────┼───────────┼────────────┤
│ Sub 0  │ TR_VCBMFtAUVnMosq │ video │ 1918  │ 263.6kbps │ 1 (0.052%) │
│        │ TR_VChAoQhcU8tMwc │ video │ 31    │ 8.7kbps   │ 0 (0%)     │
│        │                   │       │       │           │            │
└────────┴───────────────────┴───────┴───────┴───────────┴────────────┘

Subscriber summaries:
┌────────┬────────┬───────────────────────────┬─────────────────┬───────┐
│ Tester │ Tracks │ Bitrate                   │ Total Pkt. Loss │ Error │
├────────┼────────┼───────────────────────────┼─────────────────┼───────┤
│ Sub 0  │ 2/2    │ 268.1kbps                 │ 1 (0.051%)      │ -     │
│ Sub 1  │ 0/2    │ NaNmbps                   │  -              │ -     │
│ Total  │ 2/4    │ 268.1kbps (134.0kbps avg) │ 1 (0.051%)      │ 0     │
└────────┴────────┴───────────────────────────┴─────────────────┴───────┘
