Starting load test with 2 video publishers, 2 subscribers, room: ceil-01-1785984067-3087
publishing simulcast video track - lsnha_pub_1
publishing simulcast video track - lsnha_pub_0
Finished connecting to room, waiting 30s
subscribed to track lsnha_2 TR_VCkcYr2mSfrp89 video 1/1
subscribed to track lsnha_3 TR_VCkcYr2mSfrp89 video 1/2
subscribed to track lsnha_3 TR_VCWpjM2aE7uK6u video 2/2
subscribed to track lsnha_2 TR_VCWpjM2aE7uK6u video 2/2

Track loading:
┌────────┬───────────────────┬───────┬───────┬───────────┬───────────┐
│ Tester │ Track             │ Kind  │ Pkts. │ Bitrate   │ Pkt. Loss │
├────────┼───────────────────┼───────┼───────┼───────────┼───────────┤
│ Sub 0  │ TR_VCkcYr2mSfrp89 │ video │ 4450  │ 1.3mbps   │ 0 (0%)    │
│        │ TR_VCWpjM2aE7uK6u │ video │ 1442  │ 405.1kbps │ 0 (0%)    │
│        │                   │       │       │           │           │
│ Sub 1  │ TR_VCkcYr2mSfrp89 │ video │ 4449  │ 1.3mbps   │ 0 (0%)    │
│        │ TR_VCWpjM2aE7uK6u │ video │ 1442  │ 404.4kbps │ 0 (0%)    │
└────────┴───────────────────┴───────┴───────┴───────────┴───────────┘

Subscriber summaries:
┌────────┬────────┬───────────────────────┬─────────────────┬───────┐
│ Tester │ Tracks │ Bitrate               │ Total Pkt. Loss │ Error │
├────────┼────────┼───────────────────────┼─────────────────┼───────┤
│ Sub 0  │ 2/2    │ 1.7mbps               │ 0 (0%)          │ -     │
│ Sub 1  │ 2/2    │ 1.7mbps               │ 0 (0%)          │ -     │
│ Total  │ 4/4    │ 3.4mbps (1.7mbps avg) │ 0 (0%)          │ 0     │
└────────┴────────┴───────────────────────┴─────────────────┴───────┘
