Starting load test with 2 video publishers, 2 subscribers, room: ceil-02-1785984067-25829
publishing simulcast video track - cyzbu_pub_0
publishing simulcast video track - cyzbu_pub_1
Finished connecting to room, waiting 30s
subscribed to track cyzbu_3 TR_VCatyLttVBjTam video 1/2
subscribed to track cyzbu_2 TR_VCatyLttVBjTam video 1/2
subscribed to track cyzbu_2 TR_VCL98BgtpcVqov video 2/2
subscribed to track cyzbu_3 TR_VCL98BgtpcVqov video 2/2

Track loading:
┌────────┬───────────────────┬───────┬───────┬───────────┬───────────┐
│ Tester │ Track             │ Kind  │ Pkts. │ Bitrate   │ Pkt. Loss │
├────────┼───────────────────┼───────┼───────┼───────────┼───────────┤
│ Sub 0  │ TR_VCatyLttVBjTam │ video │ 4453  │ 1.3mbps   │ 0 (0%)    │
│        │ TR_VCL98BgtpcVqov │ video │ 1440  │ 405.5kbps │ 0 (0%)    │
│        │                   │       │       │           │           │
│ Sub 1  │ TR_VCatyLttVBjTam │ video │ 4453  │ 1.3mbps   │ 0 (0%)    │
│        │ TR_VCL98BgtpcVqov │ video │ 1440  │ 406.1kbps │ 0 (0%)    │
└────────┴───────────────────┴───────┴───────┴───────────┴───────────┘

Subscriber summaries:
┌────────┬────────┬───────────────────────┬─────────────────┬───────┐
│ Tester │ Tracks │ Bitrate               │ Total Pkt. Loss │ Error │
├────────┼────────┼───────────────────────┼─────────────────┼───────┤
│ Sub 0  │ 2/2    │ 1.7mbps               │ 0 (0%)          │ -     │
│ Sub 1  │ 2/2    │ 1.7mbps               │ 0 (0%)          │ -     │
│ Total  │ 4/4    │ 3.4mbps (1.7mbps avg) │ 0 (0%)          │ 0     │
└────────┴────────┴───────────────────────┴─────────────────┴───────┘
